--------- beginning of events
I/dvm_lock_sample(  543): [system_server,0,android.fg,405,PackageManagerService.java,1182,com.android.server.pm.Computer com.android.server.pm.PackageManagerService.snapshotComputer(boolean),-,7717,com.android.server.pm.pkg.mutate.PackageStateMutator$Result com.android.server.pm.PackageManagerService.commitPackageStateMutation(com.android.server.pm.pkg.mutate.PackageStateMutator$InitialState, java.util.function.Consumer),81]
I/pm_snapshot_rebuild(  543): [281,980]
I/dvm_lock_sample(  543): [system_server,0,SdkSandboxManagerServiceHandler,783,PackageManagerService.java,1169,com.android.server.pm.Computer com.android.server.pm.PackageManagerService.snapshotComputer(boolean),-,1195,com.android.server.pm.Computer com.android.server.pm.PackageManagerService.snapshotComputer(boolean),100]
I/dvm_lock_sample(  543): [system_server,0,main,815,PackageManagerService.java,1169,com.android.server.pm.Computer com.android.server.pm.PackageManagerService.snapshotComputer(boolean),-,1195,com.android.server.pm.Computer com.android.server.pm.PackageManagerService.snapshotComputer(boolean),100]
I/dvm_lock_sample(  543): [system_server,0,NetworkPolicy,863,PackageManagerService.java,1169,com.android.server.pm.Computer com.android.server.pm.PackageManagerService.snapshotComputer(boolean),-,1195,com.android.server.pm.Computer com.android.server.pm.PackageManagerService.snapshotComputer(boolean),100]
I/dvm_lock_sample(  543): [system_server,1,ActivityManager,922,PackageManagerService.java,1169,com.android.server.pm.Computer com.android.server.pm.PackageManagerService.snapshotComputer(boolean),-,1195,com.android.server.pm.Computer com.android.server.pm.PackageManagerService.snapshotComputer(boolean),100]
I/dvm_lock_sample(  543): [system_server,0,com.android.permission.util.ForegroundThread,956,PackageManagerService.java,1169,com.android.server.pm.Computer com.android.server.pm.PackageManagerService.snapshotComputer(boolean),-,1195,com.android.server.pm.Computer com.android.server.pm.PackageManagerService.snapshotComputer(boolean),100]
I/dvm_lock_sample(  543): [system_server,1,binder:543_20,913,PackageManagerService.java,1169,com.android.server.pm.Computer com.android.server.pm.PackageManagerService.snapshotComputer(boolean),-,1195,com.android.server.pm.Computer com.android.server.pm.PackageManagerService.snapshotComputer(boolean),100]
I/dvm_lock_sample(  543): [system_server,0,binder:543_9,1767,ActivityManagerService.java,15434,void com.android.server.am.ActivityManagerService.finishReceiver(android.os.IBinder, int, java.lang.String, android.os.Bundle, boolean, int),BroadcastQueueModernImpl.java,551,void com.android.server.am.BroadcastQueueModernImpl.checkPendingColdStartValidity(),100]
I/dvm_lock_sample(  543): [system_server,0,android.fg,493,ActivityManagerService.java,18079,int com.android.server.am.ActivityManagerService$LocalService.broadcastIntent(android.content.Intent, android.content.IIntentReceiver, java.lang.String[], boolean, int, int[], java.util.function.BiFunction, android.os.Bundle),BroadcastQueueModernImpl.java,551,void com.android.server.am.BroadcastQueueModernImpl.checkPendingColdStartValidity(),98]
I/dvm_lock_sample(  543): [system_server,0,android.bg,550,PackageManagerService.java,1169,com.android.server.pm.Computer com.android.server.pm.PackageManagerService.snapshotComputer(boolean),-,1195,com.android.server.pm.Computer com.android.server.pm.PackageManagerService.snapshotComputer(boolean),100]
I/dvm_lock_sample(  543): [system_server,0,android.fg,110,PermissionManagerServiceImpl.java,972,int com.android.server.pm.permission.PermissionManagerServiceImpl.checkPermissionInternal(com.android.server.pm.pkg.AndroidPackage, boolean, java.lang.String, int),-,879,void com.android.server.pm.permission.PermissionManagerServiceImpl.updatePermissionFlagsInternal(java.lang.String, java.lang.String, int, int, int, int, boolean, com.android.server.pm.permission.PermissionManagerServiceImpl$PermissionCallback),22]
I/am_uid_running(  543): 10091
I/dvm_lock_sample(  543): [system_server,1,binder:543_18,209,PermissionManagerServiceImpl.java,972,int com.android.server.pm.permission.PermissionManagerServiceImpl.checkPermissionInternal(com.android.server.pm.pkg.AndroidPackage, boolean, java.lang.String, int),-,5203,java.util.Set com.android.server.pm.permission.PermissionManagerServiceImpl.getInstalledPermissions(java.lang.String),41]
I/dvm_lock_sample(  543): [system_server,0,binder:543_9,393,ActivityManagerService.java,3820,void com.android.server.am.ActivityManagerService.forceStopPackage(java.lang.String, int, int),BroadcastQueueModernImpl.java,559,void com.android.server.am.BroadcastQueueModernImpl.checkPendingColdStartValidity(),78]
I/dvm_lock_sample(  543): [system_server,0,android.bg,664,ActivityManagerService.java,15321,int com.android.server.am.ActivityManagerService.broadcastIntentWithFeature(android.app.IApplicationThread, java.lang.String, android.content.Intent, java.lang.String, android.content.IIntentReceiver, int, java.lang.String, android.os.Bundle, java.lang.String[], java.lang.String[], java.lang.String[], int, android.os.Bundle, boolean, boolean, int),,0,null,100]
I/dvm_lock_sample(  543): [system_server,1,binder:543_18,672,ContentProviderHelper.java,174,android.app.ContentProviderHolder com.android.server.am.ContentProviderHelper.getContentProviderImpl(android.app.IApplicationThread, java.lang.String, android.os.IBinder, int, java.lang.String, java.lang.String, boolean, int),,0,null,100]
I/am_uid_active(  543): 10121
I/am_unfreeze(  543): [1640,com.google.android.apps.wellbeing,7]
I/dvm_lock_sample(  543): [system_server,0,appscheduling.default,861,QuotaController.java,2656,void com.android.server.job.controllers.QuotaController$QcHandler.handleMessage(android.os.Message),JobSchedulerService.java,3113,void com.android.server.job.JobSchedulerService.onControllerStateChanged(android.util.ArraySet),100]
I/dvm_lock_sample(  543): [system_server,1,ActivityManager:procStart,1615,ProcessList.java,2074,void com.android.server.am.ProcessList.lambda$handleProcessStart$1(com.android.server.am.ProcessRecord, java.lang.String, int[], int, int, int, java.lang.String, java.lang.String, java.lang.String, long),,0,null,100]
I/service_manager_slow(  978): [30,carrier_config]
I/dvm_lock_sample(  543): [system_server,0,main,207,DefaultDialerCache.java,88,void com.android.server.telecom.DefaultDialerCache$1.onReceive(android.content.Context, android.content.Intent),TelecomServiceImpl.java,384,android.content.pm.ParceledListSlice com.android.server.telecom.TelecomServiceImpl$1.getCallCapablePhoneAccounts(boolean, java.lang.String, java.lang.String),41]
I/am_proc_start(  543): [0,5496,10091,com.google.android.packageinstaller,broadcast,{com.google.android.packageinstaller/com.android.packageinstaller.PackageInstalledReceiver}]
I/wm_task_created(  543): 15
I/wm_set_resumed_activity(  543): [0,com.google.android.apps.nexuslauncher/.NexusLauncherActivity,addChildTask]
I/wm_on_top_resumed_gained_called( 1009): [160791333,com.google.android.apps.nexuslauncher.NexusLauncherActivity,topStateChangedWhenResumed]
I/wm_task_moved(  543): [15,15,0,1,2]
I/wm_task_to_front(  543): [0,15,0]
I/wm_on_top_resumed_lost_called( 1009): [160791333,com.google.android.apps.nexuslauncher.NexusLauncherActivity,topStateChangedWhenResumed]
I/wm_create_task(  543): [0,15,15,0]
I/wm_create_activity(  543): [0,90775350,15,com.admin9.app.foundation/.MainActivity,NULL,NULL,NULL,268435456]
I/wm_task_moved(  543): [15,15,0,1,2]
I/wm_pause_activity(  543): [0,160791333,com.google.android.apps.nexuslauncher/.NexusLauncherActivity,userLeaving=true,pauseBackTasks]
I/dvm_lock_sample(  543): [system_server,1,ActivityManager:procStart,2046,ActivityTaskManagerService.java,6104,void com.android.server.wm.ActivityTaskManagerService$LocalService.onProcessMapped(int, com.android.server.wm.WindowProcessController),Object.java,-2,void java.lang.Object.wait(long, int),100]
I/dvm_lock_sample(  543): [system_server,0,binder:543_A,3702,ActivityManagerService.java,13459,void com.android.server.am.ActivityManagerService.serviceDoneExecuting(android.os.IBinder, int, int, int),,0,null,100]
I/dvm_lock_sample(  543): [system_server,1,ActivityManager,3667,BroadcastQueueModernImpl.java,389,void com.android.server.am.BroadcastQueueModernImpl.updateRunningList(),,0,null,100]
I/dvm_lock_sample(  543): [system_server,1,android.anim,759,WindowAnimator.java,97,void com.android.server.wm.WindowAnimator.lambda$new$1(long),Object.java,-2,void java.lang.Object.wait(long, int),100]
I/dvm_lock_sample(  543): [system_server,1,binder:543_7,676,ActivityClientController.java,203,void com.android.server.wm.ActivityClientController.activityTopResumedStateLost(),Object.java,-2,void java.lang.Object.wait(long, int),100]
I/notification_cancel_all(  543): [1000,543,com.admin9.app.foundation,0,0,0,5,NULL]
I/wm_on_paused_called( 1009): [160791333,com.google.android.apps.nexuslauncher.NexusLauncherActivity,performPause,97]
I/wm_add_to_stopping(  543): [0,160791333,com.google.android.apps.nexuslauncher/.NexusLauncherActivity,makeInvisible]
I/sysui_multi_action(  543): [757,803,799,window_time_0,802,88]
I/dvm_lock_sample(  543): [system_server,1,binder:543_3,4267,ActivityManagerService.java,13439,void com.android.server.am.ActivityManagerService.publishService(android.os.IBinder, android.content.Intent, android.os.IBinder),,0,null,100]
I/dvm_lock_sample(  543): [system_server,1,android.display,4173,ActivityManagerService.java,16728,void com.android.server.am.ActivityManagerService.trimApplications(boolean, int),,0,null,100]
I/dvm_lock_sample(  543): [system_server,1,android.ui,4143,BroadcastQueueModernImpl.java,1604,void com.android.server.am.BroadcastQueueModernImpl$1.onUidStateChanged(int, int, long, int),,0,null,100]
I/dvm_lock_sample(  543): [system_server,1,binder:543_5,3234,ActivityManagerService.java,13425,boolean com.android.server.am.ActivityManagerService.unbindService(android.app.IServiceConnection),,0,null,100]
I/dvm_lock_sample(  543): [system_server,1,binder:543_18,2072,ActivityManagerService.java,13189,android.content.ComponentName com.android.server.am.ActivityManagerService.startService(android.app.IApplicationThread, android.content.Intent, java.lang.String, boolean, java.lang.String, java.lang.String, int, boolean, int, java.lang.String, java.lang.String),,0,null,100]
I/dvm_lock_sample(  543): [system_server,1,binder:543_16,2258,ActivityManagerService.java,13189,android.content.ComponentName com.android.server.am.ActivityManagerService.startService(android.app.IApplicationThread, android.content.Intent, java.lang.String, boolean, java.lang.String, java.lang.String, int, boolean, int, java.lang.String, java.lang.String),,0,null,100]
I/am_unfreeze(  543): [1660,com.google.android.gms,6]
I/dvm_lock_sample(  543): [system_server,1,binder:543_7,455,WindowManagerService.java,1452,int com.android.server.wm.WindowManagerService.addWindow(com.android.server.wm.Session, android.view.IWindow, android.view.WindowManager$LayoutParams, int, int, int, int, android.view.InputChannel, android.view.InsetsState, android.view.InsetsSourceControl$Array, android.graphics.Rect, float[]),ActivityClientController.java,219,void com.android.server.wm.ActivityClientController.activityPaused(android.os.IBinder),91]
I/dvm_lock_sample(  543): [system_server,1,android.anim,381,InputMonitor.java,121,void com.android.server.wm.InputMonitor$UpdateInputWindows.run(),ActivityClientController.java,219,void com.android.server.wm.ActivityClientController.activityPaused(android.os.IBinder),76]
I/dvm_lock_sample(  543): [system_server,0,android.perm,124,LocalServices.java,46,java.lang.Object com.android.server.LocalServices.getService(java.lang.Class),-,47,java.lang.Object com.android.server.LocalServices.getService(java.lang.Class),24]
I/dvm_lock_sample(  543): [system_server,1,binder:543_20,985,ActivityManagerService.java,7880,void com.android.server.am.ActivityManagerService.setHasTopUi(boolean),,0,null,100]
I/dvm_lock_sample(  543): [system_server,1,binder:543_15,4763,ActivityManagerService.java,13403,int com.android.server.am.ActivityManagerService.bindServiceInstance(android.app.IApplicationThread, android.os.IBinder, android.content.Intent, java.lang.String, android.app.IServiceConnection, long, java.lang.String, boolean, int, java.lang.String, android.app.IApplicationThread, java.lang.String, int),,0,null,100]
I/input_focus(  543): [Focus leaving 5ed918d com.google.android.apps.nexuslauncher/com.google.android.apps.nexuslauncher.NexusLauncherActivity (server),reason=NO_WINDOW]
I/dvm_lock_sample(  543): [system_server,1,binder:543_5,1252,ActivityManagerService.java,4809,void com.android.server.am.ActivityManagerService.attachApplication(android.app.IApplicationThread, long),,0,null,100]
I/am_proc_bound(  543): [0,5496,com.google.android.packageinstaller]
I/service_manager_slow( 1897): [282,virtualdevice]
I/dvm_lock_sample(  543): [system_server,1,ActivityManager,1610,BroadcastQueueModernImpl.java,293,boolean com.android.server.am.BroadcastQueueModernImpl.lambda$new$0(android.os.Message),,0,null,100]
I/dvm_lock_sample(  543): [system_server,1,binder:543_2,1609,ActivityManagerService.java,14086,void com.android.server.am.ActivityManagerService.unregisterReceiver(android.content.IIntentReceiver),,0,null,100]
I/dvm_lock_sample(  543): [system_server,0,binder:543_6,1629,ActivityManagerService.java,15434,void com.android.server.am.ActivityManagerService.finishReceiver(android.os.IBinder, int, java.lang.String, android.os.Bundle, boolean, int),,0,null,100]
I/dvm_lock_sample(  543): [system_server,1,binder:543_7,1139,ActivityManagerService.java,13403,int com.android.server.am.ActivityManagerService.bindServiceInstance(android.app.IApplicationThread, android.os.IBinder, android.content.Intent, java.lang.String, android.app.IServiceConnection, long, java.lang.String, boolean, int, java.lang.String, android.app.IApplicationThread, java.lang.String, int),,0,null,100]
I/dvm_lock_sample(  543): [system_server,1,binder:543_F,803,ActivityManagerService.java,13189,android.content.ComponentName com.android.server.am.ActivityManagerService.startService(android.app.IApplicationThread, android.content.Intent, java.lang.String, boolean, java.lang.String, java.lang.String, int, boolean, int, java.lang.String, java.lang.String),,0,null,100]
I/dvm_lock_sample(  543): [system_server,1,binder:543_18,1340,ActivityManagerService.java,15321,int com.android.server.am.ActivityManagerService.broadcastIntentWithFeature(android.app.IApplicationThread, java.lang.String, android.content.Intent, java.lang.String, android.content.IIntentReceiver, int, java.lang.String, android.os.Bundle, java.lang.String[], java.lang.String[], java.lang.String[], int, android.os.Bundle, boolean, boolean, int),,0,null,100]
I/dvm_lock_sample(  543): [system_server,1,binder:543_16,1021,ActivityManagerService.java,13189,android.content.ComponentName com.android.server.am.ActivityManagerService.startService(android.app.IApplicationThread, android.content.Intent, java.lang.String, boolean, java.lang.String, java.lang.String, int, boolean, int, java.lang.String, java.lang.String),,0,null,100]
I/dvm_lock_sample(  543): [system_server,1,android.display,1829,ActivityManagerService.java,18360,void com.android.server.am.ActivityManagerService$LocalService.startProcess(java.lang.String, android.content.pm.ApplicationInfo, boolean, boolean, java.lang.String, android.content.ComponentName),,0,null,100]
I/am_uid_running(  543): 10193
I/dvm_lock_sample(  543): [system_server,0,binder:543_6,240,ActivityManagerService.java,13459,void com.android.server.am.ActivityManagerService.serviceDoneExecuting(android.os.IBinder, int, int, int),-,13195,android.content.ComponentName com.android.server.am.ActivityManagerService.startService(android.app.IApplicationThread, android.content.Intent, java.lang.String, boolean, java.lang.String, java.lang.String, int, boolean, int, java.lang.String, java.lang.String),48]
I/service_manager_slow( 1660): [675,virtualdevice]
I/dvm_lock_sample(  873): [com.google.android.permissioncon,1,main,749,MessageQueue.java,337,android.os.Message android.os.MessageQueue.next(),-,600,boolean android.os.MessageQueue.enqueueMessage(android.os.Message, long),100]
I/wm_wallpaper_surface(  543): [0,0,Window{5ed918d u0 com.google.android.apps.nexuslauncher/com.google.android.apps.nexuslauncher.NexusLauncherActivity}]
I/dvm_lock_sample(  543): [system_server,1,NetworkPolicy.uid,475,ActivityManagerService.java,17733,void com.android.server.am.ActivityManagerService$LocalService.notifyNetworkPolicyRulesUpdated(int, long),OomAdjuster.java,570,void com.android.server.am.OomAdjuster.updateOomAdjLocked(int),95]
I/dvm_lock_sample(  543): [system_server,1,ActivityManager,492,BroadcastQueueModernImpl.java,293,boolean com.android.server.am.BroadcastQueueModernImpl.lambda$new$0(android.os.Message),ActivityManagerService.java,16730,void com.android.server.am.ActivityManagerService.trimApplications(boolean, int),98]
I/service_manager_slow( 5496): [94,content_capture]
I/am_proc_start(  543): [0,5518,10193,com.admin9.app.foundation,next-top-activity,{com.admin9.app.foundation/com.admin9.app.foundation.MainActivity}]
I/dvm_lock_sample(  543): [system_server,1,binder:543_16,958,ActivityTaskManagerService.java,2394,java.util.List com.android.server.wm.ActivityTaskManagerService.getTasks(int, boolean, boolean, int),-,3820,android.window.TaskSnapshot com.android.server.wm.ActivityTaskManagerService.takeTaskSnapshot(int, boolean),100]
I/dvm_lock_sample(  543): [system_server,1,ActivityManager:procStart,194,ActivityTaskManagerService.java,6104,void com.android.server.wm.ActivityTaskManagerService$LocalService.onProcessMapped(int, com.android.server.wm.WindowProcessController),-,3820,android.window.TaskSnapshot com.android.server.wm.ActivityTaskManagerService.takeTaskSnapshot(int, boolean),38]
I/service_manager_slow( 1362): [373,thermalservice]
I/dvm_lock_sample(  543): [system_server,0,binder:543_3,18,BinderCallsStats.java,304,void com.android.internal.os.BinderCallsStats.processCallEnded(com.android.internal.os.BinderInternal$CallSession, int, int, int),-,358,void com.android.internal.os.BinderCallsStats.processCallEnded(com.android.internal.os.BinderInternal$CallSession, int, int, int),3]
I/dvm_lock_sample(  543): [system_server,1,binder:543_3,61,ActivityTaskManagerService.java,2394,java.util.List com.android.server.wm.ActivityTaskManagerService.getTasks(int, boolean, boolean, int),WindowAnimator.java,103,void com.android.server.wm.WindowAnimator.lambda$new$1(long),12]
I/dvm_lock_sample( 1751): [com.google.android.googlequickse,1,Lite Thread #0,1473,PG,1,void com.google.android.libraries.search.assistant.fulfillment.server.l.o.run(),-,2,com.google.common.b.hc com.google.android.libraries.search.assistant.fulfillment.server.l.z.a(),100]
I/dvm_lock_sample(  543): [system_server,1,ActivityManager,169,BroadcastQueueModernImpl.java,293,boolean com.android.server.am.BroadcastQueueModernImpl.lambda$new$0(android.os.Message),ActivityManagerService.java,13195,android.content.ComponentName com.android.server.am.ActivityManagerService.startService(android.app.IApplicationThread, android.content.Intent, java.lang.String, boolean, java.lang.String, java.lang.String, int, boolean, int, java.lang.String, java.lang.String),33]
I/dvm_lock_sample(  543): [system_server,1,binder:543_D,169,ActivityManagerService.java,13189,android.content.ComponentName com.android.server.am.ActivityManagerService.startService(android.app.IApplicationThread, android.content.Intent, java.lang.String, boolean, java.lang.String, java.lang.String, int, boolean, int, java.lang.String, java.lang.String),-,13195,android.content.ComponentName com.android.server.am.ActivityManagerService.startService(android.app.IApplicationThread, android.content.Intent, java.lang.String, boolean, java.lang.String, java.lang.String, int, boolean, int, java.lang.String, java.lang.String),33]
I/dvm_lock_sample(  543): [system_server,1,binder:543_16,60,PermissionManagerServiceImpl.java,972,int com.android.server.pm.permission.PermissionManagerServiceImpl.checkPermissionInternal(com.android.server.pm.pkg.AndroidPackage, boolean, java.lang.String, int),-,879,void com.android.server.pm.permission.PermissionManagerServiceImpl.updatePermissionFlagsInternal(java.lang.String, java.lang.String, int, int, int, int, boolean, com.android.server.pm.permission.PermissionManagerServiceImpl$PermissionCallback),12]
I/am_proc_bound(  543): [0,5518,com.admin9.app.foundation]
I/wm_restart_activity(  543): [0,90775350,15,com.admin9.app.foundation/.MainActivity]
I/wm_set_resumed_activity(  543): [0,com.admin9.app.foundation/.MainActivity,minimalResumeActivityLocked - onActivityStateChanged]
I/dvm_lock_sample(  543): [system_server,0,android.bg,52,ActivityManagerService.java,15321,int com.android.server.am.ActivityManagerService.broadcastIntentWithFeature(android.app.IApplicationThread, java.lang.String, android.content.Intent, java.lang.String, android.content.IIntentReceiver, int, java.lang.String, android.os.Bundle, java.lang.String[], java.lang.String[], java.lang.String[], int, android.os.Bundle, boolean, boolean, int),-,4940,void com.android.server.am.ActivityManagerService.finishAttachApplicationInner(long, int, int),10]
I/am_uid_active(  543): 10193
I/dvm_lock_sample(  543): [system_server,1,NetworkPolicy.uid,56,ActivityManagerService.java,17733,void com.android.server.am.ActivityManagerService$LocalService.notifyNetworkPolicyRulesUpdated(int, long),OomAdjuster.java,609,boolean com.android.server.am.OomAdjuster.updateOomAdjLocked(com.android.server.am.ProcessRecord, int),11]
I/dvm_lock_sample(  543): [system_server,1,binder:543_18,60,ActivityManagerService.java,13189,android.content.ComponentName com.android.server.am.ActivityManagerService.startService(android.app.IApplicationThread, android.content.Intent, java.lang.String, boolean, java.lang.String, java.lang.String, int, boolean, int, java.lang.String, java.lang.String),-,13195,android.content.ComponentName com.android.server.am.ActivityManagerService.startService(android.app.IApplicationThread, android.content.Intent, java.lang.String, boolean, java.lang.String, java.lang.String, int, boolean, int, java.lang.String, java.lang.String),12]
I/dvm_lock_sample(  543): [system_server,1,ActivityManager,161,BroadcastQueueModernImpl.java,293,boolean com.android.server.am.BroadcastQueueModernImpl.lambda$new$0(android.os.Message),ActivityManagerService.java,13195,android.content.ComponentName com.android.server.am.ActivityManagerService.startService(android.app.IApplicationThread, android.content.Intent, java.lang.String, boolean, java.lang.String, java.lang.String, int, boolean, int, java.lang.String, java.lang.String),32]
I/dvm_lock_sample(  543): [system_server,0,binder:543_5,165,ActivityManagerService.java,13459,void com.android.server.am.ActivityManagerService.serviceDoneExecuting(android.os.IBinder, int, int, int),-,13195,android.content.ComponentName com.android.server.am.ActivityManagerService.startService(android.app.IApplicationThread, android.content.Intent, java.lang.String, boolean, java.lang.String, java.lang.String, int, boolean, int, java.lang.String, java.lang.String),33]
I/dvm_lock_sample(  543): [system_server,1,binder:543_16,287,ContentProviderHelper.java,174,android.app.ContentProviderHolder com.android.server.am.ContentProviderHelper.getContentProviderImpl(android.app.IApplicationThread, java.lang.String, android.os.IBinder, int, java.lang.String, java.lang.String, boolean, int),,0,null,57]
I/dvm_lock_sample(  543): [system_server,1,ActivityManager,122,BroadcastQueueModernImpl.java,293,boolean com.android.server.am.BroadcastQueueModernImpl.lambda$new$0(android.os.Message),,0,null,24]
I/dvm_lock_sample(  543): [system_server,0,binder:543_D,59,ActivityManagerService.java,13459,void com.android.server.am.ActivityManagerService.serviceDoneExecuting(android.os.IBinder, int, int, int),-,13404,int com.android.server.am.ActivityManagerService.bindServiceInstance(android.app.IApplicationThread, android.os.IBinder, android.content.Intent, java.lang.String, android.app.IServiceConnection, long, java.lang.String, boolean, int, java.lang.String, android.app.IApplicationThread, java.lang.String, int),11]
I/dvm_lock_sample( 1732): [com.google.android.as,0,aiai-vc-0,1613,PG,1,java.lang.Object erb.b(),-,2,java.lang.Object erb.b(),100]
I/auditd  ( 5518): type=1400 audit(0.0:39): avc:  denied  { read } for  comm=".app.foundation" name="max_map_count" dev="proc" ino=53408 scontext=u:r:untrusted_app:s0:c193,c256,c512,c768 tcontext=u:object_r:proc_max_map_count:s0 tclass=file permissive=0 app=com.admin9.app.foundation
I/dvm_lock_sample(  543): [system_server,1,ActivityManager,47,BroadcastQueueModernImpl.java,293,boolean com.android.server.am.BroadcastQueueModernImpl.lambda$new$0(android.os.Message),ActivityManagerService.java,13404,int com.android.server.am.ActivityManagerService.bindServiceInstance(android.app.IApplicationThread, android.os.IBinder, android.content.Intent, java.lang.String, android.app.IServiceConnection, long, java.lang.String, boolean, int, java.lang.String, android.app.IApplicationThread, java.lang.String, int),9]
I/service_manager_slow( 1660): [132,virtualdevice]
I/sysui_multi_action(  543): [757,1721,758,4,908,com.google.android.as/com.google.android.apps.miphone.aiai.app.AiAiAugmentedAutofillService,1722,5]
I/dvm_lock_sample(  543): [system_server,1,binder:543_7,15,BinderCallsStats.java,304,void com.android.internal.os.BinderCallsStats.processCallEnded(com.android.internal.os.BinderInternal$CallSession, int, int, int),-,358,void com.android.internal.os.BinderCallsStats.processCallEnded(com.android.internal.os.BinderInternal$CallSession, int, int, int),3]
I/wm_on_create_called( 5518): [90775350,com.admin9.app.foundation.MainActivity,performCreate,2525]
I/wm_on_start_called( 5518): [90775350,com.admin9.app.foundation.MainActivity,handleStartActivity,0]
I/dvm_lock_sample(  543): [system_server,1,binder:543_18,30,ActivityManagerService.java,13189,android.content.ComponentName com.android.server.am.ActivityManagerService.startService(android.app.IApplicationThread, android.content.Intent, java.lang.String, boolean, java.lang.String, java.lang.String, int, boolean, int, java.lang.String, java.lang.String),-,13195,android.content.ComponentName com.android.server.am.ActivityManagerService.startService(android.app.IApplicationThread, android.content.Intent, java.lang.String, boolean, java.lang.String, java.lang.String, int, boolean, int, java.lang.String, java.lang.String),6]
I/wm_on_resume_called( 5518): [90775350,com.admin9.app.foundation.MainActivity,RESUME_ACTIVITY,1]
I/dvm_lock_sample(  543): [system_server,1,binder:543_18,165,BinderCallsStats.java,304,void com.android.internal.os.BinderCallsStats.processCallEnded(com.android.internal.os.BinderInternal$CallSession, int, int, int),,0,null,33]
I/cc_current_allowlist(  543): [0,18]
I/cc_set_allowlist(  543): [0,18,0]
I/cc_current_allowlist(  543): [0,18]
I/cc_update_options(  543): [0,0]
I/dvm_lock_sample(  543): [system_server,1,binder:543_5,985,ActivityManagerService.java,13189,android.content.ComponentName com.android.server.am.ActivityManagerService.startService(android.app.IApplicationThread, android.content.Intent, java.lang.String, boolean, java.lang.String, java.lang.String, int, boolean, int, java.lang.String, java.lang.String),,0,null,100]
I/dvm_lock_sample( 1660): [com.google.android.gms,1,main,1153,:com.google.android.gms@231818044@23.18.18 (190400-535401451),1,void abnq.onServiceConnected(android.content.ComponentName, android.os.IBinder),-,15,boolean abnp.d(abno, android.content.ServiceConnection, java.lang.String, java.util.concurrent.Executor),100]
I/dvm_lock_sample(  543): [system_server,1,ActivityManager,995,BroadcastQueueModernImpl.java,293,boolean com.android.server.am.BroadcastQueueModernImpl.lambda$new$0(android.os.Message),ActivityManagerService.java,13195,android.content.ComponentName com.android.server.am.ActivityManagerService.startService(android.app.IApplicationThread, android.content.Intent, java.lang.String, boolean, java.lang.String, java.lang.String, int, boolean, int, java.lang.String, java.lang.String),100]
I/dvm_lock_sample( 1660): [com.google.android.gms,0,[com.google.android.gms.chimera.container.intentoperation.GmsIntentOperationChimeraService-Executor] processing com.google.android.gms.nearby.exposurenotification.PackageChangeIntentOperation for action android.intent.action.PACKAGE_ADDED,1084,:com.google.android.gms@231818044@23.18.18 (190400-535401451),1,void hjm.run(),-,3,void hjm.run(),100]
I/dvm_lock_sample(  543): [system_server,1,binder:543_1,1095,ActivityManagerService.java,15321,int com.android.server.am.ActivityManagerService.broadcastIntentWithFeature(android.app.IApplicationThread, java.lang.String, android.content.Intent, java.lang.String, android.content.IIntentReceiver, int, java.lang.String, android.os.Bundle, java.lang.String[], java.lang.String[], java.lang.String[], int, android.os.Bundle, boolean, boolean, int),,0,null,100]
I/dvm_lock_sample(  543): [system_server,0,binder:543_1B,126,ActivityManagerService.java,13459,void com.android.server.am.ActivityManagerService.serviceDoneExecuting(android.os.IBinder, int, int, int),,0,null,25]
I/dvm_lock_sample(  543): [system_server,0,main,887,PropertyInvalidatedCache.java,1293,void android.app.PropertyInvalidatedCache$AutoCorker.handleMessage(android.os.Message),-,1289,void android.app.PropertyInvalidatedCache$AutoCorker.autoCork(),100]
I/dvm_lock_sample(  543): [system_server,1,binder:543_1E,412,PropertyInvalidatedCache.java,1272,void android.app.PropertyInvalidatedCache$AutoCorker.autoCork(),-,1289,void android.app.PropertyInvalidatedCache$AutoCorker.autoCork(),82]
I/wm_on_top_resumed_gained_called( 5518): [90775350,com.admin9.app.foundation.MainActivity,topStateChangedWhenResumed]
I/service_manager_slow( 5518): [83,content_capture]
I/dvm_lock_sample(  543): [system_server,0,binder:543_1B,703,ActivityManagerService.java,13459,void com.android.server.am.ActivityManagerService.serviceDoneExecuting(android.os.IBinder, int, int, int),-,13404,int com.android.server.am.ActivityManagerService.bindServiceInstance(android.app.IApplicationThread, android.os.IBinder, android.content.Intent, java.lang.String, android.app.IServiceConnection, long, java.lang.String, boolean, int, java.lang.String, android.app.IApplicationThread, java.lang.String, int),100]
I/dvm_lock_sample(  543): [system_server,1,binder:543_6,363,ActivityManagerService.java,13189,android.content.ComponentName com.android.server.am.ActivityManagerService.startService(android.app.IApplicationThread, android.content.Intent, java.lang.String, boolean, java.lang.String, java.lang.String, int, boolean, int, java.lang.String, java.lang.String),-,13404,int com.android.server.am.ActivityManagerService.bindServiceInstance(android.app.IApplicationThread, android.os.IBinder, android.content.Intent, java.lang.String, android.app.IServiceConnection, long, java.lang.String, boolean, int, java.lang.String, android.app.IApplicationThread, java.lang.String, int),72]
I/dvm_lock_sample(  543): [system_server,1,ActivityManager,463,BroadcastQueueModernImpl.java,293,boolean com.android.server.am.BroadcastQueueModernImpl.lambda$new$0(android.os.Message),,0,null,92]
I/dvm_lock_sample(  543): [system_server,1,binder:543_15,369,ActivityManagerService.java,13269,boolean com.android.server.am.ActivityManagerService.stopServiceToken(android.content.ComponentName, android.os.IBinder, int),,0,null,73]
I/input_focus(  543): [Focus request 83d387a com.admin9.app.foundation/com.admin9.app.foundation.MainActivity,reason=UpdateInputWindows]
I/dvm_lock_sample(  543): [system_server,1,binder:543_15,386,PackageManagerService.java,6686,void com.android.server.pm.PackageManagerService$PackageManagerInternalImpl.notifyPackageUse(java.lang.String, int),Settings.java,2294,void com.android.server.pm.Settings.writePackageRestrictions(int, long, boolean),77]
I/dvm_lock_sample(  543): [system_server,1,binder:543_18,457,ActivityManagerService.java,13269,boolean com.android.server.am.ActivityManagerService.stopServiceToken(android.content.ComponentName, android.os.IBinder, int),,0,null,91]
I/dvm_lock_sample(  543): [system_server,0,binder:543_6,438,ActivityManagerService.java,13459,void com.android.server.am.ActivityManagerService.serviceDoneExecuting(android.os.IBinder, int, int, int),-,13195,android.content.ComponentName com.android.server.am.ActivityManagerService.startService(android.app.IApplicationThread, android.content.Intent, java.lang.String, boolean, java.lang.String, java.lang.String, int, boolean, int, java.lang.String, java.lang.String),87]
I/dvm_lock_sample(  543): [system_server,1,android.display,318,ActivityRecord.java,1004,void com.android.server.wm.ActivityRecord$2.run(),WindowAnimator.java,103,void com.android.server.wm.WindowAnimator.lambda$new$1(long),63]
I/dvm_lock_sample(  543): [system_server,1,ActivityManager,518,BroadcastQueueModernImpl.java,293,boolean com.android.server.am.BroadcastQueueModernImpl.lambda$new$0(android.os.Message),,0,null,100]
I/service_manager_stats( 1660): [200,3101,902918]
I/dvm_lock_sample(  543): [system_server,0,binder:543_A,97,ActivityManagerService.java,13459,void com.android.server.am.ActivityManagerService.serviceDoneExecuting(android.os.IBinder, int, int, int),-,13195,android.content.ComponentName com.android.server.am.ActivityManagerService.startService(android.app.IApplicationThread, android.content.Intent, java.lang.String, boolean, java.lang.String, java.lang.String, int, boolean, int, java.lang.String, java.lang.String),19]
I/commit_sys_config_file(  543): [package-user-0,1522]
I/dvm_lock_sample(  543): [system_server,0,binder:543_F,132,ActivityManagerService.java,13459,void com.android.server.am.ActivityManagerService.serviceDoneExecuting(android.os.IBinder, int, int, int),ProcessList.java,5416,android.util.Pair com.android.server.am.ProcessList.getNumForegroundServices(),26]
I/dvm_lock_sample(  543): [system_server,1,android.ui,49,MessageQueue.java,337,android.os.Message android.os.MessageQueue.next(),-,600,boolean android.os.MessageQueue.enqueueMessage(android.os.Message, long),9]
I/wm_stop_activity(  543): [0,160791333,com.google.android.apps.nexuslauncher/.NexusLauncherActivity]
I/wm_on_stop_called( 1009): [160791333,com.google.android.apps.nexuslauncher.NexusLauncherActivity,STOP_ACTIVITY_ITEM,51]
I/am_pss  (  543): [5518,10193,com.admin9.app.foundation,64377856,57933824,726016,153260032,0,2,66]
I/am_foreground_service_start(  543): [0,com.google.android.apps.wellbeing/com.google.apps.tiktok.concurrent.InternalForegroundService,1,BACKGROUND_ACTIVITY_PERMISSION,33,33,0,0,0,1,UNKNOWN,0]
I/dvm_lock_sample(  543): [system_server,1,ActivityManager,504,BroadcastQueueModernImpl.java,389,void com.android.server.am.BroadcastQueueModernImpl.updateRunningList(),,0,null,100]
I/am_foreground_service_stop(  543): [0,com.google.android.apps.wellbeing/com.google.apps.tiktok.concurrent.InternalForegroundService,1,BACKGROUND_ACTIVITY_PERMISSION,33,33,0,0,670,1,STOP_FOREGROUND,0]
I/dvm_lock_sample(  543): [system_server,1,binder:543_1E,650,ActivityManagerService.java,13787,android.content.Intent com.android.server.am.ActivityManagerService.registerReceiverWithFeature(android.app.IApplicationThread, java.lang.String, java.lang.String, java.lang.String, android.content.IIntentReceiver, android.content.IntentFilter, java.lang.String, int, int),,0,null,100]
I/notification_enqueue(  543): [10121,1640,com.google.android.apps.wellbeing,174344743,NULL,0,Notification(channel=app_limit_updates shortcut=null contentView=null vibrate=null sound=null defaults=0x0 flags=0x122 color=0xff00668b category=service vis=PRIVATE),0]
I/sysui_multi_action(  543): [757,128,758,5,759,8,793,451,794,0,795,451,796,174344743,806,com.google.android.apps.wellbeing,857,app_limit_updates,858,2,947,0,1500,451,1641,service]
I/notification_canceled(  543): [0|com.google.android.apps.wellbeing|174344743|null|10121,8,451,451,0,-1,-1,NULL]
I/dvm_lock_sample(  543): [system_server,1,binder:543_3,142,NotificationManagerService.java,5657,void com.android.server.notification.NotificationManagerService$11.applyEnqueuedAdjustmentFromAssistant(android.service.notification.INotificationListener, android.service.notification.Adjustment),-,7653,void com.android.server.notification.NotificationManagerService$CancelNotificationRunnable.run(),28]
I/dvm_lock_sample(  543): [system_server,1,ActivityManager,80,BroadcastQueueModernImpl.java,293,boolean com.android.server.am.BroadcastQueueModernImpl.lambda$new$0(android.os.Message),ContentProviderHelper.java,1522,void com.android.server.am.ContentProviderHelper.handleProviderRemoval(com.android.server.am.ContentProviderConnection, boolean, boolean),16]
I/dvm_lock_sample(  543): [system_server,0,pool-179-thread-1,727,AppOpsService.java,3793,com.android.server.appop.AppOpsService$PackageVerificationResult com.android.server.appop.AppOpsService.verifyAndGetBypass(int, java.lang.String, java.lang.String, java.lang.String, boolean),HistoricalRegistry.java,694,void com.android.server.appop.HistoricalRegistry.clearHistoryOnDiskDLocked(),100]
I/am_freeze(  543): [873,com.google.android.permissioncontroller]
I/am_compact(  543): [873,com.google.android.permissioncontroller,ANON,95280,66220,28292,23212,-5776,0,-5776,5656,157,FULL,828667,905,19,114240,-52]
I/am_freeze(  543): [1660,com.google.android.gms]
I/jank_cuj_events_begin_request( 1320): [39,1787491408488372000,938047105905,938047106072,]
I/sysui_multi_action(  543): [319,4860,321,4752,322,50255,325,887,757,761,758,7,759,1,806,com.admin9.app.foundation,871,com.admin9.app.foundation.MainActivity,904,com.android.shell,905,0,945,8734,1320,4,1321,4]
I/wm_activity_launch_time(  543): [0,90775350,com.admin9.app.foundation/.MainActivity,50255]
I/sysui_multi_action(  543): [324,0,757,1090,758,12,806,com.admin9.app.foundation,871,com.admin9.app.foundation.MainActivity,1091,50255]
I/input_focus(  543): [Focus entering 83d387a com.admin9.app.foundation/com.admin9.app.foundation.MainActivity (server),reason=Window became focusable. Previous reason: NOT_VISIBLE]
