getpwuid_r did not find a match for uid 501
Timestamp               Ty Process[PID:TID]
2026-08-23 21:21:44.636 Df Runner[93435:1a8f8a7] [com.apple.xpc:connection] [0x101988ca0] activating connection: mach=true listener=false peer=false name=com.apple.cfprefsd.daemon
2026-08-23 21:21:44.641 A  Runner[93435:1a8f8a7] (CoreFoundation) Loading Preferences From User Session CFPrefsD
2026-08-23 21:21:44.644 Df Runner[93435:1a8f855] (libMobileGestalt.dylib) No persisted cache on this platform.
2026-08-23 21:21:44.645 Df Runner[93435:1a8f8a7] [com.apple.BoardServices:XPCErrors] [C:1] Alloc com.apple.frontboard.systemappservices
2026-08-23 21:21:44.646 Df Runner[93435:1a8f8a7] [com.apple.xpc:connection] [0x101991880] activating connection: mach=false listener=false peer=false name=(anonymous)
2026-08-23 21:21:44.654 Df Runner[93435:1a8f855] [com.apple.UIKit:Application] Deactivation reason added: 10; deactivation reasons: 0 -> 1024; animating application lifecycle event: 0
2026-08-23 21:21:44.654 Df Runner[93435:1a8f855] [com.apple.runningboard:connection] Initializing connection
2026-08-23 21:21:44.654 Df Runner[93435:1a8f855] [com.apple.runningboard:process] Removing all cached process handles
2026-08-23 21:21:44.654 Df Runner[93435:1a8f8a8] [com.apple.runningboard:connection] Sending handshake request attempt #1 to server
2026-08-23 21:21:44.654 Df Runner[93435:1a8f855] [com.apple.BoardServices:Injection] activating monitor for service com.apple.frontboard.open
2026-08-23 21:21:44.654 Df Runner[93435:1a8f8a8] [com.apple.runningboard:connection] Creating connection to com.apple.runningboard
2026-08-23 21:21:44.654 Df Runner[93435:1a8f8a8] [com.apple.xpc:connection] [0x102170280] activating connection: mach=true listener=false peer=false name=com.apple.runningboard
2026-08-23 21:21:44.654 Df Runner[93435:1a8f8a6] [com.apple.UIKit:BackgroundTask] Creating new assertion because there is no existing background assertion.
2026-08-23 21:21:44.654 Df Runner[93435:1a8f8a6] [com.apple.UIKit:BackgroundTask] Creating new background assertion
2026-08-23 21:21:44.654 Df Runner[93435:1a8f8a6] [com.apple.UIKit:BackgroundTask] Created new background assertion <BKSProcessAssertion: 0x101993880>
2026-08-23 21:21:44.655 Df Runner[93435:1a8f855] [com.apple.BoardServices:Injection] activating monitor for service com.apple.frontboard.workspace-service
2026-08-23 21:21:44.655 A  Runner[93435:1a8f8a7] (RunningBoardServices) didChangeInheritances
2026-08-23 21:21:44.656 Df Runner[93435:1a8f8a8] [com.apple.runningboard:connection] Handshake succeeded
2026-08-23 21:21:44.656 Df Runner[93435:1a8f8a8] [com.apple.runningboard:connection] Identity resolved as app<com.admin9.app.foundation((null))>
2026-08-23 21:21:44.656 Df Runner[93435:1a8f855] [com.apple.FrontBoard:Common] FBSWorkspace registering source: com.apple.frontboard.systemappservices
2026-08-23 21:21:44.656 Df Runner[93435:1a8f8a6] [com.apple.UIKit:BackgroundTask] Incrementing reference count for background assertion <BKSProcessAssertion: 0x101993880>
2026-08-23 21:21:44.656 Df Runner[93435:1a8f8a6] [com.apple.UIKit:BackgroundTask] Created background task <_UIBackgroundTaskInfo: 0x1020a4d00>: taskID = 1, taskName = Launch Background Task for Coalescing, creationTime = 360188 (elapsed = 0).
2026-08-23 21:21:44.656 Df Runner[93435:1a8f8a6] [com.apple.FrontBoard:SceneExtension] Realizing settings extension _UIApplicationSceneKeyboardSettings on FBSSceneSettings
2026-08-23 21:21:44.662 Df Runner[93435:1a8f855] [com.apple.FrontBoard:Common] FBSWorkspace connected to endpoint : <BSServiceConnectionEndpoint: 0x1021405a0; target: com.apple.frontboard.systemappservices; service: com.apple.frontboard.workspace-service>
2026-08-23 21:21:44.662 Df Runner[93435:1a8f855] [com.apple.FrontBoard:Common] <FBSWorkspaceScenesClient:0x102108b40 com.apple.frontboard.systemappservices> attempting immediate handshake from activate
2026-08-23 21:21:44.662 Df Runner[93435:1a8f855] [com.apple.FrontBoard:Common] <FBSWorkspaceScenesClient:0x102108b40 com.apple.frontboard.systemappservices> sent handshake
2026-08-23 21:21:44.662 Df Runner[93435:1a8f8a6] [com.apple.FrontBoard:SceneExtension] Realizing settings extension <_UISceneOcclusionSettings> on FBSSceneSettings
2026-08-23 21:21:44.663 Df Runner[93435:1a8f855] [com.apple.runningboard:general] Added observer for process assertions expiration warning: <_RBSExpirationWarningClient: 0x102141120>
2026-08-23 21:21:44.665 Df Runner[93435:1a8f8a6] [com.apple.FrontBoard:SceneExtension] Realizing settings extension <_UISceneInterfaceProtectionSettings> on FBSSceneSettings
2026-08-23 21:21:44.665 Df Runner[93435:1a8f8a6] [com.apple.FrontBoard:SceneExtension] Realizing settings extension _UISceneLayoutPreferencesHostSettingsExtension on FBSSceneSettings
2026-08-23 21:21:44.666 Df Runner[93435:1a8f8a6] [com.apple.FrontBoard:SceneExtension] Realizing settings extension _UISceneSafeAreaSettingsExtension on FBSSceneSettings
2026-08-23 21:21:44.668 Df Runner[93435:1a8f8a6] [com.apple.FrontBoard:SceneExtension] Realizing settings extension _UISceneLayoutPreferenceClientSettingsExtension on FBSSceneClientSettings
2026-08-23 21:21:44.669 Df Runner[93435:1a8f855] [com.apple.UIKit:UIScreen] Evaluated capturing state as 0 on <UIScreen: 0x102170500> for initial
2026-08-23 21:21:44.669 Df Runner[93435:1a8f8a6] [com.apple.FrontBoard:SceneExtension] Realizing settings extension <_UIHomeAffordanceHostSceneSettings> on FBSSceneSettings
2026-08-23 21:21:44.669 Df Runner[93435:1a8f855] [com.apple.UIKit:UIScreen] Evaluated capturing state as 0 on <UIScreen: 0x102170500> for CADisplay KVO
2026-08-23 21:21:44.670 Df Runner[93435:1a8f8a6] [com.apple.FrontBoard:SceneExtension] Realizing settings extension _UISystemShellSceneHostingEnvironmentSettings on FBSSceneSettings
2026-08-23 21:21:44.670 Df Runner[93435:1a8f8a6] [com.apple.FrontBoard:SceneExtension] Realizing settings extension _UISceneRenderingEnvironmentSettings on FBSSceneSettings
2026-08-23 21:21:44.671 Df Runner[93435:1a8f8a6] [com.apple.FrontBoard:SceneExtension] Realizing settings extension <_UISceneRenderingEnvironmentClientSettings> on FBSSceneClientSettings
2026-08-23 21:21:44.671 Df Runner[93435:1a8f8a6] [com.apple.FrontBoard:SceneExtension] Realizing settings extension <_UISceneTransitioningHostSettings> on FBSSceneSettings
2026-08-23 21:21:44.671 Df Runner[93435:1a8f8a6] [com.apple.FrontBoard:SceneExtension] Realizing settings extension <_UISceneFocusSystemSettings> on FBSSceneSettings
2026-08-23 21:21:44.671 Df Runner[93435:1a8f855] [com.apple.Accessibility:AXSupportCommon] Read CategoryName: per-app = 1, category name = (null)
2026-08-23 21:21:44.671 Df Runner[93435:1a8f8a6] [com.apple.FrontBoard:SceneExtension] Realizing settings extension _UISceneOrientationSettingsExtension on FBSSceneSettings
2026-08-23 21:21:44.672 Df Runner[93435:1a8f8a6] [com.apple.FrontBoard:SceneExtension] Realizing settings extension _UISceneOrientationClientSettingsExtension on FBSSceneClientSettings
2026-08-23 21:21:44.672 Df Runner[93435:1a8f8a6] [com.apple.FrontBoard:SceneExtension] Realizing settings extension _UISceneWindowingControlClientSettings on FBSSceneClientSettings
2026-08-23 21:21:44.672 Df Runner[93435:1a8f855] [com.apple.Accessibility:AXSupportCommon] Read CategoryName: per-app = 0, category name = UICTContentSizeCategoryL
2026-08-23 21:21:44.672 Df Runner[93435:1a8f8a6] [com.apple.FrontBoard:SceneExtension] Realizing settings extension <_UISceneHostingContentSizePreferenceClientSettings> on FBSSceneClientSettings
2026-08-23 21:21:44.673 Df Runner[93435:1a8f8a6] [com.apple.FrontBoard:SceneExtension] Realizing settings extension _UISceneHostingTraitCollectionPropagationSettings on FBSSceneSettings
2026-08-23 21:21:44.674 Df Runner[93435:1a8f8a6] [com.apple.FrontBoard:SceneExtension] Realizing settings extension <_UISceneHostingSheetPresentationSettings> on FBSSceneSettings
2026-08-23 21:21:44.675 Df Runner[93435:1a8f8a6] [com.apple.FrontBoard:SceneExtension] Realizing settings extension <_UISceneHostingSheetPresentationClientSettings> on FBSSceneClientSettings
2026-08-23 21:21:44.675 Df Runner[93435:1a8f8a6] [com.apple.FrontBoard:SceneExtension] Realizing settings extension <_UISceneHostingEventDeferringSettings> on FBSSceneSettings
2026-08-23 21:21:44.676 Df Runner[93435:1a8f8a6] [com.apple.FrontBoard:SceneExtension] Realizing settings extension <UIKit__UITypedKeyValueSceneSettings> on FBSSceneSettings
2026-08-23 21:21:44.676 Df Runner[93435:1a8f8a6] [com.apple.FrontBoard:SceneExtension] Realizing settings extension <UIKit__UITypedKeyValueSceneSettings> on FBSSceneClientSettings
2026-08-23 21:21:44.677 Df Runner[93435:1a8f8a6] [com.apple.FrontBoard:SceneExtension] Realizing settings extension <_UISceneHostingViewControllerPreferencePropagationClientSettings> on FBSSceneClientSettings
2026-08-23 21:21:44.677 Df Runner[93435:1a8f8a6] [com.apple.FrontBoard:SceneExtension] Realizing settings extension <_UISceneZoomTransitionSettings> on FBSSceneSettings
2026-08-23 21:21:44.677 Df Runner[93435:1a8f8a7] [com.apple.FrontBoard:SceneExtension] Realizing settings extension FBSSceneSettingsCore on FBSSceneSettings
2026-08-23 21:21:44.679 Df Runner[93435:1a8f8a7] [com.apple.FrontBoard:SceneExtension] Realizing settings extension FBSSceneClientSettingsCore on FBSSceneClientSettings
2026-08-23 21:21:44.774 Df Runner[93435:1a8f8a7] [com.apple.FrontBoard:SceneExtension] UIMutableApplicationSceneSettings setting counterpart class: UIApplicationSceneSettings
2026-08-23 21:21:44.774 Df Runner[93435:1a8f8a7] [com.apple.FrontBoard:SceneExtension] UIMutableApplicationSceneClientSettings setting counterpart class: UIApplicationSceneClientSettings
2026-08-23 21:21:44.774 Df Runner[93435:1a8f8a7] [com.apple.FrontBoard:SceneExtension] Realizing settings extension FBSSceneTransitionContextCore on FBSSceneTransitionContext
2026-08-23 21:21:45.442 A  Runner[93435:1a8f8ab] (CoreFoundation) Updating Key-Value Observers Of Preferences
2026-08-23 21:21:45.469 Df Runner[93435:1a8f855] [com.apple.dt.xctest:Default] Registering for test daemon availability notify post.
2026-08-23 21:21:45.469 Df Runner[93435:1a8f855] [com.apple.dt.xctest:Default] notify_get_state check indicated test daemon not ready.
2026-08-23 21:21:45.469 Df Runner[93435:1a8f855] [com.apple.dt.xctest:Default] notify_get_state check indicated test daemon not ready.
2026-08-23 21:21:45.469 Df Runner[93435:1a8f855] [com.apple.dt.xctest:Default] notify_get_state check indicated test daemon not ready.
2026-08-23 21:21:45.470 Df Runner[93435:1a8f855] [com.apple.UIKit:Application] Deactivation reason added: 11; deactivation reasons: 1024 -> 3072; animating application lifecycle event: 0
2026-08-23 21:21:45.473 Df Runner[93435:1a8f855] [com.apple.UIKit:Application] Deactivation reason removed: 10; deactivation reasons: 3072 -> 2048; animating application lifecycle event: 0
2026-08-23 21:21:45.479 Df Runner[93435:1a8f855] [com.apple.UIKit:EventBus] Event Timing Profile for Touch: not found, path="/System/Library/EventTimingProfiles/Sim.Touch.plist"
2026-08-23 21:21:45.510 Df Runner[93435:1a8f855] [com.apple.UIKit:EventBus] Event Timing Profile for Pencil: not found, path="/System/Library/EventTimingProfiles/Sim.Pencil.plist"
2026-08-23 21:21:45.510 Df Runner[93435:1a8f855] [com.apple.UIKit:UpdateScheduler] Selected display: name=LCD (PurpleMain), id=1
2026-08-23 21:21:45.519 Df Runner[93435:1a8f855] [com.apple.xpc:connection] [0x102170dc0] activating connection: mach=true listener=false peer=false name=com.apple.lsd.mapdb
2026-08-23 21:21:45.555 Df Runner[93435:1a8f855] [com.apple.BoardServices:XPCErrors] [C:2] Alloc com.apple.backboard.hid-services.xpc
2026-08-23 21:21:45.555 Df Runner[93435:1a8f855] [com.apple.xpc:connection] [0x1021708c0] activating connection: mach=false listener=false peer=false name=(anonymous)
2026-08-23 21:21:45.558 Df Runner[93435:1a8f855] [com.apple.app_launch_measurement:ApplicationLaunch] alm_acquire_pageins_recording_assertion: acquired pageins recording assertion!
2026-08-23 21:21:45.558 Df Runner[93435:1a8f8ab] [com.apple.BackBoard:EventDelivery] BKSHIDEventDeliveryManager - connection activation
2026-08-23 21:21:45.559 Df Runner[93435:1a8f855] [com.apple.UIKit:Application] Deactivation reason added: 5; deactivation reasons: 2048 -> 2080; animating application lifecycle event: 1
2026-08-23 21:21:45.559 Df Runner[93435:1a8f855] [com.apple.UIKit:InterfaceStyle] Should send trait collection or coordinate space update, interface style 1 -> 1, <UIWindowScene: 0x108488e00> (A30F8E87-182B-48E3-B3B4-FD382426CD35)
2026-08-23 21:21:45.560 Df Runner[93435:1a8f855] [com.apple.UIKit:InterfaceStyle] Not push traits update to screen for new style 1, <UIWindowScene: 0x108488e00> (A30F8E87-182B-48E3-B3B4-FD382426CD35)
2026-08-23 21:21:45.560 Df Runner[93435:1a8f855] [com.apple.UIKit:HomeAffordanceObservation] Initializing: <_UIHomeAffordanceSceneNotifier: 0x1084e15e0>; with scene: <UIWindowScene: 0x108488e00>
2026-08-23 21:21:45.560 Df Runner[93435:1a8f855] [com.apple.BacklightServices:scenes] 0x10851f7e0 setDelegate:<0x10851f780 _UIBacklightEnvironment> hasDelegate:YES for environment:sceneID:com.admin9.app.foundation-default
2026-08-23 21:21:45.561 Df Runner[93435:1a8f855] [com.apple.UIKit:InterfaceStyle] Not push traits update to screen for new style 1, <UIWindowScene: 0x108488e00> (A30F8E87-182B-48E3-B3B4-FD382426CD35)
2026-08-23 21:21:45.561 Df Runner[93435:1a8f855] [com.apple.UIKit:EventDeferring] [0x1084e1650] Initialized with scene: <UIWindowScene: 0x108488e00>; behavior: <_UIEventDeferringBehavior_iOS: 0x1084826a0>; availableForProcess: 1, systemShellManagesKeyboardFocus: 1
2026-08-23 21:21:45.562 Df Runner[93435:1a8f8ab] [com.apple.BackBoard:EventDelivery] BKSHIDEventObserver - connection activation
2026-08-23 21:21:45.562 Df Runner[93435:1a8f855] [com.apple.BackBoard:EventDelivery] policyStatus:<BKSHIDEventDeliveryPolicyObserver: 0x102073ea0; process scope; status: target> was:none
2026-08-23 21:21:45.562 Df Runner[93435:1a8f855] [com.apple.UIKit:KeyWindow] Setting default evaluation strategy for UIUserInterfaceIdiomPhone to LastOneWins
2026-08-23 21:21:45.562 Df Runner[93435:1a8f855] [com.apple.UIKit:KeyWindow] Scene target of keyboard event deferring environment did change: 1; scene: UIWindowScene: 0x108488e00; scene identity: com.apple.frontboard.systemappservices/FBSceneManager:sceneID%3Acom.admin9.app.foundation-default
2026-08-23 21:21:45.562 Df Runner[93435:1a8f855] [com.apple.UIKit:EventDeferring] [0x1084e1650] Scene target of event deferring environments did update: scene: 0x108488e00; current systemShellManagesKeyboardFocus: 1; systemShellManagesKeyboardFocusForScene: 1; eligibleForRecordRemoval: 1;
2026-08-23 21:21:45.562 Df Runner[93435:1a8f855] [com.apple.UIKit:KeyWindow] Scene became target of keyboard event deferring environment: UIWindowScene: 0x108488e00; scene identity: com.apple.frontboard.systemappservices/FBSceneManager:sceneID%3Acom.admin9.app.foundation-default
2026-08-23 21:21:45.562 Df Runner[93435:1a8f855] [com.apple.UIKit:KeyWindow] Stack[KeyWindow] 0x10851f570: Taking no further action for migration from LastOneWins -> SystemShellManaged as there are no scenes
2026-08-23 21:21:45.562 Df Runner[93435:1a8f855] [com.apple.UIKit:KeyWindow] Setting default evaluation strategy for UIUserInterfaceIdiomPhone to SystemShellManaged
2026-08-23 21:21:45.562 Df Runner[93435:1a8f855] [com.apple.UIKit:KeyWindow] Key window needs update: 0; currentKeyWindowScene: 0x0; evaluatedKeyWindowScene: 0x108488e00; currentApplicationKeyWindow: 0x0; evaluatedApplicationKeyWindow: 0x0; reason: UIWindowScene: 0x108488e00: Window scene became target of keyboard environment
2026-08-23 21:21:45.562 Df Runner[93435:1a8f855] [com.apple.UIKit:InterfaceStyle] Not push traits update to screen for new style 1, <UIWindowScene: 0x108488e00> (A30F8E87-182B-48E3-B3B4-FD382426CD35)
2026-08-23 21:21:45.563 Df Runner[93435:1a8f855] [com.apple.UIKit:InterfaceStyle] Not push traits update to screen for new style 1, <UIWindowScene: 0x108488e00> (A30F8E87-182B-48E3-B3B4-FD382426CD35)
2026-08-23 21:21:45.564 Df Runner[93435:1a8f855] [com.apple.UIKit:InterfaceStyle] Not push traits update to screen for new style 1, <UIWindowScene: 0x108488e00> (A30F8E87-182B-48E3-B3B4-FD382426CD35)
2026-08-23 21:21:45.593 Df Runner[93435:1a8f855] [com.apple.xpc:connection] [0x1021717c0] activating connection: mach=true listener=false peer=false name=com.apple.metal.simulator
2026-08-23 21:21:45.596 Df Runner[93435:1a8f855] [com.apple.xpc:connection] [0x102171900] activating connection: mach=true listener=false peer=false name=com.apple.metal.simulator
2026-08-23 21:21:45.596 Df Runner[93435:1a8f855] [com.apple.xpc:connection] [0x102171a40] activating connection: mach=true listener=false peer=false name=com.apple.metal.simulator
2026-08-23 21:21:45.597 E  Runner[93435:1a8f855] [com.apple.UIKit:UIFocus] FlutterView implements focusItemsInRect: - caching for linear focus movement is limited as long as this view is on screen.
2026-08-23 21:21:45.623 Df Runner[93435:1a8f8a6] [com.apple.launchservices:db] NotifyToken::RegisterDispatch(com.apple.LaunchServices.database) fired for session key LSSessionKey(system: 0 uid: 501)
2026-08-23 21:21:45.634 Df Runner[93435:1a8f8a7] [com.apple.xpc:connection] [0x1087826c0] activating connection: mach=true listener=false peer=false name=com.apple.fontservicesd
2026-08-23 21:21:45.663 Df Runner[93435:1a8f8a7] [com.apple.UIKit:BackgroundTask] Ending background task with UIBackgroundTaskIdentifier: 1
2026-08-23 21:21:45.663 Df Runner[93435:1a8f8a7] [com.apple.UIKit:BackgroundTask] Ending task with identifier 1 and description: <_UIBackgroundTaskInfo: 0x1020a4d00>: taskID = 1, taskName = Launch Background Task for Coalescing, creationTime = 360188 (elapsed = 1), _expireHandler: (null)
2026-08-23 21:21:45.663 Df Runner[93435:1a8f8a7] [com.apple.UIKit:BackgroundTask] Decrementing reference count for assertion <BKSProcessAssertion: 0x101993880> (used by background task with identifier 1: <_UIBackgroundTaskInfo: 0x1020a4d00>: taskID = 1, taskName = Launch Background Task for Coalescing, creationTime = 360188 (elapsed = 1))
2026-08-23 21:21:45.663 Df Runner[93435:1a8f8a7] [com.apple.UIKit:BackgroundTask] Will invalidate assertion: <BKSProcessAssertion: 0x101993880> for task identifier: 1
2026-08-23 21:21:45.663 Df Runner[93435:1a8f8c8] (Flutter) flutter: The Dart VM service is listening on http://127.0.0.1:52494/y91P2mN1uNY=/
2026-08-23 21:21:45.770 A  Runner[93435:1a8f8a6] (RunningBoardServices) didChangeInheritances
2026-08-23 21:21:45.973 Df Runner[93435:1a8f855] [com.apple.UIKit:Orientation] <UIWindowScene: 0x108488e00> (A30F8E87-182B-48E3-B3B4-FD382426CD35) Scene updated orientation preferences: none -> ( Pu Ll Lr )
2026-08-23 21:21:45.979 Df Runner[93435:1a8f855] [com.apple.UIKit:KeyWindow] Key window API is scene-level: YES
2026-08-23 21:21:45.979 Df Runner[93435:1a8f855] [com.apple.UIKit:KeyWindow] UIWindowScene: 0x108488e00: Window became key in scene: UIWindow: 0x1021cc800; contextId: 0xB23F7763: reason: UIWindowScene: 0x108488e00: Window requested to become key in scene: 0x1021cc800
2026-08-23 21:21:45.979 Df Runner[93435:1a8f855] [com.apple.UIKit:KeyWindow] Key window needs update: 1; currentKeyWindowScene: 0x0; evaluatedKeyWindowScene: 0x108488e00; currentApplicationKeyWindow: 0x0; evaluatedApplicationKeyWindow: 0x1021cc800; reason: UIWindowScene: 0x108488e00: Window requested to become key in scene: 0x1021cc800
2026-08-23 21:21:45.980 Df Runner[93435:1a8f855] [com.apple.UIKit:KeyWindow] Window did become application key: UIWindow: 0x1021cc800; contextId: 0xB23F7763; scene identity: com.apple.frontboard.systemappservices/FBSceneManager:sceneID%3Acom.admin9.app.foundation-default
2026-08-23 21:21:45.980 Df Runner[93435:1a8f855] [com.apple.UIKit:EventDeferring] [0x1084e1650] Begin local event deferring requested for token: 0x102071e00; environments: 1; reason: UIWindowScene: 0x108488e00: Begin event deferring in keyboardFocus for window: 0x1021cc800
2026-08-23 21:21:45.981 Df Runner[93435:1a8f8a7] [com.apple.BackBoard:EventDelivery] policyStatus:<BKSHIDEventDeliveryPolicyObserver: 0x102073ea0; token: com.apple.frontboard.systemappservices/FBSceneManager:sceneID%3Acom.admin9.app.foundation-default; status: ancestor> was:target
2026-08-23 21:21:45.981 Df Runner[93435:1a8f855] [com.apple.UIKit:InterfaceStyle] Not push traits update to screen for new style 1, <UIWindowScene: 0x108488e00> (A30F8E87-182B-48E3-B3B4-FD382426CD35)
2026-08-23 21:21:46.005 Df Runner[93435:1a8f855] [com.apple.UIKit:AppLifecycle] sceneOfRecord: sceneID: sceneID:com.admin9.app.foundation-default  persistentID: A30F8E87-182B-48E3-B3B4-FD382426CD35
2026-08-23 21:21:46.005 Df Runner[93435:1a8f855] [com.apple.UIKit:Application] Ignoring already applied deactivation reason: 5; deactivation reasons: 2080
2026-08-23 21:21:46.005 Df Runner[93435:1a8f855] [com.apple.UIKit:Application] Deactivation reason added: 12; deactivation reasons: 2080 -> 6176; animating application lifecycle event: 1
2026-08-23 21:21:46.007 Df Runner[93435:1a8f855] [com.apple.UIKit:Application] Deactivation reason removed: 11; deactivation reasons: 6176 -> 4128; animating application lifecycle event: 1
2026-08-23 21:21:46.007 Df Runner[93435:1a8f855] [com.apple.FrontBoard:SceneExtension] Realizing settings extension <_UISceneIntelligenceSupportSettings> on FBSSceneSettings
2026-08-23 21:21:46.010 Df Runner[93435:1a8f8a7] [com.apple.UIIntelligenceSupport:xpc] establishing connection to agent
2026-08-23 21:21:46.010 Df Runner[93435:1a8f855] [com.apple.UIKit:InterfaceStyle] Not push traits update to screen for new style 1, <UIWindowScene: 0x108488e00> (A30F8E87-182B-48E3-B3B4-FD382426CD35)
2026-08-23 21:21:46.011 Df Runner[93435:1a8f8a7] [com.apple.xpc:session] [0x1086b5860] Session created.
2026-08-23 21:21:46.011 Df Runner[93435:1a8f8a7] [com.apple.xpc:session] [0x1086b5860] Session created from connection [0x109643200]
2026-08-23 21:21:46.011 Df Runner[93435:1a8f8a7] [com.apple.xpc:connection] [0x109643200] activating connection: mach=true listener=false peer=false name=com.apple.uiintelligencesupport.agent
2026-08-23 21:21:46.011 Df Runner[93435:1a8f8a7] [com.apple.xpc:session] [0x1086b5860] Session activated
2026-08-23 21:21:46.012 Df Runner[93435:1a8f855] [com.apple.xpc:connection] [0x109641f40] activating connection: mach=true listener=false peer=false name=com.apple.IOSurface.Remote
2026-08-23 21:21:46.015 Df Runner[93435:1a8f855] [com.apple.network:activity] Create activity from XPC object <nw_activity 50:1 [C50FC839-C40F-4A9E-B58E-B92AD31433C3] (reporting strategy default)>
2026-08-23 21:21:46.015 Df Runner[93435:1a8f855] [com.apple.network:activity] Create activity from XPC object <nw_activity 50:2 [21917AAC-896B-4B8A-9942-77A16D6DF434] (reporting strategy default)>
2026-08-23 21:21:46.015 Df Runner[93435:1a8f855] [com.apple.network:activity] Set activity <nw_activity 50:1 [C50FC839-C40F-4A9E-B58E-B92AD31433C3] (reporting strategy default)> as the global parent
2026-08-23 21:21:46.015 Df Runner[93435:1a8f855] [com.apple.UIKit:UpdateScheduler] Target list changed: <CADisplay:LCD PurpleMain>
2026-08-23 21:21:46.016 Df Runner[93435:1a8f855] [com.apple.UIKit:AppLifecycle] sceneOfRecord: sceneID: sceneID:com.admin9.app.foundation-default  persistentID: A30F8E87-182B-48E3-B3B4-FD382426CD35
2026-08-23 21:21:46.016 Df Runner[93435:1a8f855] [com.apple.UIKit:InterfaceStyle] Not push traits update to screen for new style 1, <UIWindowScene: 0x108488e00> (A30F8E87-182B-48E3-B3B4-FD382426CD35)
2026-08-23 21:21:46.017 A  Runner[93435:1a8f8a6] (RunningBoardServices) didChangeInheritances
2026-08-23 21:21:46.022 A  Runner[93435:1a8f8a6] (RunningBoardServices) didChangeInheritances
2026-08-23 21:21:46.056 Df Runner[93435:1a8f855] [com.apple.Accessibility:AXCommon] Read Per-App on Init: Smart invert = (null)
2026-08-23 21:21:46.100 Df Runner[93435:1a8f855] [com.apple.UIKit:EventDeferring] [0x1084e1650] Scene target of event deferring environments did update: scene: 0x108488e00; current systemShellManagesKeyboardFocus: 1; systemShellManagesKeyboardFocusForScene: 1; eligibleForRecordRemoval: 1;
2026-08-23 21:21:46.100 Df Runner[93435:1a8f855] [com.apple.UIKit:KeyWindow] Scene became target of keyboard event deferring environment: UIWindowScene: 0x108488e00; scene identity: com.apple.frontboard.systemappservices/FBSceneManager:sceneID%3Acom.admin9.app.foundation-default
2026-08-23 21:21:46.103 Df Runner[93435:1a8f855] [com.apple.FrontBoard:SceneExtension] Realizing settings extension SBUISecureRenderingSettingsExtension on FBSSceneSettings
2026-08-23 21:21:46.104 Df Runner[93435:1a8f855] [com.apple.UIKit:InterfaceStyle] Not push traits update to screen for new style 1, <UIWindowScene: 0x108488e00> (A30F8E87-182B-48E3-B3B4-FD382426CD35)
2026-08-23 21:21:46.105 Df Runner[93435:1a8f855] [com.apple.UIKit:InterfaceStyle] Not push traits update to screen for new style 1, <UIWindowScene: 0x108488e00> (A30F8E87-182B-48E3-B3B4-FD382426CD35)
2026-08-23 21:21:46.105 Df Runner[93435:1a8f855] [com.apple.UIKit:AppLifecycle] sceneOfRecord: sceneID: sceneID:com.admin9.app.foundation-default  persistentID: A30F8E87-182B-48E3-B3B4-FD382426CD35
2026-08-23 21:21:46.114 Df Runner[93435:1a8f855] [com.apple.UIKit:Application] Deactivation reason removed: 12; deactivation reasons: 4128 -> 32; animating application lifecycle event: 1
2026-08-23 21:21:46.114 Df Runner[93435:1a8f855] [com.apple.KeyboardArbiter:Client] Send setDeactivating: N (-DeactivationReason:SuspendedEventsOnly)
2026-08-23 21:21:46.114 Df Runner[93435:1a8f855] [com.apple.UIKit:Application] Deactivation reason removed: 5; deactivation reasons: 32 -> 0; animating application lifecycle event: 0
2026-08-23 21:21:46.126 A  Runner[93435:1a8f8ab] (RunningBoardServices) didChangeInheritances
2026-08-23 21:21:46.148 Df Runner[93435:1a8f855] [com.apple.KeyboardArbiter:Client] startConnection
2026-08-23 21:21:46.149 Df Runner[93435:1a8f855] [com.apple.xpc:connection] [0x109640000] activating connection: mach=true listener=false peer=false name=com.apple.UIKit.KeyboardManagement.hosted
2026-08-23 21:21:46.164 Df Runner[93435:1a8f855] [com.apple.KeyboardArbiter:Client] handleKeyboardChange: set currentKeyboard:N (wasKeyboard:N)
2026-08-23 21:21:46.173 Df Runner[93435:1a8f855] [com.apple.UIKit:KeyboardSceneDelegate] forceReloadInputViews
2026-08-23 21:21:46.174 Df Runner[93435:1a8f855] [com.apple.UIKit:KeyboardSceneDelegate] Reloading input views for key-window scene responder: <(null): 0x0; > force:Y
2026-08-23 21:21:46.175 Df Runner[93435:1a8f855] [com.apple.UIKit:KeyboardArbiterClientLog] isWritingToolsHandlingKeyboardTracking:Y (WT ready:Y, Arbiter ready:Y)
2026-08-23 21:21:47.372 Df Runner[93435:1a8f855] [com.apple.runningboard:connection] Creating side-channel connection to com.apple.runningboard
2026-08-23 21:21:47.372 Df Runner[93435:1a8f855] [com.apple.xpc:connection] [0x1096412c0] activating connection: mach=true listener=false peer=false name=com.apple.runningboard
2026-08-23 21:21:47.375 Df Runner[93435:1a8f855] [com.apple.runningboard:process] Hit the server for a process handle aa33e2400016cfb that resolved to: [app<com.admin9.app.foundation((null))>:93435]
2026-08-23 21:21:47.391 Df Runner[93435:1a8f855] [com.apple.BackBoard:Display] [FBSDisplaySource 1-1] silently connecting raw configuration: <FBSDisplayConfiguration: 0x10210fd00; Main; mode: "390x844@3x 60Hz p3 SDR">
2026-08-23 21:21:47.442 Df Runner[93435:1a8f855] [com.apple.network:activity] <nw_activity 50:1 [C50FC839-C40F-4A9E-B58E-B92AD31433C3] (global parent) (reporting strategy default) complete (reason success)> complete with reason 2 (success), duration 3479ms
2026-08-23 21:21:47.442 Df Runner[93435:1a8f855] [com.apple.network:activity] <nw_activity 50:2 [21917AAC-896B-4B8A-9942-77A16D6DF434] (reporting strategy default) complete (reason success)> complete with reason 2 (success), duration 3479ms
2026-08-23 21:21:47.442 Df Runner[93435:1a8f855] [com.apple.network:activity] Unsetting the global parent activity <nw_activity 50:1 [C50FC839-C40F-4A9E-B58E-B92AD31433C3] (global parent) (reporting strategy default) complete (reason success)>
2026-08-23 21:21:47.442 Df Runner[93435:1a8f855] [com.apple.network:activity] Unset the global parent activity
2026-08-23 21:21:47.442 Df Runner[93435:1a8f855] [com.apple.app_launch_measurement:ApplicationLaunch] alm_release_pageins_recording_assertion: releasing pageins recording assertion
2026-08-23 21:23:33.506 Df Runner[95782:1a925b7] [com.apple.xpc:connection] [0x102e80050] activating connection: mach=true listener=false peer=false name=com.apple.cfprefsd.daemon
2026-08-23 21:23:33.507 A  Runner[95782:1a925b7] (CoreFoundation) Loading Preferences From User Session CFPrefsD
2026-08-23 21:23:33.510 Df Runner[95782:1a925b8] [com.apple.BoardServices:XPCErrors] [C:1] Alloc com.apple.frontboard.systemappservices
2026-08-23 21:23:33.510 Df Runner[95782:1a925b8] [com.apple.xpc:connection] [0x102e845f0] activating connection: mach=false listener=false peer=false name=(anonymous)
2026-08-23 21:23:33.511 Df Runner[95782:1a92565] (libMobileGestalt.dylib) No persisted cache on this platform.
2026-08-23 21:23:33.518 Df Runner[95782:1a925b6] [com.apple.UIKit:BackgroundTask] Creating new assertion because there is no existing background assertion.
2026-08-23 21:23:33.518 Df Runner[95782:1a925b6] [com.apple.UIKit:BackgroundTask] Creating new background assertion
2026-08-23 21:23:33.518 Df Runner[95782:1a925b6] [com.apple.UIKit:BackgroundTask] Created new background assertion <BKSProcessAssertion: 0x102e89d40>
2026-08-23 21:23:33.518 Df Runner[95782:1a925b6] [com.apple.runningboard:connection] Initializing connection
2026-08-23 21:23:33.518 Df Runner[95782:1a925b6] [com.apple.runningboard:process] Removing all cached process handles
2026-08-23 21:23:33.518 Df Runner[95782:1a925b7] [com.apple.runningboard:connection] Sending handshake request attempt #1 to server
2026-08-23 21:23:33.518 Df Runner[95782:1a925b7] [com.apple.runningboard:connection] Creating connection to com.apple.runningboard
2026-08-23 21:23:33.518 Df Runner[95782:1a925b7] [com.apple.xpc:connection] [0x1035b4000] activating connection: mach=true listener=false peer=false name=com.apple.runningboard
2026-08-23 21:23:33.519 A  Runner[95782:1a925bd] (RunningBoardServices) didChangeInheritances
2026-08-23 21:23:33.520 Df Runner[95782:1a925b7] [com.apple.runningboard:connection] Handshake succeeded
2026-08-23 21:23:33.520 Df Runner[95782:1a925b7] [com.apple.runningboard:connection] Identity resolved as app<com.admin9.app.foundation((null))>
2026-08-23 21:23:33.521 Df Runner[95782:1a92565] [com.apple.UIKit:Application] Deactivation reason added: 10; deactivation reasons: 0 -> 1024; animating application lifecycle event: 0
2026-08-23 21:23:33.521 Df Runner[95782:1a925b6] [com.apple.UIKit:BackgroundTask] Incrementing reference count for background assertion <BKSProcessAssertion: 0x102e89d40>
2026-08-23 21:23:33.521 Df Runner[95782:1a92565] [com.apple.BoardServices:Injection] activating monitor for service com.apple.frontboard.open
2026-08-23 21:23:33.521 Df Runner[95782:1a925b6] [com.apple.UIKit:BackgroundTask] Created background task <_UIBackgroundTaskInfo: 0x10349cd40>: taskID = 1, taskName = Launch Background Task for Coalescing, creationTime = 360297 (elapsed = 0).
2026-08-23 21:23:33.521 Df Runner[95782:1a925b6] [com.apple.FrontBoard:SceneExtension] Realizing settings extension _UIApplicationSceneKeyboardSettings on FBSSceneSettings
2026-08-23 21:23:33.522 Df Runner[95782:1a92565] [com.apple.BoardServices:Injection] activating monitor for service com.apple.frontboard.workspace-service
2026-08-23 21:23:33.523 Df Runner[95782:1a92565] [com.apple.FrontBoard:Common] FBSWorkspace registering source: com.apple.frontboard.systemappservices
2026-08-23 21:23:33.527 Df Runner[95782:1a925b6] [com.apple.FrontBoard:SceneExtension] Realizing settings extension <_UISceneOcclusionSettings> on FBSSceneSettings
2026-08-23 21:23:33.527 Df Runner[95782:1a925b6] [com.apple.FrontBoard:SceneExtension] Realizing settings extension <_UISceneInterfaceProtectionSettings> on FBSSceneSettings
2026-08-23 21:23:33.528 Df Runner[95782:1a925b6] [com.apple.FrontBoard:SceneExtension] Realizing settings extension _UISceneLayoutPreferencesHostSettingsExtension on FBSSceneSettings
2026-08-23 21:23:33.528 Df Runner[95782:1a92565] [com.apple.FrontBoard:Common] FBSWorkspace connected to endpoint : <BSServiceConnectionEndpoint: 0x103508a80; target: com.apple.frontboard.systemappservices; service: com.apple.frontboard.workspace-service>
2026-08-23 21:23:33.528 Df Runner[95782:1a92565] [com.apple.FrontBoard:Common] <FBSWorkspaceScenesClient:0x1034f0aa0 com.apple.frontboard.systemappservices> attempting immediate handshake from activate
2026-08-23 21:23:33.528 Df Runner[95782:1a92565] [com.apple.FrontBoard:Common] <FBSWorkspaceScenesClient:0x1034f0aa0 com.apple.frontboard.systemappservices> sent handshake
2026-08-23 21:23:33.528 Df Runner[95782:1a925b6] [com.apple.FrontBoard:SceneExtension] Realizing settings extension _UISceneSafeAreaSettingsExtension on FBSSceneSettings
2026-08-23 21:23:33.528 Df Runner[95782:1a92565] [com.apple.runningboard:general] Added observer for process assertions expiration warning: <_RBSExpirationWarningClient: 0x103508f00>
2026-08-23 21:23:33.532 Df Runner[95782:1a925b6] [com.apple.FrontBoard:SceneExtension] Realizing settings extension _UISceneLayoutPreferenceClientSettingsExtension on FBSSceneClientSettings
2026-08-23 21:23:33.532 Df Runner[95782:1a925b6] [com.apple.FrontBoard:SceneExtension] Realizing settings extension <_UIHomeAffordanceHostSceneSettings> on FBSSceneSettings
2026-08-23 21:23:33.533 Df Runner[95782:1a925b6] [com.apple.FrontBoard:SceneExtension] Realizing settings extension _UISystemShellSceneHostingEnvironmentSettings on FBSSceneSettings
2026-08-23 21:23:33.533 Df Runner[95782:1a925b6] [com.apple.FrontBoard:SceneExtension] Realizing settings extension _UISceneRenderingEnvironmentSettings on FBSSceneSettings
2026-08-23 21:23:33.534 Df Runner[95782:1a92565] [com.apple.UIKit:UIScreen] Evaluated capturing state as 0 on <UIScreen: 0x1035b4500> for initial
2026-08-23 21:23:33.534 Df Runner[95782:1a925b6] [com.apple.FrontBoard:SceneExtension] Realizing settings extension <_UISceneRenderingEnvironmentClientSettings> on FBSSceneClientSettings
2026-08-23 21:23:33.534 Df Runner[95782:1a925b6] [com.apple.FrontBoard:SceneExtension] Realizing settings extension <_UISceneTransitioningHostSettings> on FBSSceneSettings
2026-08-23 21:23:33.534 Df Runner[95782:1a925b6] [com.apple.FrontBoard:SceneExtension] Realizing settings extension <_UISceneFocusSystemSettings> on FBSSceneSettings
2026-08-23 21:23:33.534 Df Runner[95782:1a92565] [com.apple.UIKit:UIScreen] Evaluated capturing state as 0 on <UIScreen: 0x1035b4500> for CADisplay KVO
2026-08-23 21:23:33.534 Df Runner[95782:1a925b6] [com.apple.FrontBoard:SceneExtension] Realizing settings extension _UISceneOrientationSettingsExtension on FBSSceneSettings
2026-08-23 21:23:33.534 Df Runner[95782:1a925b6] [com.apple.FrontBoard:SceneExtension] Realizing settings extension _UISceneOrientationClientSettingsExtension on FBSSceneClientSettings
2026-08-23 21:23:33.534 Df Runner[95782:1a925b6] [com.apple.FrontBoard:SceneExtension] Realizing settings extension _UISceneWindowingControlClientSettings on FBSSceneClientSettings
2026-08-23 21:23:33.535 Df Runner[95782:1a925b6] [com.apple.FrontBoard:SceneExtension] Realizing settings extension <_UISceneHostingContentSizePreferenceClientSettings> on FBSSceneClientSettings
2026-08-23 21:23:33.535 Df Runner[95782:1a925b6] [com.apple.FrontBoard:SceneExtension] Realizing settings extension _UISceneHostingTraitCollectionPropagationSettings on FBSSceneSettings
2026-08-23 21:23:33.536 Df Runner[95782:1a92565] [com.apple.Accessibility:AXSupportCommon] Read CategoryName: per-app = 1, category name = (null)
2026-08-23 21:23:33.536 Df Runner[95782:1a925b6] [com.apple.FrontBoard:SceneExtension] Realizing settings extension <_UISceneHostingSheetPresentationSettings> on FBSSceneSettings
2026-08-23 21:23:33.536 Df Runner[95782:1a92565] [com.apple.Accessibility:AXSupportCommon] Read CategoryName: per-app = 0, category name = UICTContentSizeCategoryL
2026-08-23 21:23:33.536 Df Runner[95782:1a925b6] [com.apple.FrontBoard:SceneExtension] Realizing settings extension <_UISceneHostingSheetPresentationClientSettings> on FBSSceneClientSettings
2026-08-23 21:23:33.537 Df Runner[95782:1a925b6] [com.apple.FrontBoard:SceneExtension] Realizing settings extension <_UISceneHostingEventDeferringSettings> on FBSSceneSettings
2026-08-23 21:23:33.538 Df Runner[95782:1a925b6] [com.apple.FrontBoard:SceneExtension] Realizing settings extension <UIKit__UITypedKeyValueSceneSettings> on FBSSceneSettings
2026-08-23 21:23:33.538 Df Runner[95782:1a925b6] [com.apple.FrontBoard:SceneExtension] Realizing settings extension <UIKit__UITypedKeyValueSceneSettings> on FBSSceneClientSettings
2026-08-23 21:23:33.539 Df Runner[95782:1a925b6] [com.apple.FrontBoard:SceneExtension] Realizing settings extension <_UISceneHostingViewControllerPreferencePropagationClientSettings> on FBSSceneClientSettings
2026-08-23 21:23:33.539 Df Runner[95782:1a925b6] [com.apple.FrontBoard:SceneExtension] Realizing settings extension <_UISceneZoomTransitionSettings> on FBSSceneSettings
2026-08-23 21:23:33.539 Df Runner[95782:1a925c6] [com.apple.FrontBoard:SceneExtension] Realizing settings extension FBSSceneSettingsCore on FBSSceneSettings
2026-08-23 21:23:33.540 Df Runner[95782:1a925c6] [com.apple.FrontBoard:SceneExtension] Realizing settings extension FBSSceneClientSettingsCore on FBSSceneClientSettings
2026-08-23 21:23:33.607 Df Runner[95782:1a925c6] [com.apple.FrontBoard:SceneExtension] UIMutableApplicationSceneSettings setting counterpart class: UIApplicationSceneSettings
2026-08-23 21:23:33.607 Df Runner[95782:1a925c6] [com.apple.FrontBoard:SceneExtension] UIMutableApplicationSceneClientSettings setting counterpart class: UIApplicationSceneClientSettings
2026-08-23 21:23:33.608 Df Runner[95782:1a925c6] [com.apple.FrontBoard:SceneExtension] Realizing settings extension FBSSceneTransitionContextCore on FBSSceneTransitionContext
2026-08-23 21:23:33.608 Df Runner[95782:1a92565] [com.apple.FileURL:default] kExcludedFromBackupXattrName set on path: /Users/fengqiyue/Library/Developer/CoreSimulator/Devices/C10E0968-4695-4C02-BC55-8C322531239A/data/Containers/Data/Application/094644F3-DBF3-4330-8857-32100DC8A437/Library/Caches//flutter_callback_cache.json
2026-08-23 21:23:34.216 A  Runner[95782:1a925c6] (CoreFoundation) Updating Key-Value Observers Of Preferences
2026-08-23 21:23:34.234 Df Runner[95782:1a92565] [com.apple.dt.xctest:Default] Registering for test daemon availability notify post.
2026-08-23 21:23:34.234 Df Runner[95782:1a92565] [com.apple.dt.xctest:Default] notify_get_state check indicated test daemon not ready.
2026-08-23 21:23:34.234 Df Runner[95782:1a92565] [com.apple.dt.xctest:Default] notify_get_state check indicated test daemon not ready.
2026-08-23 21:23:34.234 Df Runner[95782:1a92565] [com.apple.dt.xctest:Default] notify_get_state check indicated test daemon not ready.
2026-08-23 21:23:34.235 Df Runner[95782:1a92565] [com.apple.UIKit:Application] Deactivation reason added: 11; deactivation reasons: 1024 -> 3072; animating application lifecycle event: 0
2026-08-23 21:23:34.240 Df Runner[95782:1a92565] (UIKitCore) Warning: Unable to create restoration in progress marker file
2026-08-23 21:23:34.241 Df Runner[95782:1a92565] [com.apple.UIKit:Application] Deactivation reason removed: 10; deactivation reasons: 3072 -> 2048; animating application lifecycle event: 0
2026-08-23 21:23:34.275 Df Runner[95782:1a92565] [com.apple.UIKit:EventBus] Event Timing Profile for Touch: not found, path="/System/Library/EventTimingProfiles/Sim.Touch.plist"
2026-08-23 21:23:34.275 Df Runner[95782:1a92565] [com.apple.UIKit:EventBus] Event Timing Profile for Pencil: not found, path="/System/Library/EventTimingProfiles/Sim.Pencil.plist"
2026-08-23 21:23:34.275 Df Runner[95782:1a92565] [com.apple.UIKit:UpdateScheduler] Selected display: name=LCD (PurpleMain), id=1
2026-08-23 21:23:34.282 Df Runner[95782:1a92565] [com.apple.xpc:connection] [0x1035b4dc0] activating connection: mach=true listener=false peer=false name=com.apple.lsd.mapdb
2026-08-23 21:23:34.311 Df Runner[95782:1a92565] [com.apple.BoardServices:XPCErrors] [C:2] Alloc com.apple.backboard.hid-services.xpc
2026-08-23 21:23:34.311 Df Runner[95782:1a92565] [com.apple.xpc:connection] [0x1035b48c0] activating connection: mach=false listener=false peer=false name=(anonymous)
2026-08-23 21:23:34.314 Df Runner[95782:1a92565] [com.apple.app_launch_measurement:ApplicationLaunch] alm_acquire_pageins_recording_assertion: acquired pageins recording assertion!
2026-08-23 21:23:34.314 Df Runner[95782:1a925b6] [com.apple.BackBoard:EventDelivery] BKSHIDEventDeliveryManager - connection activation
2026-08-23 21:23:34.316 Df Runner[95782:1a92565] [com.apple.UIKit:BackgroundTask] Will add backgroundTask with taskName: Persistent SceneSession Map Update, expirationHandler: <__NSGlobalBlock__: 0x1e78c84e8>
2026-08-23 21:23:34.316 Df Runner[95782:1a92565] [com.apple.UIKit:BackgroundTask] Reusing background assertion <BKSProcessAssertion: 0x102e89d40>
2026-08-23 21:23:34.316 Df Runner[95782:1a92565] [com.apple.UIKit:BackgroundTask] Incrementing reference count for background assertion <BKSProcessAssertion: 0x102e89d40>
2026-08-23 21:23:34.316 Df Runner[95782:1a92565] [com.apple.UIKit:BackgroundTask] Created background task <_UIBackgroundTaskInfo: 0x103686d40>: taskID = 2, taskName = Persistent SceneSession Map Update, creationTime = 360298 (elapsed = 0).
2026-08-23 21:23:34.316 Df Runner[95782:1a92565] [com.apple.UIKit:Application] Deactivation reason added: 5; deactivation reasons: 2048 -> 2080; animating application lifecycle event: 1
2026-08-23 21:23:34.317 Df Runner[95782:1a92565] [com.apple.UIKit:InterfaceStyle] Should send trait collection or coordinate space update, interface style 1 -> 1, <UIWindowScene: 0x106c94c00> (A30F8E87-182B-48E3-B3B4-FD382426CD35)
2026-08-23 21:23:34.317 Df Runner[95782:1a92565] [com.apple.UIKit:InterfaceStyle] Not push traits update to screen for new style 1, <UIWindowScene: 0x106c94c00> (A30F8E87-182B-48E3-B3B4-FD382426CD35)
2026-08-23 21:23:34.317 Df Runner[95782:1a92565] [com.apple.UIKit:HomeAffordanceObservation] Initializing: <_UIHomeAffordanceSceneNotifier: 0x106d224c0>; with scene: <UIWindowScene: 0x106c94c00>
2026-08-23 21:23:34.317 Df Runner[95782:1a92565] [com.apple.BacklightServices:scenes] 0x106d27840 setDelegate:<0x106d277e0 _UIBacklightEnvironment> hasDelegate:YES for environment:sceneID:com.admin9.app.foundation-default
2026-08-23 21:23:34.318 Df Runner[95782:1a92565] [com.apple.UIKit:InterfaceStyle] Not push traits update to screen for new style 1, <UIWindowScene: 0x106c94c00> (A30F8E87-182B-48E3-B3B4-FD382426CD35)
2026-08-23 21:23:34.318 Df Runner[95782:1a92565] [com.apple.UIKit:EventDeferring] [0x106d22450] Initialized with scene: <UIWindowScene: 0x106c94c00>; behavior: <_UIEventDeferringBehavior_iOS: 0x106c8e6a0>; availableForProcess: 1, systemShellManagesKeyboardFocus: 1
2026-08-23 21:23:34.319 Df Runner[95782:1a925b6] [com.apple.BackBoard:EventDelivery] BKSHIDEventObserver - connection activation
2026-08-23 21:23:34.319 Df Runner[95782:1a92565] [com.apple.BackBoard:EventDelivery] policyStatus:<BKSHIDEventDeliveryPolicyObserver: 0x103472760; process scope; status: target> was:none
2026-08-23 21:23:34.319 Df Runner[95782:1a92565] [com.apple.UIKit:KeyWindow] Setting default evaluation strategy for UIUserInterfaceIdiomPhone to LastOneWins
2026-08-23 21:23:34.319 Df Runner[95782:1a92565] [com.apple.UIKit:KeyWindow] Scene target of keyboard event deferring environment did change: 1; scene: UIWindowScene: 0x106c94c00; scene identity: com.apple.frontboard.systemappservices/FBSceneManager:sceneID%3Acom.admin9.app.foundation-default
2026-08-23 21:23:34.319 Df Runner[95782:1a92565] [com.apple.UIKit:EventDeferring] [0x106d22450] Scene target of event deferring environments did update: scene: 0x106c94c00; current systemShellManagesKeyboardFocus: 1; systemShellManagesKeyboardFocusForScene: 1; eligibleForRecordRemoval: 1;
2026-08-23 21:23:34.319 Df Runner[95782:1a92565] [com.apple.UIKit:KeyWindow] Scene became target of keyboard event deferring environment: UIWindowScene: 0x106c94c00; scene identity: com.apple.frontboard.systemappservices/FBSceneManager:sceneID%3Acom.admin9.app.foundation-default
2026-08-23 21:23:34.319 Df Runner[95782:1a92565] [com.apple.UIKit:KeyWindow] Stack[KeyWindow] 0x106d27a80: Taking no further action for migration from LastOneWins -> SystemShellManaged as there are no scenes
2026-08-23 21:23:34.319 Df Runner[95782:1a92565] [com.apple.UIKit:KeyWindow] Setting default evaluation strategy for UIUserInterfaceIdiomPhone to SystemShellManaged
2026-08-23 21:23:34.319 Df Runner[95782:1a92565] [com.apple.UIKit:KeyWindow] Key window needs update: 0; currentKeyWindowScene: 0x0; evaluatedKeyWindowScene: 0x106c94c00; currentApplicationKeyWindow: 0x0; evaluatedApplicationKeyWindow: 0x0; reason: UIWindowScene: 0x106c94c00: Window scene became target of keyboard environment
2026-08-23 21:23:34.319 Df Runner[95782:1a92565] [com.apple.UIKit:InterfaceStyle] Not push traits update to screen for new style 1, <UIWindowScene: 0x106c94c00> (A30F8E87-182B-48E3-B3B4-FD382426CD35)
2026-08-23 21:23:34.319 Df Runner[95782:1a92565] [com.apple.UIKit:InterfaceStyle] Not push traits update to screen for new style 1, <UIWindowScene: 0x106c94c00> (A30F8E87-182B-48E3-B3B4-FD382426CD35)
2026-08-23 21:23:34.320 Df Runner[95782:1a92565] [com.apple.UIKit:InterfaceStyle] Not push traits update to screen for new style 1, <UIWindowScene: 0x106c94c00> (A30F8E87-182B-48E3-B3B4-FD382426CD35)
2026-08-23 21:23:34.353 Df Runner[95782:1a92565] [com.apple.xpc:connection] [0x1035b57c0] activating connection: mach=true listener=false peer=false name=com.apple.metal.simulator
2026-08-23 21:23:34.355 Df Runner[95782:1a92565] [com.apple.xpc:connection] [0x1035b5900] activating connection: mach=true listener=false peer=false name=com.apple.metal.simulator
2026-08-23 21:23:34.356 Df Runner[95782:1a92565] [com.apple.xpc:connection] [0x1035b5a40] activating connection: mach=true listener=false peer=false name=com.apple.metal.simulator
2026-08-23 21:23:34.357 E  Runner[95782:1a92565] [com.apple.UIKit:UIFocus] FlutterView implements focusItemsInRect: - caching for linear focus movement is limited as long as this view is on screen.
2026-08-23 21:23:34.373 E  Runner[95782:1a92565] (libCoreFSCache.dylib) fopen failed for data file: errno = 2 (No such file or directory)
2026-08-23 21:23:34.373 Df Runner[95782:1a92565] (libCoreFSCache.dylib) Invalidating cache
2026-08-23 21:23:34.373 Df Runner[95782:1a92565] [com.apple.xpc:connection] [0x1035b5b80] activating connection: mach=false listener=false peer=false name=com.apple.MTLCompilerService
2026-08-23 21:23:34.429 Df Runner[95782:1a926d8] (Flutter) flutter: The Dart VM service is listening on http://127.0.0.1:52867/ONJ62AzUnYM=/
2026-08-23 21:23:34.446 Df Runner[95782:1a92565] [com.apple.xpc:connection] [0x1035b5cc0] activating connection: mach=false listener=false peer=false name=com.apple.MTLCompilerService
2026-08-23 21:23:34.446 A  Runner[95782:1a925b6] (Metal) Metal Compiling Shader
2026-08-23 21:23:34.446 E  Runner[95782:1a92565] (libCoreFSCache.dylib) fopen failed for data file: errno = 2 (No such file or directory)
2026-08-23 21:23:34.446 Df Runner[95782:1a92565] (libCoreFSCache.dylib) Invalidating cache
2026-08-23 21:23:34.447 A  Runner[95782:1a925c4] (Metal) Metal Compiling Shader
2026-08-23 21:23:34.453 Df Runner[95782:1a925b7] [com.apple.xpc:connection] [0x1035b5e00] activating connection: mach=true listener=false peer=false name=com.apple.fontservicesd
2026-08-23 21:23:34.556 Df Runner[95782:1a925b7] [com.apple.UIKit:BackgroundTask] Ending background task with UIBackgroundTaskIdentifier: 1
2026-08-23 21:23:34.556 Df Runner[95782:1a925b7] [com.apple.UIKit:BackgroundTask] Ending task with identifier 1 and description: <_UIBackgroundTaskInfo: 0x10349cd40>: taskID = 1, taskName = Launch Background Task for Coalescing, creationTime = 360297 (elapsed = 1), _expireHandler: (null)
2026-08-23 21:23:34.556 Df Runner[95782:1a925b7] [com.apple.UIKit:BackgroundTask] Decrementing reference count for assertion <BKSProcessAssertion: 0x102e89d40> (used by background task with identifier 1: <_UIBackgroundTaskInfo: 0x10349cd40>: taskID = 1, taskName = Launch Background Task for Coalescing, creationTime = 360297 (elapsed = 1))
2026-08-23 21:23:34.675 A  Runner[95782:1a925b7] (RunningBoardServices) didChangeInheritances
2026-08-23 21:23:34.740 A  Runner[95782:1a925b6] (Metal) Metal Compiling Shader
2026-08-23 21:23:34.765 A  Runner[95782:1a925b6] (Metal) Metal Compiling Shader
2026-08-23 21:23:34.765 A  Runner[95782:1a925c4] (Metal) Metal Compiling Shader
2026-08-23 21:23:34.768 A  Runner[95782:1a925c4] (Metal) Metal Compiling Shader
2026-08-23 21:23:34.768 A  Runner[95782:1a925b6] (Metal) Metal Compiling Shader
2026-08-23 21:23:34.770 A  Runner[95782:1a925b6] (Metal) Metal Compiling Shader
2026-08-23 21:23:34.773 A  Runner[95782:1a925b6] (Metal) Metal Compiling Shader
2026-08-23 21:23:34.774 A  Runner[95782:1a925c4] (Metal) Metal Compiling Shader
2026-08-23 21:23:34.776 A  Runner[95782:1a925b6] (Metal) Metal Compiling Shader
2026-08-23 21:23:34.777 A  Runner[95782:1a925c4] (Metal) Metal Compiling Shader
2026-08-23 21:23:34.778 A  Runner[95782:1a925b6] (Metal) Metal Compiling Shader
2026-08-23 21:23:34.778 Df Runner[95782:1a92565] [com.apple.UIKit:Orientation] <UIWindowScene: 0x106c94c00> (A30F8E87-182B-48E3-B3B4-FD382426CD35) Scene updated orientation preferences: none -> ( Pu Ll Lr )
2026-08-23 21:23:34.780 A  Runner[95782:1a925c4] (Metal) Metal Compiling Shader
2026-08-23 21:23:34.780 A  Runner[95782:1a925b6] (Metal) Metal Compiling Shader
2026-08-23 21:23:34.783 A  Runner[95782:1a925c4] (Metal) Metal Compiling Shader
2026-08-23 21:23:34.784 A  Runner[95782:1a925b6] (Metal) Metal Compiling Shader
2026-08-23 21:23:34.786 Df Runner[95782:1a92565] [com.apple.UIKit:KeyWindow] Key window API is scene-level: YES
2026-08-23 21:23:34.786 Df Runner[95782:1a92565] [com.apple.UIKit:KeyWindow] UIWindowScene: 0x106c94c00: Window became key in scene: UIWindow: 0x1035e4800; contextId: 0x6A31AD6A: reason: UIWindowScene: 0x106c94c00: Window requested to become key in scene: 0x1035e4800
2026-08-23 21:23:34.786 Df Runner[95782:1a92565] [com.apple.UIKit:KeyWindow] Key window needs update: 1; currentKeyWindowScene: 0x0; evaluatedKeyWindowScene: 0x106c94c00; currentApplicationKeyWindow: 0x0; evaluatedApplicationKeyWindow: 0x1035e4800; reason: UIWindowScene: 0x106c94c00: Window requested to become key in scene: 0x1035e4800
2026-08-23 21:23:34.786 Df Runner[95782:1a92565] [com.apple.UIKit:KeyWindow] Window did become application key: UIWindow: 0x1035e4800; contextId: 0x6A31AD6A; scene identity: com.apple.frontboard.systemappservices/FBSceneManager:sceneID%3Acom.admin9.app.foundation-default
2026-08-23 21:23:34.786 Df Runner[95782:1a92565] [com.apple.UIKit:EventDeferring] [0x106d22450] Begin local event deferring requested for token: 0x1035110e0; environments: 1; reason: UIWindowScene: 0x106c94c00: Begin event deferring in keyboardFocus for window: 0x1035e4800
2026-08-23 21:23:34.786 A  Runner[95782:1a925b6] (Metal) Metal Compiling Shader
2026-08-23 21:23:34.786 A  Runner[95782:1a925c4] (Metal) Metal Compiling Shader
2026-08-23 21:23:34.788 Df Runner[95782:1a925b8] [com.apple.BackBoard:EventDelivery] policyStatus:<BKSHIDEventDeliveryPolicyObserver: 0x103472760; token: com.apple.frontboard.systemappservices/FBSceneManager:sceneID%3Acom.admin9.app.foundation-default; status: ancestor> was:target
2026-08-23 21:23:34.788 Df Runner[95782:1a92565] [com.apple.UIKit:InterfaceStyle] Not push traits update to screen for new style 1, <UIWindowScene: 0x106c94c00> (A30F8E87-182B-48E3-B3B4-FD382426CD35)
2026-08-23 21:23:34.789 A  Runner[95782:1a925b6] (Metal) Metal Compiling Shader
2026-08-23 21:23:34.789 A  Runner[95782:1a925c4] (Metal) Metal Compiling Shader
2026-08-23 21:23:34.791 A  Runner[95782:1a925b6] (Metal) Metal Compiling Shader
2026-08-23 21:23:34.792 A  Runner[95782:1a925c4] (Metal) Metal Compiling Shader
2026-08-23 21:23:34.794 A  Runner[95782:1a925b6] (Metal) Metal Compiling Shader
2026-08-23 21:23:34.794 A  Runner[95782:1a925c4] (Metal) Metal Compiling Shader
2026-08-23 21:23:34.796 A  Runner[95782:1a925c4] (Metal) Metal Compiling Shader
2026-08-23 21:23:34.796 A  Runner[95782:1a925b6] (Metal) Metal Compiling Shader
2026-08-23 21:23:34.797 A  Runner[95782:1a925c4] (Metal) Metal Compiling Shader
2026-08-23 21:23:34.797 A  Runner[95782:1a925b6] (Metal) Metal Compiling Shader
2026-08-23 21:23:34.798 A  Runner[95782:1a925c4] (Metal) Metal Compiling Shader
2026-08-23 21:23:34.799 A  Runner[95782:1a925b6] (Metal) Metal Compiling Shader
2026-08-23 21:23:34.800 A  Runner[95782:1a925c4] (Metal) Metal Compiling Shader
2026-08-23 21:23:34.800 A  Runner[95782:1a925b6] (Metal) Metal Compiling Shader
2026-08-23 21:23:34.801 A  Runner[95782:1a925b6] (Metal) Metal Compiling Shader
2026-08-23 21:23:34.801 A  Runner[95782:1a925c4] (Metal) Metal Compiling Shader
2026-08-23 21:23:34.803 A  Runner[95782:1a925c4] (Metal) Metal Compiling Shader
2026-08-23 21:23:34.803 A  Runner[95782:1a925b6] (Metal) Metal Compiling Shader
2026-08-23 21:23:34.804 A  Runner[95782:1a925b6] (Metal) Metal Compiling Shader
2026-08-23 21:23:34.804 A  Runner[95782:1a925c4] (Metal) Metal Compiling Shader
2026-08-23 21:23:34.806 A  Runner[95782:1a925b6] (Metal) Metal Compiling Shader
2026-08-23 21:23:34.807 A  Runner[95782:1a925b6] (Metal) Metal Compiling Shader
2026-08-23 21:23:34.807 A  Runner[95782:1a925c4] (Metal) Metal Compiling Shader
2026-08-23 21:23:34.808 Df Runner[95782:1a92565] [com.apple.UIKit:AppLifecycle] sceneOfRecord: sceneID: sceneID:com.admin9.app.foundation-default  persistentID: A30F8E87-182B-48E3-B3B4-FD382426CD35
2026-08-23 21:23:34.808 Df Runner[95782:1a92565] [com.apple.UIKit:Application] Ignoring already applied deactivation reason: 5; deactivation reasons: 2080
2026-08-23 21:23:34.808 Df Runner[95782:1a92565] [com.apple.UIKit:Application] Deactivation reason added: 12; deactivation reasons: 2080 -> 6176; animating application lifecycle event: 1
2026-08-23 21:23:34.809 A  Runner[95782:1a925c4] (Metal) Metal Compiling Shader
2026-08-23 21:23:34.810 Df Runner[95782:1a92565] [com.apple.UIKit:Application] Deactivation reason removed: 11; deactivation reasons: 6176 -> 4128; animating application lifecycle event: 1
2026-08-23 21:23:34.810 Df Runner[95782:1a92565] [com.apple.FrontBoard:SceneExtension] Realizing settings extension <_UISceneIntelligenceSupportSettings> on FBSSceneSettings
2026-08-23 21:23:34.811 A  Runner[95782:1a925c4] (Metal) Metal Compiling Shader
2026-08-23 21:23:34.811 A  Runner[95782:1a925b6] (Metal) Metal Compiling Shader
2026-08-23 21:23:34.812 A  Runner[95782:1a925c4] (Metal) Metal Compiling Shader
2026-08-23 21:23:34.813 Df Runner[95782:1a925b7] [com.apple.UIIntelligenceSupport:xpc] establishing connection to agent
2026-08-23 21:23:34.813 Df Runner[95782:1a92565] [com.apple.UIKit:InterfaceStyle] Not push traits update to screen for new style 1, <UIWindowScene: 0x106c94c00> (A30F8E87-182B-48E3-B3B4-FD382426CD35)
2026-08-23 21:23:34.814 Df Runner[95782:1a925b7] [com.apple.xpc:session] [0x106e9e580] Session created.
2026-08-23 21:23:34.814 A  Runner[95782:1a925c4] (Metal) Metal Compiling Shader
2026-08-23 21:23:34.814 Df Runner[95782:1a925b7] [com.apple.xpc:session] [0x106e9e580] Session created from connection [0x113a3e940]
2026-08-23 21:23:34.814 Df Runner[95782:1a925b7] [com.apple.xpc:connection] [0x113a3e940] activating connection: mach=true listener=false peer=false name=com.apple.uiintelligencesupport.agent
2026-08-23 21:23:34.815 Df Runner[95782:1a925b7] [com.apple.xpc:session] [0x106e9e580] Session activated
2026-08-23 21:23:34.815 Df Runner[95782:1a92565] [com.apple.xpc:connection] [0x113a3d680] activating connection: mach=true listener=false peer=false name=com.apple.IOSurface.Remote
2026-08-23 21:23:34.816 A  Runner[95782:1a925c4] (Metal) Metal Compiling Shader
2026-08-23 21:23:34.818 A  Runner[95782:1a925b6] (Metal) Metal Compiling Shader
2026-08-23 21:23:34.819 A  Runner[95782:1a925c4] (Metal) Metal Compiling Shader
2026-08-23 21:23:34.819 A  Runner[95782:1a925b6] (Metal) Metal Compiling Shader
2026-08-23 21:23:34.820 Df Runner[95782:1a925b8] [com.apple.UIKit:BackgroundTask] Ending background task with UIBackgroundTaskIdentifier: 2
2026-08-23 21:23:34.820 Df Runner[95782:1a925b8] [com.apple.UIKit:BackgroundTask] Ending task with identifier 2 and description: <_UIBackgroundTaskInfo: 0x103686d40>: taskID = 2, taskName = Persistent SceneSession Map Update, creationTime = 360298 (elapsed = 0), _expireHandler: <__NSGlobalBlock__: 0x1e78c84e8>
2026-08-23 21:23:34.820 Df Runner[95782:1a92565] [com.apple.network:activity] Create activity from XPC object <nw_activity 50:1 [E15E709B-A8BC-4A25-BFC0-A4373CA04817] (reporting strategy default)>
2026-08-23 21:23:34.820 Df Runner[95782:1a92565] [com.apple.network:activity] Create activity from XPC object <nw_activity 50:2 [93A06304-BF49-4B25-B5A4-292DCD7FBACF] (reporting strategy default)>
2026-08-23 21:23:34.820 Df Runner[95782:1a925b8] [com.apple.UIKit:BackgroundTask] Decrementing reference count for assertion <BKSProcessAssertion: 0x102e89d40> (used by background task with identifier 2: <_UIBackgroundTaskInfo: 0x103686d40>: taskID = 2, taskName = Persistent SceneSession Map Update, creationTime = 360298 (elapsed = 0))
2026-08-23 21:23:34.820 Df Runner[95782:1a92565] [com.apple.network:activity] Set activity <nw_activity 50:1 [E15E709B-A8BC-4A25-BFC0-A4373CA04817] (reporting strategy default)> as the global parent
2026-08-23 21:23:34.820 Df Runner[95782:1a925b8] [com.apple.UIKit:BackgroundTask] Will invalidate assertion: <BKSProcessAssertion: 0x102e89d40> for task identifier: 2
2026-08-23 21:23:34.820 Df Runner[95782:1a92565] [com.apple.UIKit:UpdateScheduler] Target list changed: <CADisplay:LCD PurpleMain>
2026-08-23 21:23:34.820 Df Runner[95782:1a92565] [com.apple.UIKit:AppLifecycle] sceneOfRecord: sceneID: sceneID:com.admin9.app.foundation-default  persistentID: A30F8E87-182B-48E3-B3B4-FD382426CD35
2026-08-23 21:23:34.820 A  Runner[95782:1a925c4] (Metal) Metal Compiling Shader
2026-08-23 21:23:34.821 Df Runner[95782:1a92565] [com.apple.UIKit:InterfaceStyle] Not push traits update to screen for new style 1, <UIWindowScene: 0x106c94c00> (A30F8E87-182B-48E3-B3B4-FD382426CD35)
2026-08-23 21:23:34.821 A  Runner[95782:1a925c6] (RunningBoardServices) didChangeInheritances
2026-08-23 21:23:34.822 A  Runner[95782:1a925c4] (Metal) Metal Compiling Shader
2026-08-23 21:23:34.822 A  Runner[95782:1a925b6] (Metal) Metal Compiling Shader
2026-08-23 21:23:34.825 A  Runner[95782:1a925c6] (RunningBoardServices) didChangeInheritances
2026-08-23 21:23:34.826 A  Runner[95782:1a925b6] (Metal) Metal Compiling Shader
2026-08-23 21:23:34.826 A  Runner[95782:1a925c4] (Metal) Metal Compiling Shader
2026-08-23 21:23:34.827 A  Runner[95782:1a925b6] (Metal) Metal Compiling Shader
2026-08-23 21:23:34.828 A  Runner[95782:1a925c4] (Metal) Metal Compiling Shader
2026-08-23 21:23:34.829 A  Runner[95782:1a925c4] (Metal) Metal Compiling Shader
2026-08-23 21:23:34.830 A  Runner[95782:1a925b6] (Metal) Metal Compiling Shader
2026-08-23 21:23:34.832 A  Runner[95782:1a925b6] (Metal) Metal Compiling Shader
2026-08-23 21:23:34.832 A  Runner[95782:1a925c4] (Metal) Metal Compiling Shader
2026-08-23 21:23:34.834 A  Runner[95782:1a925b6] (Metal) Metal Compiling Shader
2026-08-23 21:23:34.834 A  Runner[95782:1a925c4] (Metal) Metal Compiling Shader
2026-08-23 21:23:34.835 A  Runner[95782:1a925b6] (Metal) Metal Compiling Shader
2026-08-23 21:23:34.836 A  Runner[95782:1a925c4] (Metal) Metal Compiling Shader
2026-08-23 21:23:34.837 A  Runner[95782:1a925b6] (Metal) Metal Compiling Shader
2026-08-23 21:23:34.837 A  Runner[95782:1a925c4] (Metal) Metal Compiling Shader
2026-08-23 21:23:34.839 A  Runner[95782:1a925b6] (Metal) Metal Compiling Shader
2026-08-23 21:23:34.839 A  Runner[95782:1a925c4] (Metal) Metal Compiling Shader
2026-08-23 21:23:34.841 A  Runner[95782:1a925b6] (Metal) Metal Compiling Shader
2026-08-23 21:23:34.841 A  Runner[95782:1a925c4] (Metal) Metal Compiling Shader
2026-08-23 21:23:34.843 A  Runner[95782:1a925b6] (Metal) Metal Compiling Shader
2026-08-23 21:23:34.843 A  Runner[95782:1a925c4] (Metal) Metal Compiling Shader
2026-08-23 21:23:34.845 A  Runner[95782:1a925b6] (Metal) Metal Compiling Shader
2026-08-23 21:23:34.845 A  Runner[95782:1a925c4] (Metal) Metal Compiling Shader
2026-08-23 21:23:34.847 A  Runner[95782:1a925b6] (Metal) Metal Compiling Shader
2026-08-23 21:23:34.847 A  Runner[95782:1a925c4] (Metal) Metal Compiling Shader
2026-08-23 21:23:34.849 A  Runner[95782:1a925b6] (Metal) Metal Compiling Shader
2026-08-23 21:23:34.849 A  Runner[95782:1a925c4] (Metal) Metal Compiling Shader
2026-08-23 21:23:34.851 A  Runner[95782:1a925c4] (Metal) Metal Compiling Shader
2026-08-23 21:23:34.852 A  Runner[95782:1a925b6] (Metal) Metal Compiling Shader
2026-08-23 21:23:34.853 A  Runner[95782:1a925c4] (Metal) Metal Compiling Shader
2026-08-23 21:23:34.855 A  Runner[95782:1a925c4] (Metal) Metal Compiling Shader
2026-08-23 21:23:34.855 A  Runner[95782:1a925b6] (Metal) Metal Compiling Shader
2026-08-23 21:23:34.858 A  Runner[95782:1a925c4] (Metal) Metal Compiling Shader
2026-08-23 21:23:34.858 A  Runner[95782:1a925b6] (Metal) Metal Compiling Shader
2026-08-23 21:23:34.861 A  Runner[95782:1a925b6] (Metal) Metal Compiling Shader
2026-08-23 21:23:34.861 A  Runner[95782:1a925c4] (Metal) Metal Compiling Shader
2026-08-23 21:23:34.863 Df Runner[95782:1a92565] [com.apple.Accessibility:AXCommon] Read Per-App on Init: Smart invert = (null)
2026-08-23 21:23:34.864 A  Runner[95782:1a925b6] (Metal) Metal Compiling Shader
2026-08-23 21:23:34.864 A  Runner[95782:1a925c4] (Metal) Metal Compiling Shader
2026-08-23 21:23:34.902 A  Runner[95782:1a925c4] (Metal) Metal Compiling Shader
2026-08-23 21:23:34.903 A  Runner[95782:1a925b6] (Metal) Metal Compiling Shader
2026-08-23 21:23:34.903 A  Runner[95782:1a925c4] (Metal) Metal Compiling Shader
2026-08-23 21:23:34.904 A  Runner[95782:1a925c4] (Metal) Metal Compiling Shader
2026-08-23 21:23:34.905 A  Runner[95782:1a925b6] (Metal) Metal Compiling Shader
2026-08-23 21:23:34.906 Df Runner[95782:1a92565] [com.apple.UIKit:EventDeferring] [0x106d22450] Scene target of event deferring environments did update: scene: 0x106c94c00; current systemShellManagesKeyboardFocus: 1; systemShellManagesKeyboardFocusForScene: 1; eligibleForRecordRemoval: 1;
2026-08-23 21:23:34.906 Df Runner[95782:1a92565] [com.apple.UIKit:KeyWindow] Scene became target of keyboard event deferring environment: UIWindowScene: 0x106c94c00; scene identity: com.apple.frontboard.systemappservices/FBSceneManager:sceneID%3Acom.admin9.app.foundation-default
2026-08-23 21:23:34.906 A  Runner[95782:1a925b6] (Metal) Metal Compiling Shader
2026-08-23 21:23:34.906 Df Runner[95782:1a92565] [com.apple.FrontBoard:SceneExtension] Realizing settings extension SBUISecureRenderingSettingsExtension on FBSSceneSettings
2026-08-23 21:23:34.906 A  Runner[95782:1a925c4] (Metal) Metal Compiling Shader
2026-08-23 21:23:34.907 Df Runner[95782:1a92565] [com.apple.UIKit:InterfaceStyle] Not push traits update to screen for new style 1, <UIWindowScene: 0x106c94c00> (A30F8E87-182B-48E3-B3B4-FD382426CD35)
2026-08-23 21:23:34.907 Df Runner[95782:1a92565] [com.apple.UIKit:InterfaceStyle] Not push traits update to screen for new style 1, <UIWindowScene: 0x106c94c00> (A30F8E87-182B-48E3-B3B4-FD382426CD35)
2026-08-23 21:23:34.908 A  Runner[95782:1a925b6] (Metal) Metal Compiling Shader
2026-08-23 21:23:34.908 Df Runner[95782:1a92565] [com.apple.UIKit:AppLifecycle] sceneOfRecord: sceneID: sceneID:com.admin9.app.foundation-default  persistentID: A30F8E87-182B-48E3-B3B4-FD382426CD35
2026-08-23 21:23:34.908 Df Runner[95782:1a92565] [com.apple.UIKit:Application] Deactivation reason removed: 12; deactivation reasons: 4128 -> 32; animating application lifecycle event: 1
2026-08-23 21:23:34.908 Df Runner[95782:1a92565] [com.apple.KeyboardArbiter:Client] Send setDeactivating: N (-DeactivationReason:SuspendedEventsOnly)
2026-08-23 21:23:34.908 Df Runner[95782:1a92565] [com.apple.UIKit:Application] Deactivation reason removed: 5; deactivation reasons: 32 -> 0; animating application lifecycle event: 0
2026-08-23 21:23:34.909 A  Runner[95782:1a925c4] (Metal) Metal Compiling Shader
2026-08-23 21:23:34.909 A  Runner[95782:1a925b6] (Metal) Metal Compiling Shader
2026-08-23 21:23:34.910 A  Runner[95782:1a925c4] (Metal) Metal Compiling Shader
2026-08-23 21:23:34.911 A  Runner[95782:1a925b6] (Metal) Metal Compiling Shader
2026-08-23 21:23:34.912 A  Runner[95782:1a925c4] (Metal) Metal Compiling Shader
2026-08-23 21:23:34.913 A  Runner[95782:1a925c4] (Metal) Metal Compiling Shader
2026-08-23 21:23:34.913 A  Runner[95782:1a925b6] (Metal) Metal Compiling Shader
2026-08-23 21:23:34.914 A  Runner[95782:1a925b6] (Metal) Metal Compiling Shader
2026-08-23 21:23:34.914 A  Runner[95782:1a925c4] (Metal) Metal Compiling Shader
2026-08-23 21:23:34.915 A  Runner[95782:1a925b6] (Metal) Metal Compiling Shader
2026-08-23 21:23:34.915 A  Runner[95782:1a925c4] (Metal) Metal Compiling Shader
2026-08-23 21:23:34.916 A  Runner[95782:1a925b6] (Metal) Metal Compiling Shader
2026-08-23 21:23:34.916 A  Runner[95782:1a925c4] (Metal) Metal Compiling Shader
2026-08-23 21:23:34.917 A  Runner[95782:1a925b6] (Metal) Metal Compiling Shader
2026-08-23 21:23:34.917 A  Runner[95782:1a925c4] (Metal) Metal Compiling Shader
2026-08-23 21:23:34.918 A  Runner[95782:1a925b6] (Metal) Metal Compiling Shader
2026-08-23 21:23:34.927 A  Runner[95782:1a925c6] (RunningBoardServices) didChangeInheritances
2026-08-23 21:23:35.025 Df Runner[95782:1a92565] [com.apple.KeyboardArbiter:Client] startConnection
2026-08-23 21:23:35.027 Df Runner[95782:1a92565] [com.apple.xpc:connection] [0x1139a12c0] activating connection: mach=true listener=false peer=false name=com.apple.UIKit.KeyboardManagement.hosted
2026-08-23 21:23:35.050 Df Runner[95782:1a92565] [com.apple.KeyboardArbiter:Client] handleKeyboardChange: set currentKeyboard:N (wasKeyboard:N)
2026-08-23 21:23:35.067 Df Runner[95782:1a92565] [com.apple.UIKit:KeyboardSceneDelegate] forceReloadInputViews
2026-08-23 21:23:35.071 Df Runner[95782:1a92565] [com.apple.UIKit:KeyboardSceneDelegate] Reloading input views for key-window scene responder: <(null): 0x0; > force:Y
2026-08-23 21:23:35.072 Df Runner[95782:1a92565] [com.apple.UIKit:KeyboardArbiterClientLog] isWritingToolsHandlingKeyboardTracking:Y (WT ready:Y, Arbiter ready:Y)
2026-08-23 21:23:35.682 E  Runner[95782:1a92565] [com.apple.UIKit:UIFocus] FlutterSemanticsScrollView implements focusItemsInRect: - caching for linear focus movement is limited as long as this view is on screen.
2026-08-23 21:23:35.818 Df Runner[95782:1a92565] [com.apple.BackBoard:Display] [FBSDisplaySource 1-1] silently connecting raw configuration: <FBSDisplayConfiguration: 0x1034f5d00; Main; mode: "390x844@3x 60Hz p3 SDR">
2026-08-23 21:23:35.825 Df Runner[95782:1a92565] [com.apple.runningboard:connection] Creating side-channel connection to com.apple.runningboard
2026-08-23 21:23:35.825 Df Runner[95782:1a92565] [com.apple.xpc:connection] [0x1139a30c0] activating connection: mach=true listener=false peer=false name=com.apple.runningboard
2026-08-23 21:23:35.825 Df Runner[95782:1a92565] [com.apple.runningboard:process] Hit the server for a process handle 1fddbb9400017626 that resolved to: [app<com.admin9.app.foundation((null))>:95782]
2026-08-23 21:23:35.922 Df Runner[95782:1a92565] [com.apple.network:activity] <nw_activity 50:1 [E15E709B-A8BC-4A25-BFC0-A4373CA04817] (global parent) (reporting strategy default) complete (reason success)> complete with reason 2 (success), duration 3061ms
2026-08-23 21:23:35.923 Df Runner[95782:1a92565] [com.apple.network:activity] <nw_activity 50:2 [93A06304-BF49-4B25-B5A4-292DCD7FBACF] (reporting strategy default) complete (reason success)> complete with reason 2 (success), duration 3061ms
2026-08-23 21:23:35.923 Df Runner[95782:1a92565] [com.apple.network:activity] Unsetting the global parent activity <nw_activity 50:1 [E15E709B-A8BC-4A25-BFC0-A4373CA04817] (global parent) (reporting strategy default) complete (reason success)>
2026-08-23 21:23:35.923 Df Runner[95782:1a92565] [com.apple.network:activity] Unset the global parent activity
2026-08-23 21:23:35.923 Df Runner[95782:1a92565] [com.apple.app_launch_measurement:ApplicationLaunch] alm_release_pageins_recording_assertion: releasing pageins recording assertion
