$ /opt/homebrew/bin/flutter build ios --simulator --debug
Resolving dependencies...
Downloading packages...
  _fe_analyzer_shared 95.0.0 (105.0.0 available)
  analyzer 10.1.0 (14.1.0 available)
  archive 4.0.9 (4.2.0 available)
  image 4.9.1 (4.9.2 available)
  intl 0.20.2 (0.20.3 available)
  matcher 0.12.19 (0.12.20 available)
  material_color_utilities 0.13.0 (0.13.1 available)
  meta 1.18.0 (1.19.0 available)
  package_config 2.2.0 (3.0.0 available)
  path_provider_linux 2.2.1 (2.2.2 available)
  path_provider_platform_interface 2.1.2 (2.1.3 available)
  shared_preferences_android 2.4.25 (2.4.27 available)
  test_api 0.7.11 (0.7.13 available)
  vector_math 2.2.0 (2.4.2 available)
  vm_service 15.2.0 (15.3.0 available)
Got dependencies!
15 packages have newer versions incompatible with dependency constraints.
Try `flutter pub outdated` for more information.
Building com.admin9.app.foundation for simulator (ios)...
Running Xcode build...
Xcode build done.                                           15.9s
✓ Built build/ios/iphonesimulator/Runner.app
