--------- beginning of events
I/am_unfreeze(  543): [873,com.google.android.permissioncontroller,3]
I/dvm_lock_sample(  543): [system_server,0,InputReader,257,InputManagerGlobal.java,427,android.view.InputDevice android.hardware.input.InputManagerGlobal.getInputDeviceByDescriptor(java.lang.String),-,195,android.view.InputDevice android.hardware.input.InputManagerGlobal.getInputDevice(int),51]
I/dvm_lock_sample(  543): [system_server,0,main,3661,ActivityManagerService.java,17630,void com.android.server.am.ActivityManagerService$LocalService.updateDeviceIdleTempAllowlist(int[], int, boolean, long, int, int, java.lang.String, int),BroadcastQueueModernImpl.java,551,void com.android.server.am.BroadcastQueueModernImpl.checkPendingColdStartValidity(),100]
I/dvm_lock_sample(  873): [com.google.android.permissioncon,0,DefaultDispatcher-worker-3,393,CoroutineScheduler.kt,20,void kotlinx.coroutines.scheduling.CoroutineScheduler$Worker.tryTerminateWorker(),-,812,void kotlinx.coroutines.scheduling.CoroutineScheduler$Worker.tryTerminateWorker(),78]
I/dvm_lock_sample(  873): [com.google.android.permissioncon,0,DefaultDispatcher-worker-4,358,CoroutineScheduler.kt,20,void kotlinx.coroutines.scheduling.CoroutineScheduler$Worker.tryTerminateWorker(),-,812,void kotlinx.coroutines.scheduling.CoroutineScheduler$Worker.tryTerminateWorker(),71]
I/dvm_lock_sample(  873): [com.google.android.permissioncon,0,DefaultDispatcher-worker-1,359,CoroutineScheduler.kt,20,void kotlinx.coroutines.scheduling.CoroutineScheduler$Worker.tryTerminateWorker(),-,812,void kotlinx.coroutines.scheduling.CoroutineScheduler$Worker.tryTerminateWorker(),71]
I/am_unfreeze(  543): [984,com.android.settings,10]
I/am_unfreeze(  543): [3677,com.google.android.settings.intelligence,10]
I/am_unfreeze(  543): [3118,com.android.dynsystem:dynsystem,10]
I/dvm_lock_sample( 1320): [com.android.systemui,0,binder:1320_6,1937,InputManagerGlobal.java,239,void android.hardware.input.InputManagerGlobal.onInputDevicesChanged(int[]),-,195,android.view.InputDevice android.hardware.input.InputManagerGlobal.getInputDevice(int),100]
I/am_unfreeze(  543): [3027,com.android.dynsystem,10]
I/am_unfreeze(  543): [2840,com.android.localtransport,10]
I/am_unfreeze(  543): [1861,com.android.keychain,10]
I/dvm_lock_sample(  543): [system_server,1,binder:543_D,30,AppOpsService.java,3793,com.android.server.appop.AppOpsService$PackageVerificationResult com.android.server.appop.AppOpsService.verifyAndGetBypass(int, java.lang.String, java.lang.String, java.lang.String, boolean),AppOpsCheckingServiceImpl.java,214,int com.android.server.appop.AppOpsCheckingServiceImpl.getUidMode(int, int),6]
I/dvm_lock_sample(  543): [system_server,1,binder:543_9,3031,ActivityManagerService.java,13787,android.content.Intent com.android.server.am.ActivityManagerService.registerReceiverWithFeature(android.app.IApplicationThread, java.lang.String, java.lang.String, java.lang.String, android.content.IIntentReceiver, android.content.IntentFilter, java.lang.String, int, int),,0,null,100]
I/dvm_lock_sample(  543): [system_server,1,ActivityManager,1734,BroadcastQueueModernImpl.java,389,void com.android.server.am.BroadcastQueueModernImpl.updateRunningList(),ActivityManagerService.java,17648,void com.android.server.am.ActivityManagerService$LocalService.updateDeviceIdleTempAllowlist(int[], int, boolean, long, int, int, java.lang.String, int),100]
I/dvm_lock_sample(  543): [system_server,1,binder:543_9,222,BinderCallsStats.java,304,void com.android.internal.os.BinderCallsStats.processCallEnded(com.android.internal.os.BinderInternal$CallSession, int, int, int),-,358,void com.android.internal.os.BinderCallsStats.processCallEnded(com.android.internal.os.BinderInternal$CallSession, int, int, int),44]
I/dvm_lock_sample(  543): [system_server,1,binder:543_A,588,ActivityManagerService.java,13787,android.content.Intent com.android.server.am.ActivityManagerService.registerReceiverWithFeature(android.app.IApplicationThread, java.lang.String, java.lang.String, java.lang.String, android.content.IIntentReceiver, android.content.IntentFilter, java.lang.String, int, int),,0,null,100]
I/am_uid_active(  543): 10121
I/am_unfreeze(  543): [1640,com.google.android.apps.wellbeing,7]
I/dvm_lock_sample(  543): [system_server,1,NetworkPolicy.uid,467,ActivityManagerService.java,17733,void com.android.server.am.ActivityManagerService$LocalService.notifyNetworkPolicyRulesUpdated(int, long),OomAdjuster.java,609,boolean com.android.server.am.OomAdjuster.updateOomAdjLocked(com.android.server.am.ProcessRecord, int),93]
I/dvm_lock_sample(  543): [system_server,1,ActivityManager,993,BroadcastQueueModernImpl.java,389,void com.android.server.am.BroadcastQueueModernImpl.updateRunningList(),ContentProviderHelper.java,614,android.app.ContentProviderHolder com.android.server.am.ContentProviderHelper.getContentProviderImpl(android.app.IApplicationThread, java.lang.String, android.os.IBinder, int, java.lang.String, java.lang.String, boolean, int),100]
I/service_manager_slow(  543): [87,user]
I/dvm_lock_sample(  984): [com.android.settings,0,DefaultDispatcher-worker-1,525,CoroutineScheduler.kt,20,void kotlinx.coroutines.scheduling.CoroutineScheduler$Worker.tryTerminateWorker(),-,812,void kotlinx.coroutines.scheduling.CoroutineScheduler$Worker.tryTerminateWorker(),100]
I/dvm_lock_sample(  543): [system_server,1,binder:543_D,407,BinderCallsStats.java,304,void com.android.internal.os.BinderCallsStats.processCallEnded(com.android.internal.os.BinderInternal$CallSession, int, int, int),-,358,void com.android.internal.os.BinderCallsStats.processCallEnded(com.android.internal.os.BinderInternal$CallSession, int, int, int),81]
I/dvm_lock_sample(  543): [system_server,0,AlarmManager,1658,ActivityManagerService.java,18061,int com.android.server.am.ActivityManagerService$LocalService.broadcastIntentInPackage(java.lang.String, java.lang.String, int, int, int, android.content.Intent, java.lang.String, android.app.IApplicationThread, android.content.IIntentReceiver, int, java.lang.String, android.os.Bundle, java.lang.String, android.os.Bundle, boolean, boolean, int, android.app.BackgroundStartPrivileges, int[]),,0,null,100]
I/dvm_lock_sample(  543): [system_server,1,binder:543_4,1688,ActivityManagerService.java,13269,boolean com.android.server.am.ActivityManagerService.stopServiceToken(android.content.ComponentName, android.os.IBinder, int),,0,null,100]
I/dvm_lock_sample(  543): [system_server,0,appscheduling.default,1817,AlarmManagerService.java,5522,void com.android.server.alarm.AlarmManagerService$9.handleUidCachedChanged(int, boolean),-,4891,void com.android.server.alarm.AlarmManagerService$AlarmThread.run(),100]
I/dvm_lock_sample(  543): [system_server,0,binder:543_14,1693,ActivityManagerService.java,3820,void com.android.server.am.ActivityManagerService.forceStopPackage(java.lang.String, int, int),,0,null,100]
I/dvm_lock_sample(  543): [system_server,0,android.fg,107,PermissionManagerServiceImpl.java,5262,java.util.List com.android.server.pm.permission.PermissionManagerServiceImpl.getAllPermissionsWithProtection(int),-,2512,java.util.Set com.android.server.pm.permission.PermissionManagerServiceImpl.getGrantedPermissionsInternal(java.lang.String, int),21]
I/pm_snapshot_rebuild(  543): [140,7830]
I/dvm_lock_sample(  543): [system_server,1,binder:543_1B,1814,ActivityManagerService.java,13189,android.content.ComponentName com.android.server.am.ActivityManagerService.startService(android.app.IApplicationThread, android.content.Intent, java.lang.String, boolean, java.lang.String, java.lang.String, int, boolean, int, java.lang.String, java.lang.String),,0,null,100]
I/dvm_lock_sample(  543): [system_server,1,binder:543_4,24,PackageManagerService.java,1169,com.android.server.pm.Computer com.android.server.pm.PackageManagerService.snapshotComputer(boolean),-,1195,com.android.server.pm.Computer com.android.server.pm.PackageManagerService.snapshotComputer(boolean),4]
I/dvm_lock_sample(  543): [system_server,0,binder:543_B,677,ContentProviderHelper.java,811,void com.android.server.am.ContentProviderHelper.removeContentProvider(android.os.IBinder, boolean),,0,null,100]
I/dvm_lock_sample(  543): [system_server,0,main,2225,ActivityManagerService.java,13189,android.content.ComponentName com.android.server.am.ActivityManagerService.startService(android.app.IApplicationThread, android.content.Intent, java.lang.String, boolean, java.lang.String, java.lang.String, int, boolean, int, java.lang.String, java.lang.String),,0,null,100]
I/dvm_lock_sample(  543): [system_server,1,binder:543_19,465,ActivityManagerService.java,13787,android.content.Intent com.android.server.am.ActivityManagerService.registerReceiverWithFeature(android.app.IApplicationThread, java.lang.String, java.lang.String, java.lang.String, android.content.IIntentReceiver, android.content.IntentFilter, java.lang.String, int, int),,0,null,93]
I/dvm_lock_sample(  543): [system_server,1,binder:543_8,435,ActivityManagerService.java,13425,boolean com.android.server.am.ActivityManagerService.unbindService(android.app.IServiceConnection),,0,null,87]
I/dvm_lock_sample(  543): [system_server,1,binder:543_18,417,ActivityManagerService.java,15321,int com.android.server.am.ActivityManagerService.broadcastIntentWithFeature(android.app.IApplicationThread, java.lang.String, android.content.Intent, java.lang.String, android.content.IIntentReceiver, int, java.lang.String, android.os.Bundle, java.lang.String[], java.lang.String[], java.lang.String[], int, android.os.Bundle, boolean, boolean, int),,0,null,83]
I/dvm_lock_sample(  543): [system_server,1,binder:543_6,374,ContentProviderHelper.java,174,android.app.ContentProviderHolder com.android.server.am.ContentProviderHelper.getContentProviderImpl(android.app.IApplicationThread, java.lang.String, android.os.IBinder, int, java.lang.String, java.lang.String, boolean, int),,0,null,74]
I/dvm_lock_sample( 1897): [com.google.android.googlequickse,0,GoogleApiHandler,354,PG,1,void com.google.android.gms.common.internal.aj.d(com.google.android.gms.common.internal.af, android.content.ServiceConnection),-,14,boolean com.google.android.gms.common.internal.ai.handleMessage(android.os.Message),70]
I/wm_task_created(  543): 13
I/am_unfreeze(  543): [1823,com.google.process.gservices,7]
I/wm_set_resumed_activity(  543): [0,com.google.android.apps.nexuslauncher/.NexusLauncherActivity,addChildTask]
I/wm_on_top_resumed_gained_called( 1009): [160791333,com.google.android.apps.nexuslauncher.NexusLauncherActivity,topStateChangedWhenResumed]
I/dvm_lock_sample(  543): [system_server,1,android.display,821,ActivityManagerService.java,16728,void com.android.server.am.ActivityManagerService.trimApplications(boolean, int),,0,null,100]
I/wm_task_moved(  543): [13,13,0,1,2]
I/wm_task_to_front(  543): [0,13,0]
I/dvm_lock_sample(  543): [system_server,1,binder:543_10,1869,ActivityManagerService.java,13425,boolean com.android.server.am.ActivityManagerService.unbindService(android.app.IServiceConnection),,0,null,100]
I/wm_create_task(  543): [0,13,13,0]
I/wm_create_activity(  543): [0,77688843,13,com.admin9.app.foundation/.MainActivity,NULL,NULL,NULL,268435456]
I/dvm_lock_sample(  543): [system_server,0,binder:543_D,1289,ActivityManagerService.java,13459,void com.android.server.am.ActivityManagerService.serviceDoneExecuting(android.os.IBinder, int, int, int),,0,null,100]
I/wm_on_top_resumed_lost_called( 1009): [160791333,com.google.android.apps.nexuslauncher.NexusLauncherActivity,topStateChangedWhenResumed]
I/dvm_lock_sample(  543): [system_server,1,binder:543_19,1200,ActivityManagerService.java,13986,android.content.Intent com.android.server.am.ActivityManagerService.registerReceiverWithFeature(android.app.IApplicationThread, java.lang.String, java.lang.String, java.lang.String, android.content.IIntentReceiver, android.content.IntentFilter, java.lang.String, int, int),,0,null,100]
I/dvm_lock_sample(  543): [system_server,1,binder:543_8,1181,ActivityManagerService.java,13403,int com.android.server.am.ActivityManagerService.bindServiceInstance(android.app.IApplicationThread, android.os.IBinder, android.content.Intent, java.lang.String, android.app.IServiceConnection, long, java.lang.String, boolean, int, java.lang.String, android.app.IApplicationThread, java.lang.String, int),ContentProviderHelper.java,614,android.app.ContentProviderHolder com.android.server.am.ContentProviderHelper.getContentProviderImpl(android.app.IApplicationThread, java.lang.String, android.os.IBinder, int, java.lang.String, java.lang.String, boolean, int),100]
I/wm_task_moved(  543): [13,13,0,1,2]
I/wm_pause_activity(  543): [0,160791333,com.google.android.apps.nexuslauncher/.NexusLauncherActivity,userLeaving=true,pauseBackTasks]
I/dvm_lock_sample(  543): [system_server,1,binder:543_12,1445,ActivityManagerService.java,5527,java.lang.String com.android.server.am.ActivityManagerService.getTagForIntentSender(android.content.IIntentSender, java.lang.String),,0,null,100]
I/dvm_lock_sample(  543): [system_server,1,ActivityManager,127,BroadcastQueueModernImpl.java,293,boolean com.android.server.am.BroadcastQueueModernImpl.lambda$new$0(android.os.Message),ActivityManagerService.java,13404,int com.android.server.am.ActivityManagerService.bindServiceInstance(android.app.IApplicationThread, android.os.IBinder, android.content.Intent, java.lang.String, android.app.IServiceConnection, long, java.lang.String, boolean, int, java.lang.String, android.app.IApplicationThread, java.lang.String, int),25]
I/dvm_lock_sample(  543): [system_server,0,main,1377,AlarmManagerService.java,5291,void com.android.server.alarm.AlarmManagerService$UninstallReceiver.onReceive(android.content.Context, android.content.Intent),-,2373,void com.android.server.alarm.AlarmManagerService.setImpl(int, long, long, long, android.app.PendingIntent, android.app.IAlarmListener, java.lang.String, int, android.os.WorkSource, android.app.AlarmManager$AlarmClockInfo, int, java.lang.String, android.os.Bundle, int),100]
I/dvm_lock_sample(  543): [system_server,1,android.anim,1216,WindowAnimator.java,97,void com.android.server.wm.WindowAnimator.lambda$new$1(long),Object.java,-2,void java.lang.Object.wait(long, int),100]
I/dvm_lock_sample(  543): [system_server,1,binder:543_A,581,ActivityClientController.java,203,void com.android.server.wm.ActivityClientController.activityTopResumedStateLost(),Object.java,-2,void java.lang.Object.wait(long, int),100]
I/dvm_lock_sample(  543): [system_server,1,android.display,1132,RootWindowContainer.java,3611,void com.android.server.wm.RootWindowContainer$RankTaskLayersRunnable.run(),Object.java,-2,void java.lang.Object.wait(long, int),100]
I/dvm_lock_sample(  543): [system_server,1,binder:543_12,325,ActivityManagerService.java,7880,void com.android.server.am.ActivityManagerService.setHasTopUi(boolean),BroadcastQueueModernImpl.java,551,void com.android.server.am.BroadcastQueueModernImpl.checkPendingColdStartValidity(),65]
I/dvm_lock_sample(  543): [system_server,1,binder:543_18,527,BinderProxy.java,448,android.os.BinderProxy android.os.BinderProxy.getInstance(long, long),-,464,android.os.BinderProxy android.os.BinderProxy.getInstance(long, long),100]
I/dvm_lock_sample(  543): [system_server,1,binder:543_B,471,BinderProxy.java,448,android.os.BinderProxy android.os.BinderProxy.getInstance(long, long),-,464,android.os.BinderProxy android.os.BinderProxy.getInstance(long, long),94]
I/dvm_lock_sample(  543): [system_server,1,binder:543_1B,482,BinderProxy.java,448,android.os.BinderProxy android.os.BinderProxy.getInstance(long, long),-,464,android.os.BinderProxy android.os.BinderProxy.getInstance(long, long),96]
I/dvm_lock_sample(  543): [system_server,1,binder:543_4,324,BinderProxy.java,448,android.os.BinderProxy android.os.BinderProxy.getInstance(long, long),-,464,android.os.BinderProxy android.os.BinderProxy.getInstance(long, long),64]
I/dvm_lock_sample(  543): [system_server,1,binder:543_1D,262,BinderProxy.java,448,android.os.BinderProxy android.os.BinderProxy.getInstance(long, long),-,464,android.os.BinderProxy android.os.BinderProxy.getInstance(long, long),52]
I/dvm_lock_sample(  543): [system_server,1,binder:543_D,400,BinderProxy.java,448,android.os.BinderProxy android.os.BinderProxy.getInstance(long, long),-,464,android.os.BinderProxy android.os.BinderProxy.getInstance(long, long),80]
I/wm_on_paused_called( 1009): [160791333,com.google.android.apps.nexuslauncher.NexusLauncherActivity,performPause,45]
I/dvm_lock_sample(  543): [system_server,0,android.io,406,ActivityManagerService.java,13403,int com.android.server.am.ActivityManagerService.bindServiceInstance(android.app.IApplicationThread, android.os.IBinder, android.content.Intent, java.lang.String, android.app.IServiceConnection, long, java.lang.String, boolean, int, java.lang.String, android.app.IApplicationThread, java.lang.String, int),,0,null,81]
I/sysui_multi_action(  543): [757,1721,758,4,908,com.google.android.as/com.google.android.apps.miphone.aiai.app.AiAiAugmentedAutofillService,1722,5]
I/dvm_lock_sample(  543): [system_server,1,binder:543_1B,230,ActivityManagerService.java,13189,android.content.ComponentName com.android.server.am.ActivityManagerService.startService(android.app.IApplicationThread, android.content.Intent, java.lang.String, boolean, java.lang.String, java.lang.String, int, boolean, int, java.lang.String, java.lang.String),,0,null,46]
I/wm_add_to_stopping(  543): [0,160791333,com.google.android.apps.nexuslauncher/.NexusLauncherActivity,makeInvisible]
I/sysui_multi_action(  543): [757,803,799,window_time_0,802,231]
I/dvm_lock_sample(  543): [system_server,1,binder:543_4,400,ActivityManagerService.java,13189,android.content.ComponentName com.android.server.am.ActivityManagerService.startService(android.app.IApplicationThread, android.content.Intent, java.lang.String, boolean, java.lang.String, java.lang.String, int, boolean, int, java.lang.String, java.lang.String),,0,null,80]
I/dvm_lock_sample(  543): [system_server,1,binder:543_19,588,ActivityManagerService.java,14086,void com.android.server.am.ActivityManagerService.unregisterReceiver(android.content.IIntentReceiver),,0,null,100]
I/dvm_lock_sample(  543): [system_server,1,android.display,594,ActivityManagerService.java,18360,void com.android.server.am.ActivityManagerService$LocalService.startProcess(java.lang.String, android.content.pm.ApplicationInfo, boolean, boolean, java.lang.String, android.content.ComponentName),-,13404,int com.android.server.am.ActivityManagerService.bindServiceInstance(android.app.IApplicationThread, android.os.IBinder, android.content.Intent, java.lang.String, android.app.IServiceConnection, long, java.lang.String, boolean, int, java.lang.String, android.app.IApplicationThread, java.lang.String, int),100]
I/am_uid_running(  543): 10192
I/input_focus(  543): [Focus leaving 5ed918d com.google.android.apps.nexuslauncher/com.google.android.apps.nexuslauncher.NexusLauncherActivity (server),reason=NO_WINDOW]
I/dvm_lock_sample(  543): [system_server,1,binder:543_18,990,ActivityManagerService.java,13439,void com.android.server.am.ActivityManagerService.publishService(android.os.IBinder, android.content.Intent, android.os.IBinder),,0,null,100]
I/dvm_lock_sample(  543): [system_server,1,binder:543_6,193,ActivityTaskManagerService.java,2394,java.util.List com.android.server.wm.ActivityTaskManagerService.getTasks(int, boolean, boolean, int),,0,null,38]
I/dvm_lock_sample(  543): [system_server,1,binder:543_8,1152,ActivityManagerService.java,13403,int com.android.server.am.ActivityManagerService.bindServiceInstance(android.app.IApplicationThread, android.os.IBinder, android.content.Intent, java.lang.String, android.app.IServiceConnection, long, java.lang.String, boolean, int, java.lang.String, android.app.IApplicationThread, java.lang.String, int),,0,null,100]
I/dvm_lock_sample(  543): [system_server,1,ActivityManager,1396,BroadcastQueueModernImpl.java,293,boolean com.android.server.am.BroadcastQueueModernImpl.lambda$new$0(android.os.Message),,0,null,100]
I/dvm_lock_sample(  543): [system_server,1,android.ui,509,BroadcastQueueModernImpl.java,1604,void com.android.server.am.BroadcastQueueModernImpl$1.onUidStateChanged(int, int, long, int),,0,null,100]
I/dvm_lock_sample(  543): [system_server,0,binder:543_B,483,ContentProviderHelper.java,811,void com.android.server.am.ContentProviderHelper.removeContentProvider(android.os.IBinder, boolean),,0,null,96]
I/dvm_lock_sample(  543): [system_server,1,binder:543_1B,312,ActivityManagerService.java,13269,boolean com.android.server.am.ActivityManagerService.stopServiceToken(android.content.ComponentName, android.os.IBinder, int),,0,null,62]
I/dvm_lock_sample(  543): [system_server,1,binder:543_A,669,ActivityManagerService.java,13269,boolean com.android.server.am.ActivityManagerService.stopServiceToken(android.content.ComponentName, android.os.IBinder, int),,0,null,100]
I/dvm_lock_sample(  543): [system_server,1,binder:543_12,561,ActivityManagerService.java,13189,android.content.ComponentName com.android.server.am.ActivityManagerService.startService(android.app.IApplicationThread, android.content.Intent, java.lang.String, boolean, java.lang.String, java.lang.String, int, boolean, int, java.lang.String, java.lang.String),,0,null,100]
I/dvm_lock_sample( 1640): [com.google.android.apps.wellbein,0,GoogleApiHandler,1378,PG,1,boolean hiv.d(hiu, android.content.ServiceConnection),-,14,boolean hix.handleMessage(android.os.Message),100]
I/am_uid_active(  543): 10175
I/dvm_lock_sample(  543): [system_server,1,ActivityManager,450,BroadcastQueueModernImpl.java,293,boolean com.android.server.am.BroadcastQueueModernImpl.lambda$new$0(android.os.Message),,0,null,90]
I/dvm_lock_sample(  543): [system_server,1,binder:543_4,813,ActivityManagerService.java,13269,boolean com.android.server.am.ActivityManagerService.stopServiceToken(android.content.ComponentName, android.os.IBinder, int),,0,null,100]
I/dvm_lock_sample(  543): [system_server,1,binder:543_1D,227,ActivityManagerService.java,13403,int com.android.server.am.ActivityManagerService.bindServiceInstance(android.app.IApplicationThread, android.os.IBinder, android.content.Intent, java.lang.String, android.app.IServiceConnection, long, java.lang.String, boolean, int, java.lang.String, android.app.IApplicationThread, java.lang.String, int),,0,null,45]
I/dvm_lock_sample(  543): [system_server,1,binder:543_10,451,ActivityTaskManagerService.java,1960,android.app.ActivityTaskManager$RootTaskInfo com.android.server.wm.ActivityTaskManagerService.getFocusedRootTaskInfo(),WindowSurfacePlacer.java,58,void com.android.server.wm.WindowSurfacePlacer$Traverser.run(),90]
I/dvm_lock_sample(  543): [system_server,0,binder:543_B,563,ActivityManagerService.java,13459,void com.android.server.am.ActivityManagerService.serviceDoneExecuting(android.os.IBinder, int, int, int),,0,null,100]
I/dvm_lock_sample(  543): [system_server,1,binder:543_4,189,ActivityTaskManagerService.java,3784,android.window.TaskSnapshot com.android.server.wm.ActivityTaskManagerService.getTaskSnapshot(int, boolean, boolean),WindowSurfacePlacer.java,58,void com.android.server.wm.WindowSurfacePlacer$Traverser.run(),37]
I/dvm_lock_sample(  543): [system_server,0,binder:543_A,736,ActivityManagerService.java,13459,void com.android.server.am.ActivityManagerService.serviceDoneExecuting(android.os.IBinder, int, int, int),-,13195,android.content.ComponentName com.android.server.am.ActivityManagerService.startService(android.app.IApplicationThread, android.content.Intent, java.lang.String, boolean, java.lang.String, java.lang.String, int, boolean, int, java.lang.String, java.lang.String),100]
I/dvm_lock_sample(  543): [system_server,1,ActivityManager,616,BroadcastQueueModernImpl.java,293,boolean com.android.server.am.BroadcastQueueModernImpl.lambda$new$0(android.os.Message),ActivityManagerService.java,13195,android.content.ComponentName com.android.server.am.ActivityManagerService.startService(android.app.IApplicationThread, android.content.Intent, java.lang.String, boolean, java.lang.String, java.lang.String, int, boolean, int, java.lang.String, java.lang.String),100]
I/dvm_lock_sample(  543): [system_server,1,binder:543_B,601,ActivityManagerService.java,15321,int com.android.server.am.ActivityManagerService.broadcastIntentWithFeature(android.app.IApplicationThread, java.lang.String, android.content.Intent, java.lang.String, android.content.IIntentReceiver, int, java.lang.String, android.os.Bundle, java.lang.String[], java.lang.String[], java.lang.String[], int, android.os.Bundle, boolean, boolean, int),-,13195,android.content.ComponentName com.android.server.am.ActivityManagerService.startService(android.app.IApplicationThread, android.content.Intent, java.lang.String, boolean, java.lang.String, java.lang.String, int, boolean, int, java.lang.String, java.lang.String),100]
I/dvm_lock_sample(  543): [system_server,1,ActivityManager:procStart,569,ProcessList.java,2074,void com.android.server.am.ProcessList.lambda$handleProcessStart$1(com.android.server.am.ProcessRecord, java.lang.String, int[], int, int, int, java.lang.String, java.lang.String, java.lang.String, long),ActivityManagerService.java,13195,android.content.ComponentName com.android.server.am.ActivityManagerService.startService(android.app.IApplicationThread, android.content.Intent, java.lang.String, boolean, java.lang.String, java.lang.String, int, boolean, int, java.lang.String, java.lang.String),100]
I/service_manager_slow( 1017): [666,virtualdevice]
I/am_proc_start(  543): [0,4889,10192,com.admin9.app.foundation,next-top-activity,{com.admin9.app.foundation/com.admin9.app.foundation.MainActivity}]
I/notification_cancel_all(  543): [1000,543,com.admin9.app.foundation,0,0,0,5,NULL]
I/dvm_lock_sample(  543): [system_server,0,LazyTaskWriterThread,1046,TaskPersister.java,553,void com.android.server.wm.TaskPersister$TaskWriteQueueItem.process(),ActivityTaskManagerService.java,3820,android.window.TaskSnapshot com.android.server.wm.ActivityTaskManagerService.takeTaskSnapshot(int, boolean),100]
I/dvm_lock_sample(  543): [system_server,1,android.anim,642,WindowAnimator.java,97,void com.android.server.wm.WindowAnimator.lambda$new$1(long),ActivityTaskManagerService.java,3820,android.window.TaskSnapshot com.android.server.wm.ActivityTaskManagerService.takeTaskSnapshot(int, boolean),100]
I/dvm_lock_sample(  543): [system_server,0,binder:543_1D,983,BLASTSyncEngine.java,227,void com.android.server.wm.BLASTSyncEngine$SyncGroup$1CommitCallback.onCommitted(android.view.SurfaceControl$Transaction),ActivityTaskManagerService.java,3820,android.window.TaskSnapshot com.android.server.wm.ActivityTaskManagerService.takeTaskSnapshot(int, boolean),100]
I/dvm_lock_sample(  543): [system_server,0,backup-0,124,UserBackupManagerService.java,1083,void com.android.server.backup.UserBackupManagerService$1.run(),-,2105,void com.android.server.backup.UserBackupManagerService.scheduleNextFullBackupJob(long),24]
I/notification_cancel_all(  543): [1000,543,com.admin9.app.foundation,0,0,0,5,NULL]
I/notification_cancel_all(  543): [1000,543,com.admin9.app.foundation,0,0,0,5,NULL]
I/dvm_lock_sample(  543): [system_server,1,ActivityManager:procStart,1521,ActivityTaskManagerService.java,6104,void com.android.server.wm.ActivityTaskManagerService$LocalService.onProcessMapped(int, com.android.server.wm.WindowProcessController),,0,null,100]
I/dvm_lock_sample(  543): [system_server,1,android.anim,1211,InputMonitor.java,121,void com.android.server.wm.InputMonitor$UpdateInputWindows.run(),WindowManagerService.java,8599,void com.android.server.wm.WindowManagerService.onAnimationFinished(),100]
I/dvm_lock_sample(  543): [system_server,0,LazyTaskWriterThread,1544,TaskPersister.java,553,void com.android.server.wm.TaskPersister$TaskWriteQueueItem.process(),WindowManagerService.java,8599,void com.android.server.wm.WindowManagerService.onAnimationFinished(),100]
I/wm_wallpaper_surface(  543): [0,0,null]
I/dvm_lock_sample(  543): [system_server,1,binder:543_6,3064,ActivityManagerService.java,13189,android.content.ComponentName com.android.server.am.ActivityManagerService.startService(android.app.IApplicationThread, android.content.Intent, java.lang.String, boolean, java.lang.String, java.lang.String, int, boolean, int, java.lang.String, java.lang.String),,0,null,100]
I/dvm_lock_sample(  543): [system_server,1,binder:543_18,3065,ActivityManagerService.java,13425,boolean com.android.server.am.ActivityManagerService.unbindService(android.app.IServiceConnection),,0,null,100]
I/dvm_lock_sample(  543): [system_server,1,binder:543_1B,2749,ActivityManagerService.java,13439,void com.android.server.am.ActivityManagerService.publishService(android.os.IBinder, android.content.Intent, android.os.IBinder),ProcessList.java,2076,void com.android.server.am.ProcessList.lambda$handleProcessStart$1(com.android.server.am.ProcessRecord, java.lang.String, int[], int, int, int, java.lang.String, java.lang.String, java.lang.String, long),100]
I/dvm_lock_sample(  543): [system_server,1,binder:543_19,865,ActivityManagerService.java,13189,android.content.ComponentName com.android.server.am.ActivityManagerService.startService(android.app.IApplicationThread, android.content.Intent, java.lang.String, boolean, java.lang.String, java.lang.String, int, boolean, int, java.lang.String, java.lang.String),,0,null,100]
I/dvm_lock_sample(  543): [system_server,1,binder:543_D,1989,ActivityManagerService.java,13403,int com.android.server.am.ActivityManagerService.bindServiceInstance(android.app.IApplicationThread, android.os.IBinder, android.content.Intent, java.lang.String, android.app.IServiceConnection, long, java.lang.String, boolean, int, java.lang.String, android.app.IApplicationThread, java.lang.String, int),,0,null,100]
I/dvm_lock_sample(  543): [system_server,1,binder:543_12,2733,ActivityManagerService.java,13425,boolean com.android.server.am.ActivityManagerService.unbindService(android.app.IServiceConnection),,0,null,100]
I/dvm_lock_sample(  543): [system_server,1,binder:543_10,2732,ActivityManagerService.java,13787,android.content.Intent com.android.server.am.ActivityManagerService.registerReceiverWithFeature(android.app.IApplicationThread, java.lang.String, java.lang.String, java.lang.String, android.content.IIntentReceiver, android.content.IntentFilter, java.lang.String, int, int),,0,null,100]
I/dvm_lock_sample(  543): [system_server,1,binder:543_20,2683,ActivityManagerService.java,13425,boolean com.android.server.am.ActivityManagerService.unbindService(android.app.IServiceConnection),,0,null,100]
I/dvm_lock_sample(  543): [system_server,1,android.display,2519,ProcessRecord.java,1558,void com.android.server.am.ProcessRecord.setRunningRemoteAnimation(boolean),,0,null,100]
I/dvm_lock_sample( 1640): [com.google.android.apps.wellbein,1,main,127,MessageQueue.java,337,android.os.Message android.os.MessageQueue.next(),-,600,boolean android.os.MessageQueue.enqueueMessage(android.os.Message, long),25]
I/dvm_lock_sample( 1640): [com.google.android.apps.wellbein,0,GoogleApiHandler,119,MessageQueue.java,554,boolean android.os.MessageQueue.enqueueMessage(android.os.Message, long),-,600,boolean android.os.MessageQueue.enqueueMessage(android.os.Message, long),23]
I/dvm_lock_sample(  543): [system_server,1,ActivityManager,456,BroadcastQueueModernImpl.java,293,boolean com.android.server.am.BroadcastQueueModernImpl.lambda$new$0(android.os.Message),ActivityManagerService.java,13195,android.content.ComponentName com.android.server.am.ActivityManagerService.startService(android.app.IApplicationThread, android.content.Intent, java.lang.String, boolean, java.lang.String, java.lang.String, int, boolean, int, java.lang.String, java.lang.String),91]
I/service_manager_slow( 4889): [145,activity]
I/dvm_lock_sample(  543): [system_server,0,binder:543_9,541,ActivityManagerService.java,13459,void com.android.server.am.ActivityManagerService.serviceDoneExecuting(android.os.IBinder, int, int, int),-,13195,android.content.ComponentName com.android.server.am.ActivityManagerService.startService(android.app.IApplicationThread, android.content.Intent, java.lang.String, boolean, java.lang.String, java.lang.String, int, boolean, int, java.lang.String, java.lang.String),100]
I/dvm_lock_sample(  543): [system_server,1,binder:543_10,559,ActivityManagerService.java,13189,android.content.ComponentName com.android.server.am.ActivityManagerService.startService(android.app.IApplicationThread, android.content.Intent, java.lang.String, boolean, java.lang.String, java.lang.String, int, boolean, int, java.lang.String, java.lang.String),,0,null,100]
I/dvm_lock_sample( 1660): [com.google.android.gms,0,[com.google.android.gms.chimera.container.intentoperation.GmsIntentOperationChimeraService] processing,163,:com.google.android.gms@231818044@23.18.18 (190400-535401451),19,void hjw.run(),-,3,void hjy.i(int),32]
I/dvm_lock_sample(  543): [system_server,1,ActivityManager,460,BroadcastQueueModernImpl.java,293,boolean com.android.server.am.BroadcastQueueModernImpl.lambda$new$0(android.os.Message),,0,null,92]
I/dvm_lock_sample(  543): [system_server,0,binder:543_9,342,ActivityManagerService.java,13459,void com.android.server.am.ActivityManagerService.serviceDoneExecuting(android.os.IBinder, int, int, int),-,13195,android.content.ComponentName com.android.server.am.ActivityManagerService.startService(android.app.IApplicationThread, android.content.Intent, java.lang.String, boolean, java.lang.String, java.lang.String, int, boolean, int, java.lang.String, java.lang.String),68]
I/dvm_lock_sample(  543): [system_server,1,binder:543_20,1019,ActivityManagerService.java,14086,void com.android.server.am.ActivityManagerService.unregisterReceiver(android.content.IIntentReceiver),-,13195,android.content.ComponentName com.android.server.am.ActivityManagerService.startService(android.app.IApplicationThread, android.content.Intent, java.lang.String, boolean, java.lang.String, java.lang.String, int, boolean, int, java.lang.String, java.lang.String),100]
I/dvm_lock_sample(  543): [system_server,1,binder:543_A,1064,ActivityManagerService.java,13425,boolean com.android.server.am.ActivityManagerService.unbindService(android.app.IServiceConnection),-,13195,android.content.ComponentName com.android.server.am.ActivityManagerService.startService(android.app.IApplicationThread, android.content.Intent, java.lang.String, boolean, java.lang.String, java.lang.String, int, boolean, int, java.lang.String, java.lang.String),100]
I/dvm_lock_sample(  543): [system_server,1,binder:543_1D,1071,ActivityManagerService.java,13189,android.content.ComponentName com.android.server.am.ActivityManagerService.startService(android.app.IApplicationThread, android.content.Intent, java.lang.String, boolean, java.lang.String, java.lang.String, int, boolean, int, java.lang.String, java.lang.String),-,13195,android.content.ComponentName com.android.server.am.ActivityManagerService.startService(android.app.IApplicationThread, android.content.Intent, java.lang.String, boolean, java.lang.String, java.lang.String, int, boolean, int, java.lang.String, java.lang.String),100]
I/dvm_lock_sample(  543): [system_server,1,binder:543_6,305,ActivityManagerService.java,13269,boolean com.android.server.am.ActivityManagerService.stopServiceToken(android.content.ComponentName, android.os.IBinder, int),,0,null,61]
I/am_proc_bound(  543): [0,4889,com.admin9.app.foundation]
I/wm_restart_activity(  543): [0,77688843,13,com.admin9.app.foundation/.MainActivity]
I/wm_set_resumed_activity(  543): [0,com.admin9.app.foundation/.MainActivity,minimalResumeActivityLocked - onActivityStateChanged]
I/dvm_lock_sample(  543): [system_server,1,ActivityManager,93,BroadcastQueueModernImpl.java,293,boolean com.android.server.am.BroadcastQueueModernImpl.lambda$new$0(android.os.Message),ActivityManagerService.java,4940,void com.android.server.am.ActivityManagerService.finishAttachApplicationInner(long, int, int),18]
I/dvm_lock_sample(  543): [system_server,1,android.display,366,ProcessRecord.java,1492,void com.android.server.am.ProcessRecord.updateProcessInfo(boolean, boolean, boolean),,0,null,73]
I/am_uid_active(  543): 10192
I/dvm_lock_sample(  543): [system_server,1,binder:543_9,531,ActivityManagerService.java,13189,android.content.ComponentName com.android.server.am.ActivityManagerService.startService(android.app.IApplicationThread, android.content.Intent, java.lang.String, boolean, java.lang.String, java.lang.String, int, boolean, int, java.lang.String, java.lang.String),,0,null,100]
I/dvm_lock_sample(  543): [system_server,0,binder:543_1B,428,ActivityManagerService.java,13459,void com.android.server.am.ActivityManagerService.serviceDoneExecuting(android.os.IBinder, int, int, int),,0,null,85]
I/dvm_lock_sample(  543): [system_server,1,binder:543_12,350,ActivityManagerService.java,13189,android.content.ComponentName com.android.server.am.ActivityManagerService.startService(android.app.IApplicationThread, android.content.Intent, java.lang.String, boolean, java.lang.String, java.lang.String, int, boolean, int, java.lang.String, java.lang.String),,0,null,70]
I/dvm_lock_sample(  543): [system_server,1,android.ui,507,BroadcastQueueModernImpl.java,1604,void com.android.server.am.BroadcastQueueModernImpl$1.onUidStateChanged(int, int, long, int),,0,null,100]
I/dvm_lock_sample(  543): [system_server,1,ActivityManager,878,BroadcastQueueModernImpl.java,293,boolean com.android.server.am.BroadcastQueueModernImpl.lambda$new$0(android.os.Message),ActivityManagerService.java,13195,android.content.ComponentName com.android.server.am.ActivityManagerService.startService(android.app.IApplicationThread, android.content.Intent, java.lang.String, boolean, java.lang.String, java.lang.String, int, boolean, int, java.lang.String, java.lang.String),100]
I/dvm_lock_sample(  543): [system_server,1,binder:543_18,800,ActivityManagerService.java,13189,android.content.ComponentName com.android.server.am.ActivityManagerService.startService(android.app.IApplicationThread, android.content.Intent, java.lang.String, boolean, java.lang.String, java.lang.String, int, boolean, int, java.lang.String, java.lang.String),,0,null,100]
I/dvm_lock_sample(  543): [system_server,1,ActivityManager,1046,BroadcastQueueModernImpl.java,293,boolean com.android.server.am.BroadcastQueueModernImpl.lambda$new$0(android.os.Message),,0,null,100]
I/dvm_lock_sample(  543): [system_server,1,binder:543_4,1894,ActivityManagerService.java,13189,android.content.ComponentName com.android.server.am.ActivityManagerService.startService(android.app.IApplicationThread, android.content.Intent, java.lang.String, boolean, java.lang.String, java.lang.String, int, boolean, int, java.lang.String, java.lang.String),,0,null,100]
I/dvm_lock_sample(  543): [system_server,1,binder:543_1D,1124,ActivityManagerService.java,13189,android.content.ComponentName com.android.server.am.ActivityManagerService.startService(android.app.IApplicationThread, android.content.Intent, java.lang.String, boolean, java.lang.String, java.lang.String, int, boolean, int, java.lang.String, java.lang.String),,0,null,100]
I/dvm_lock_sample( 1660): [com.google.android.gms,1,main,1238,:com.google.android.gms@231818044@23.18.18 (190400-535401451),1,void abnq.onServiceConnected(android.content.ComponentName, android.os.IBinder),-,15,boolean abnp.d(abno, android.content.ServiceConnection, java.lang.String, java.util.concurrent.Executor),100]
I/dvm_lock_sample(  543): [system_server,1,binder:543_A,891,ActivityManagerService.java,13269,boolean com.android.server.am.ActivityManagerService.stopServiceToken(android.content.ComponentName, android.os.IBinder, int),,0,null,100]
I/dvm_lock_sample(  543): [system_server,1,binder:543_19,519,ContentProviderHelper.java,174,android.app.ContentProviderHolder com.android.server.am.ContentProviderHelper.getContentProviderImpl(android.app.IApplicationThread, java.lang.String, android.os.IBinder, int, java.lang.String, java.lang.String, boolean, int),,0,null,100]
I/dvm_lock_sample(  543): [system_server,1,ActivityManager,244,BroadcastQueueModernImpl.java,293,boolean com.android.server.am.BroadcastQueueModernImpl.lambda$new$0(android.os.Message),,0,null,48]
I/dvm_lock_sample(  543): [system_server,0,binder:543_B,72,ActivityManagerService.java,13425,boolean com.android.server.am.ActivityManagerService.unbindService(android.app.IServiceConnection),-,13195,android.content.ComponentName com.android.server.am.ActivityManagerService.startService(android.app.IApplicationThread, android.content.Intent, java.lang.String, boolean, java.lang.String, java.lang.String, int, boolean, int, java.lang.String, java.lang.String),14]
I/dvm_lock_sample(  543): [system_server,0,main,4976,AccessibilityManagerService.java,3212,void com.android.server.accessibility.AccessibilityManagerService.updateFingerprintGestureHandling(com.android.server.accessibility.AccessibilityUserState),ProxyManager.java,709,void com.android.server.accessibility.ProxyManager.updateTimeoutsIfNeeded(int, int),100]
I/dvm_lock_sample(  543): [system_server,1,PowerManagerService,1166,PowerManagerService.java,3340,void com.android.server.power.PowerManagerService.handleSandman(int),-,1633,void com.android.server.power.PowerManagerService.acquireWakeLockInternal(android.os.IBinder, int, int, java.lang.String, java.lang.String, android.os.WorkSource, java.lang.String, int, int, android.os.IWakeLockCallback),100]
I/dvm_lock_sample(  543): [system_server,1,binder:543_10,1387,ActivityManagerService.java,13189,android.content.ComponentName com.android.server.am.ActivityManagerService.startService(android.app.IApplicationThread, android.content.Intent, java.lang.String, boolean, java.lang.String, java.lang.String, int, boolean, int, java.lang.String, java.lang.String),,0,null,100]
I/commit_sys_config_file(  543): [package-user-0,3570]
I/dvm_lock_sample(  543): [system_server,1,ActivityManager,1460,BroadcastQueueModernImpl.java,293,boolean com.android.server.am.BroadcastQueueModernImpl.lambda$new$0(android.os.Message),,0,null,100]
I/dvm_lock_sample(  543): [system_server,1,binder:543_9,1002,ActivityManagerService.java,13189,android.content.ComponentName com.android.server.am.ActivityManagerService.startService(android.app.IApplicationThread, android.content.Intent, java.lang.String, boolean, java.lang.String, java.lang.String, int, boolean, int, java.lang.String, java.lang.String),,0,null,100]
I/dvm_lock_sample(  543): [system_server,0,binder:543_1E,313,ActivityManagerService.java,13459,void com.android.server.am.ActivityManagerService.serviceDoneExecuting(android.os.IBinder, int, int, int),,0,null,62]
I/service_manager_slow(  543): [12,platform_compat]
I/dvm_lock_sample(  543): [system_server,1,binder:543_1,1055,ContentProviderHelper.java,702,void com.android.server.am.ContentProviderHelper.publishContentProviders(android.app.IApplicationThread, java.util.List),,0,null,100]
I/dvm_lock_sample(  543): [system_server,1,binder:543_7,53,ActivityManagerService.java,13269,boolean com.android.server.am.ActivityManagerService.stopServiceToken(android.content.ComponentName, android.os.IBinder, int),BroadcastQueueModernImpl.java,295,boolean com.android.server.am.BroadcastQueueModernImpl.lambda$new$0(android.os.Message),10]
I/dvm_lock_sample(  543): [system_server,1,ActivityManager,37,BroadcastQueueModernImpl.java,293,boolean com.android.server.am.BroadcastQueueModernImpl.lambda$new$0(android.os.Message),ActivityManagerService.java,13404,int com.android.server.am.ActivityManagerService.bindServiceInstance(android.app.IApplicationThread, android.os.IBinder, android.content.Intent, java.lang.String, android.app.IServiceConnection, long, java.lang.String, boolean, int, java.lang.String, android.app.IApplicationThread, java.lang.String, int),7]
I/service_manager_slow( 1660): [77,virtualdevice]
I/dvm_lock_sample(  543): [system_server,1,binder:543_19,298,ActivityManagerService.java,13439,void com.android.server.am.ActivityManagerService.publishService(android.os.IBinder, android.content.Intent, android.os.IBinder),-,13195,android.content.ComponentName com.android.server.am.ActivityManagerService.startService(android.app.IApplicationThread, android.content.Intent, java.lang.String, boolean, java.lang.String, java.lang.String, int, boolean, int, java.lang.String, java.lang.String),59]
I/dvm_lock_sample(  543): [system_server,0,binder:543_9,316,ActivityManagerService.java,13459,void com.android.server.am.ActivityManagerService.serviceDoneExecuting(android.os.IBinder, int, int, int),-,13195,android.content.ComponentName com.android.server.am.ActivityManagerService.startService(android.app.IApplicationThread, android.content.Intent, java.lang.String, boolean, java.lang.String, java.lang.String, int, boolean, int, java.lang.String, java.lang.String),63]
I/dvm_lock_sample( 1660): [com.google.android.gms,0,[com.google.android.gms.chimera.container.intentoperation.GmsIntentOperationChimeraService-Executor] processing com.google.android.gms.icing.proxy.AppsMonitorIntentOperation for action android.intent.action.PACKAGE_REPLACED,600,:com.google.android.gms@231818044@23.18.18 (190400-535401451),1,void hjm.run(),-,3,void hjm.run(),100]
I/dvm_lock_sample(  543): [system_server,1,ActivityManager,343,BroadcastQueueModernImpl.java,293,boolean com.android.server.am.BroadcastQueueModernImpl.lambda$new$0(android.os.Message),ActivityManagerService.java,13195,android.content.ComponentName com.android.server.am.ActivityManagerService.startService(android.app.IApplicationThread, android.content.Intent, java.lang.String, boolean, java.lang.String, java.lang.String, int, boolean, int, java.lang.String, java.lang.String),68]
I/c2dm    ( 1362): [-2,,1,1]
I/dvm_lock_sample(  543): [system_server,1,binder:543_B,293,ActivityManagerService.java,13189,android.content.ComponentName com.android.server.am.ActivityManagerService.startService(android.app.IApplicationThread, android.content.Intent, java.lang.String, boolean, java.lang.String, java.lang.String, int, boolean, int, java.lang.String, java.lang.String),-,13195,android.content.ComponentName com.android.server.am.ActivityManagerService.startService(android.app.IApplicationThread, android.content.Intent, java.lang.String, boolean, java.lang.String, java.lang.String, int, boolean, int, java.lang.String, java.lang.String),58]
I/dvm_lock_sample(  543): [system_server,0,main,324,AlarmManagerService.java,5112,void com.android.server.alarm.AlarmManagerService$AlarmHandler.handleMessage(android.os.Message),-,2373,void com.android.server.alarm.AlarmManagerService.setImpl(int, long, long, long, android.app.PendingIntent, android.app.IAlarmListener, java.lang.String, int, android.os.WorkSource, android.app.AlarmManager$AlarmClockInfo, int, java.lang.String, android.os.Bundle, int),64]
I/gtalk_heartbeat_reset( 1362): [66096,198.18.0.94:5228]
I/dvm_lock_sample( 1660): [com.google.android.gms,0,[com.google.android.gms.chimera.container.intentoperation.GmsIntentOperationChimeraService-Executor] processing com.google.android.gms.icing.service.SystemEventIntentOperation for action android.intent.action.PACKAGE_ADDED,986,:com.google.android.gms@231818044@23.18.18 (190400-535401451),1,void hjm.run(),-,3,void hjm.run(),100]
I/dvm_lock_sample(  543): [system_server,1,ActivityManager,491,BroadcastQueueModernImpl.java,293,boolean com.android.server.am.BroadcastQueueModernImpl.lambda$new$0(android.os.Message),ActivityManagerService.java,13195,android.content.ComponentName com.android.server.am.ActivityManagerService.startService(android.app.IApplicationThread, android.content.Intent, java.lang.String, boolean, java.lang.String, java.lang.String, int, boolean, int, java.lang.String, java.lang.String),98]
I/dvm_lock_sample(  543): [system_server,1,binder:543_6,268,ActivityManagerService.java,13189,android.content.ComponentName com.android.server.am.ActivityManagerService.startService(android.app.IApplicationThread, android.content.Intent, java.lang.String, boolean, java.lang.String, java.lang.String, int, boolean, int, java.lang.String, java.lang.String),,0,null,53]
I/dvm_lock_sample(  543): [system_server,1,ActivityManager,293,BroadcastQueueModernImpl.java,293,boolean com.android.server.am.BroadcastQueueModernImpl.lambda$new$0(android.os.Message),,0,null,58]
I/auditd  ( 4889): type=1400 audit(0.0:23): avc:  denied  { read } for  comm=".app.foundation" name="max_map_count" dev="proc" ino=53408 scontext=u:r:untrusted_app:s0:c192,c256,c512,c768 tcontext=u:object_r:proc_max_map_count:s0 tclass=file permissive=0 app=com.admin9.app.foundation
I/dvm_lock_sample(  543): [system_server,0,binder:543_18,323,ActivityManagerService.java,13459,void com.android.server.am.ActivityManagerService.serviceDoneExecuting(android.os.IBinder, int, int, int),,0,null,64]
I/dvm_lock_sample(  543): [system_server,1,binder:543_1D,323,ActivityManagerService.java,13425,boolean com.android.server.am.ActivityManagerService.unbindService(android.app.IServiceConnection),,0,null,64]
I/dvm_lock_sample( 1660): [com.google.android.gms,0,[com.google.android.gms.chimera.container.intentoperation.GmsIntentOperationChimeraService] processing,92,:com.google.android.gms@231818044@23.18.18 (190400-535401451),12,void hjw.run(),-,3,void hjy.i(int),18]
I/dvm_lock_sample(  543): [system_server,0,binder:543_18,1197,ActivityManagerService.java,13459,void com.android.server.am.ActivityManagerService.serviceDoneExecuting(android.os.IBinder, int, int, int),,0,null,100]
I/dvm_lock_sample(  543): [system_server,1,ActivityManager,1129,BroadcastQueueModernImpl.java,293,boolean com.android.server.am.BroadcastQueueModernImpl.lambda$new$0(android.os.Message),ActivityManagerService.java,13404,int com.android.server.am.ActivityManagerService.bindServiceInstance(android.app.IApplicationThread, android.os.IBinder, android.content.Intent, java.lang.String, android.app.IServiceConnection, long, java.lang.String, boolean, int, java.lang.String, android.app.IApplicationThread, java.lang.String, int),100]
I/dvm_lock_sample( 1660): [com.google.android.gms,1,main,1404,:com.google.android.gms@231818044@23.18.18 (190400-535401451),4,void asac.g(asae, long),-,2,void asac.d(),100]
I/dvm_lock_sample(  543): [system_server,1,binder:543_B,44,BinderCallsStats.java,304,void com.android.internal.os.BinderCallsStats.processCallEnded(com.android.internal.os.BinderInternal$CallSession, int, int, int),-,358,void com.android.internal.os.BinderCallsStats.processCallEnded(com.android.internal.os.BinderInternal$CallSession, int, int, int),8]
I/gtalk_connection( 1362): 0
I/dvm_lock_sample(  543): [system_server,1,binder:543_1E,1921,ContentProviderHelper.java,174,android.app.ContentProviderHolder com.android.server.am.ContentProviderHelper.getContentProviderImpl(android.app.IApplicationThread, java.lang.String, android.os.IBinder, int, java.lang.String, java.lang.String, boolean, int),,0,null,100]
I/dvm_lock_sample(  543): [system_server,1,ActivityManager,215,BroadcastQueueModernImpl.java,293,boolean com.android.server.am.BroadcastQueueModernImpl.lambda$new$0(android.os.Message),ActivityManagerService.java,13195,android.content.ComponentName com.android.server.am.ActivityManagerService.startService(android.app.IApplicationThread, android.content.Intent, java.lang.String, boolean, java.lang.String, java.lang.String, int, boolean, int, java.lang.String, java.lang.String),43]
I/dvm_lock_sample(  543): [system_server,1,binder:543_1B,743,ActivityManagerService.java,15321,int com.android.server.am.ActivityManagerService.broadcastIntentWithFeature(android.app.IApplicationThread, java.lang.String, android.content.Intent, java.lang.String, android.content.IIntentReceiver, int, java.lang.String, android.os.Bundle, java.lang.String[], java.lang.String[], java.lang.String[], int, android.os.Bundle, boolean, boolean, int),,0,null,100]
I/dvm_lock_sample(  543): [system_server,1,binder:543_D,176,ActivityManagerService.java,13403,int com.android.server.am.ActivityManagerService.bindServiceInstance(android.app.IApplicationThread, android.os.IBinder, android.content.Intent, java.lang.String, android.app.IServiceConnection, long, java.lang.String, boolean, int, java.lang.String, android.app.IApplicationThread, java.lang.String, int),-,13195,android.content.ComponentName com.android.server.am.ActivityManagerService.startService(android.app.IApplicationThread, android.content.Intent, java.lang.String, boolean, java.lang.String, java.lang.String, int, boolean, int, java.lang.String, java.lang.String),35]
I/dvm_lock_sample(  543): [system_server,1,ActivityManager,81,BroadcastQueueModernImpl.java,293,boolean com.android.server.am.BroadcastQueueModernImpl.lambda$new$0(android.os.Message),,0,null,16]
I/sysui_multi_action(  543): [757,1721,758,4,908,com.google.android.as/com.google.android.apps.miphone.aiai.app.AiAiAugmentedAutofillService,1722,5]
I/dvm_lock_sample(  543): [system_server,1,binder:543_1F,73,ActivityManagerService.java,13403,int com.android.server.am.ActivityManagerService.bindServiceInstance(android.app.IApplicationThread, android.os.IBinder, android.content.Intent, java.lang.String, android.app.IServiceConnection, long, java.lang.String, boolean, int, java.lang.String, android.app.IApplicationThread, java.lang.String, int),,0,null,14]
I/wm_stop_activity(  543): [0,160791333,com.google.android.apps.nexuslauncher/.NexusLauncherActivity]
I/dvm_lock_sample(  543): [system_server,1,binder:543_1E,356,ActivityManagerService.java,15321,int com.android.server.am.ActivityManagerService.broadcastIntentWithFeature(android.app.IApplicationThread, java.lang.String, android.content.Intent, java.lang.String, android.content.IIntentReceiver, int, java.lang.String, android.os.Bundle, java.lang.String[], java.lang.String[], java.lang.String[], int, android.os.Bundle, boolean, boolean, int),,0,null,71]
I/dvm_lock_sample(  543): [system_server,1,ActivityManager,402,BroadcastQueueModernImpl.java,293,boolean com.android.server.am.BroadcastQueueModernImpl.lambda$new$0(android.os.Message),,0,null,80]
I/dvm_lock_sample( 1732): [com.google.android.as,0,aiai-vc-0,16354,PG,1,java.lang.Object erb.b(),-,2,java.lang.Object erb.b(),100]
I/dvm_lock_sample(  543): [system_server,0,android.perm,180,ActivityManagerService.java,13425,boolean com.android.server.am.ActivityManagerService.unbindService(android.app.IServiceConnection),-,13404,int com.android.server.am.ActivityManagerService.bindServiceInstance(android.app.IApplicationThread, android.os.IBinder, android.content.Intent, java.lang.String, android.app.IServiceConnection, long, java.lang.String, boolean, int, java.lang.String, android.app.IApplicationThread, java.lang.String, int),36]
I/wm_on_create_called( 4889): [77688843,com.admin9.app.foundation.MainActivity,performCreate,5837]
I/wm_on_start_called( 4889): [77688843,com.admin9.app.foundation.MainActivity,handleStartActivity,0]
I/wm_on_resume_called( 4889): [77688843,com.admin9.app.foundation.MainActivity,RESUME_ACTIVITY,2]
I/wm_on_stop_called( 1009): [160791333,com.google.android.apps.nexuslauncher.NexusLauncherActivity,STOP_ACTIVITY_ITEM,251]
I/dvm_lock_sample( 1362): [com.google.android.gms.persisten,1,main,1242,:com.google.android.gms@231818044@23.18.18 (190400-535401451),1,void abnq.onServiceConnected(android.content.ComponentName, android.os.IBinder),-,15,boolean abnp.d(abno, android.content.ServiceConnection, java.lang.String, java.util.concurrent.Executor),100]
I/dvm_lock_sample(  543): [system_server,1,ActivityManager,716,BroadcastQueueModernImpl.java,293,boolean com.android.server.am.BroadcastQueueModernImpl.lambda$new$0(android.os.Message),,0,null,100]
I/wm_on_top_resumed_gained_called( 4889): [77688843,com.admin9.app.foundation.MainActivity,topStateChangedWhenResumed]
I/dvm_lock_sample(  543): [system_server,0,appscheduling.default,1072,ActivityManagerService.java,17630,void com.android.server.am.ActivityManagerService$LocalService.updateDeviceIdleTempAllowlist(int[], int, boolean, long, int, int, java.lang.String, int),-,16730,void com.android.server.am.ActivityManagerService.trimApplications(boolean, int),100]
I/input_focus(  543): [Focus request eb4dc37 com.admin9.app.foundation/com.admin9.app.foundation.MainActivity,reason=UpdateInputWindows]
I/dvm_lock_sample(  543): [system_server,1,binder:543_19,990,DeviceIdleController.java,2515,boolean com.android.server.DeviceIdleController.isAppOnWhitelistInternal(int),-,3252,void com.android.server.DeviceIdleController.checkTempAppWhitelistTimeout(int),100]
I/dvm_lock_sample(  543): [system_server,0,binder:543_7,1675,ContentProviderHelper.java,811,void com.android.server.am.ContentProviderHelper.removeContentProvider(android.os.IBinder, boolean),ActivityManagerService.java,16730,void com.android.server.am.ActivityManagerService.trimApplications(boolean, int),100]
I/dvm_lock_sample(  543): [system_server,1,binder:543_4,1520,ActivityManagerService.java,13439,void com.android.server.am.ActivityManagerService.publishService(android.os.IBinder, android.content.Intent, android.os.IBinder),-,16730,void com.android.server.am.ActivityManagerService.trimApplications(boolean, int),100]
I/dvm_lock_sample(  543): [system_server,1,ActivityManager,1203,BroadcastQueueModernImpl.java,293,boolean com.android.server.am.BroadcastQueueModernImpl.lambda$new$0(android.os.Message),ActivityManagerService.java,16730,void com.android.server.am.ActivityManagerService.trimApplications(boolean, int),100]
I/dvm_lock_sample(  543): [system_server,1,binder:543_18,2290,ActivityManagerService.java,13269,boolean com.android.server.am.ActivityManagerService.stopServiceToken(android.content.ComponentName, android.os.IBinder, int),,0,null,100]
I/dvm_lock_sample(  543): [system_server,0,binder:543_7,465,ActivityManagerService.java,13459,void com.android.server.am.ActivityManagerService.serviceDoneExecuting(android.os.IBinder, int, int, int),BroadcastQueueModernImpl.java,295,boolean com.android.server.am.BroadcastQueueModernImpl.lambda$new$0(android.os.Message),93]
I/am_kill (  543): [0,3524,com.google.android.partnersetup,985,empty #17]
I/dvm_lock_sample( 1732): [com.google.android.as,0,aiai-min-shared-0,6236,PG,1,java.lang.Object erb.b(),-,2,java.lang.Object erb.b(),100]
I/am_kill (  543): [0,3985,com.google.android.marvin.talkback,985,empty #18]
I/am_kill (  543): [0,3973,com.google.android.healthconnect.controller,995,empty #19]
I/am_kill (  543): [0,1141,com.google.android.cellbroadcastreceiver,995,empty #20]
I/am_kill (  543): [0,1970,com.android.traceur,999,empty #21]
I/am_kill (  543): [0,3922,com.android.emergency,999,empty #22]
I/am_kill (  543): [0,3179,com.android.providers.calendar,999,empty #23]
I/am_kill (  543): [0,3443,com.google.android.gm,999,empty #24]
I/am_kill (  543): [0,1668,com.google.android.deskclock,999,empty #25]
I/am_kill (  543): [0,3008,com.android.chrome,999,empty #26]
I/am_kill (  543): [0,2626,com.google.android.tts,999,empty #27]
I/am_kill (  543): [0,3487,com.google.android.packageinstaller,999,empty #28]
I/am_kill (  543): [0,3388,com.google.android.devicelockcontroller,999,empty #29]
I/am_kill (  543): [0,3311,com.google.android.configupdater,999,empty #30]
I/am_kill (  543): [0,3272,com.android.shell,999,empty #31]
I/cc_current_allowlist(  543): [0,18]
I/cc_set_allowlist(  543): [0,18,0]
I/cc_current_allowlist(  543): [0,18]
I/cc_update_options(  543): [0,0]
I/sysui_multi_action(  543): [757,1721,758,4,908,com.google.android.as/com.google.android.apps.miphone.aiai.app.AiAiAugmentedAutofillService,1722,5]
I/am_kill (  543): [0,2536,com.google.android.apps.wallpaper,999,empty #32]
I/am_kill (  543): [0,3118,com.android.dynsystem:dynsystem,999,empty #33]
I/am_kill (  543): [0,1929,com.android.printspooler,999,empty #34]
I/am_kill (  543): [0,2330,android.process.media,999,empty #35]
I/am_kill (  543): [0,3085,com.android.managedprovisioning,999,empty #36]
I/am_kill (  543): [0,3027,com.android.dynsystem,999,empty #37]
I/am_kill (  543): [0,2840,com.android.localtransport,999,empty #38]
I/am_kill (  543): [0,2889,com.android.imsserviceentitlement,999,empty #39]
I/am_kill (  543): [0,2794,com.android.camera2,999,empty #40]
I/am_kill (  543): [0,2617,com.android.externalstorage,999,empty #41]
I/am_kill (  543): [0,2322,com.google.android.onetimeinitializer,999,empty #42]
I/dvm_lock_sample(  543): [system_server,1,binder:543_B,1762,ActivityManagerService.java,13269,boolean com.android.server.am.ActivityManagerService.stopServiceToken(android.content.ComponentName, android.os.IBinder, int),-,13404,int com.android.server.am.ActivityManagerService.bindServiceInstance(android.app.IApplicationThread, android.os.IBinder, android.content.Intent, java.lang.String, android.app.IServiceConnection, long, java.lang.String, boolean, int, java.lang.String, android.app.IApplicationThread, java.lang.String, int),100]
I/dvm_lock_sample(  543): [system_server,1,binder:543_7,1383,ActivityManagerService.java,13425,boolean com.android.server.am.ActivityManagerService.unbindService(android.app.IServiceConnection),-,13404,int com.android.server.am.ActivityManagerService.bindServiceInstance(android.app.IApplicationThread, android.os.IBinder, android.content.Intent, java.lang.String, android.app.IServiceConnection, long, java.lang.String, boolean, int, java.lang.String, android.app.IApplicationThread, java.lang.String, int),100]
I/dvm_lock_sample(  543): [system_server,1,binder:543_4,740,ActivityManagerService.java,13787,android.content.Intent com.android.server.am.ActivityManagerService.registerReceiverWithFeature(android.app.IApplicationThread, java.lang.String, java.lang.String, java.lang.String, android.content.IIntentReceiver, android.content.IntentFilter, java.lang.String, int, int),-,13404,int com.android.server.am.ActivityManagerService.bindServiceInstance(android.app.IApplicationThread, android.os.IBinder, android.content.Intent, java.lang.String, android.app.IServiceConnection, long, java.lang.String, boolean, int, java.lang.String, android.app.IApplicationThread, java.lang.String, int),100]
I/dvm_lock_sample(  543): [system_server,0,main,28,MessageQueue.java,337,android.os.Message android.os.MessageQueue.next(),-,600,boolean android.os.MessageQueue.enqueueMessage(android.os.Message, long),5]
I/am_proc_died(  543): [0,3027,com.android.dynsystem,999,19]
I/dvm_lock_sample( 1362): [com.google.android.gms.persisten,1,main,146,:com.google.android.gms@231818044@23.18.18 (190400-535401451),1,void abnq.onServiceConnected(android.content.ComponentName, android.os.IBinder),-,15,boolean abnp.d(abno, android.content.ServiceConnection, java.lang.String, java.util.concurrent.Executor),29]
I/am_freeze(  543): [873,com.google.android.permissioncontroller]
I/cc_current_allowlist(  543): [0,18]
I/cc_set_allowlist(  543): [0,18,0]
I/cc_current_allowlist(  543): [0,18]
I/cc_update_options(  543): [0,0]
I/am_proc_died(  543): [0,3985,com.google.android.marvin.talkback,985,19]
I/am_uid_stopped(  543): 10140
I/am_proc_died(  543): [0,3085,com.android.managedprovisioning,999,19]
I/am_uid_stopped(  543): 10097
I/am_freeze(  543): [1861,com.android.keychain]
I/cc_current_allowlist(  543): [0,18]
I/cc_set_allowlist(  543): [0,18,0]
I/cc_current_allowlist(  543): [0,18]
I/cc_update_options(  543): [0,0]
I/am_freeze(  543): [984,com.android.settings]
I/am_freeze(  543): [3677,com.google.android.settings.intelligence]
I/am_proc_died(  543): [0,3118,com.android.dynsystem:dynsystem,999,19]
I/am_proc_died(  543): [0,3179,com.android.providers.calendar,999,19]
I/am_uid_stopped(  543): 10088
I/am_proc_died(  543): [0,3922,com.android.emergency,999,19]
I/am_uid_stopped(  543): 10164
I/am_proc_died(  543): [0,3973,com.google.android.healthconnect.controller,995,19]
I/am_uid_stopped(  543): 10190
I/dvm_lock_sample(  543): [system_server,1,ActivityManager,516,BroadcastQueueModernImpl.java,389,void com.android.server.am.BroadcastQueueModernImpl.updateRunningList(),ActivityManagerService.java,1584,void com.android.server.am.ActivityManagerService$AppDeathRecipient.binderDied(),100]
I/dvm_lock_sample(  543): [system_server,0,binder:543_4,494,ActivityManagerService.java,1582,void com.android.server.am.ActivityManagerService$AppDeathRecipient.binderDied(),-,1584,void com.android.server.am.ActivityManagerService$AppDeathRecipient.binderDied(),98]
I/am_proc_died(  543): [0,3524,com.google.android.partnersetup,985,19]
I/am_uid_stopped(  543): 10120
I/dvm_lock_sample(  543): [system_server,0,binder:543_19,455,ActivityManagerService.java,1582,void com.android.server.am.ActivityManagerService$AppDeathRecipient.binderDied(),,0,null,91]
I/am_proc_died(  543): [0,2794,com.android.camera2,999,19]
I/am_uid_stopped(  543): 10139
I/dvm_lock_sample(  543): [system_server,1,binder:543_B,556,ActivityManagerService.java,13425,boolean com.android.server.am.ActivityManagerService.unbindService(android.app.IServiceConnection),,0,null,100]
I/dvm_lock_sample(  543): [system_server,1,ActivityManager,720,BroadcastQueueModernImpl.java,389,void com.android.server.am.BroadcastQueueModernImpl.updateRunningList(),,0,null,100]
I/dvm_lock_sample(  543): [system_server,0,binder:543_1,713,ActivityManagerService.java,1582,void com.android.server.am.ActivityManagerService$AppDeathRecipient.binderDied(),,0,null,100]
I/am_proc_died(  543): [0,1141,com.google.android.cellbroadcastreceiver,995,19]
I/am_uid_stopped(  543): 10176
I/dvm_lock_sample(  543): [system_server,1,ActivityManager,164,BroadcastQueueModernImpl.java,389,void com.android.server.am.BroadcastQueueModernImpl.updateRunningList(),ActivityManagerService.java,1584,void com.android.server.am.ActivityManagerService$AppDeathRecipient.binderDied(),32]
I/dvm_lock_sample(  543): [system_server,1,binder:543_8,723,ActivityManagerService.java,13403,int com.android.server.am.ActivityManagerService.bindServiceInstance(android.app.IApplicationThread, android.os.IBinder, android.content.Intent, java.lang.String, android.app.IServiceConnection, long, java.lang.String, boolean, int, java.lang.String, android.app.IApplicationThread, java.lang.String, int),,0,null,100]
I/am_proc_died(  543): [0,3388,com.google.android.devicelockcontroller,999,19]
I/am_uid_stopped(  543): 10185
I/dvm_lock_sample(  543): [system_server,0,bgres-controller,31,ActivityManagerService.java,18534,boolean com.android.server.am.ActivityManagerService$LocalService.isProfileOwner(int),-,1584,void com.android.server.am.ActivityManagerService$AppDeathRecipient.binderDied(),6]
I/am_proc_died(  543): [0,1970,com.android.traceur,999,19]
I/am_uid_stopped(  543): 10103
I/dvm_lock_sample( 1897): [com.google.android.googlequickse,0,Blocking Thread #29,248,PG,1,void com.google.android.apps.gsa.k.d.d(com.google.android.apps.gsa.k.c),-,15,void com.google.android.apps.gsa.k.d.d(com.google.android.apps.gsa.k.c),49]
I/dvm_lock_sample(  543): [system_server,0,binder:543_10,175,ActivityManagerService.java,1582,void com.android.server.am.ActivityManagerService$AppDeathRecipient.binderDied(),,0,null,35]
I/am_proc_died(  543): [0,2536,com.google.android.apps.wallpaper,999,19]
I/am_uid_stopped(  543): 10168
I/dvm_lock_sample(  543): [system_server,1,ActivityManager,189,BroadcastQueueModernImpl.java,293,boolean com.android.server.am.BroadcastQueueModernImpl.lambda$new$0(android.os.Message),,0,null,37]
I/am_proc_died(  543): [0,3272,com.android.shell,999,19]
I/am_uid_stopped(  543): 2000
I/am_proc_died(  543): [0,3008,com.android.chrome,999,19]
I/am_schedule_service_restart(  543): [0,com.android.chrome/org.chromium.chrome.browser.customtabs.CustomTabsConnectionService,1000]
I/am_uid_stopped(  543): 10146
I/dvm_lock_sample(  543): [system_server,0,binder:543_1B,174,ActivityManagerService.java,13459,void com.android.server.am.ActivityManagerService.serviceDoneExecuting(android.os.IBinder, int, int, int),,0,null,34]
I/am_proc_died(  543): [0,3487,com.google.android.packageinstaller,999,19]
I/am_uid_stopped(  543): 10091
I/dvm_lock_sample(  543): [system_server,1,android.ui,173,MessageQueue.java,337,android.os.Message android.os.MessageQueue.next(),-,600,boolean android.os.MessageQueue.enqueueMessage(android.os.Message, long),34]
I/dvm_lock_sample( 1897): [com.google.android.googlequickse,0,Blocking Thread #30,536,PG,1,void com.google.android.apps.gsa.k.d.d(com.google.android.apps.gsa.k.c),-,15,void com.google.android.apps.gsa.k.d.d(com.google.android.apps.gsa.k.c),100]
I/am_proc_died(  543): [0,1929,com.android.printspooler,999,19]
I/am_uid_stopped(  543): 10107
I/dvm_lock_sample(  543): [system_server,0,binder:543_2,1410,ActivityManagerService.java,1582,void com.android.server.am.ActivityManagerService$AppDeathRecipient.binderDied(),,0,null,100]
I/am_proc_died(  543): [0,2330,android.process.media,999,19]
I/am_uid_stopped(  543): 10082
I/dvm_lock_sample(  543): [system_server,0,binder:543_13,1705,ActivityManagerService.java,1582,void com.android.server.am.ActivityManagerService$AppDeathRecipient.binderDied(),,0,null,100]
I/am_proc_died(  543): [0,2322,com.google.android.onetimeinitializer,999,19]
I/am_uid_stopped(  543): 10125
I/dvm_lock_sample(  543): [system_server,0,binder:543_D,1782,ActivityManagerService.java,1582,void com.android.server.am.ActivityManagerService$AppDeathRecipient.binderDied(),,0,null,100]
I/am_proc_died(  543): [0,2889,com.android.imsserviceentitlement,999,19]
I/am_uid_stopped(  543): 10129
I/dvm_lock_sample(  543): [system_server,0,binder:543_20,1777,ActivityManagerService.java,1582,void com.android.server.am.ActivityManagerService$AppDeathRecipient.binderDied(),,0,null,100]
I/am_proc_died(  543): [0,3311,com.google.android.configupdater,999,19]
I/am_uid_stopped(  543): 10118
I/dvm_lock_sample(  543): [system_server,1,ActivityManager,2366,BroadcastQueueModernImpl.java,293,boolean com.android.server.am.BroadcastQueueModernImpl.lambda$new$0(android.os.Message),,0,null,100]
I/am_uid_running(  543): 10146
I/cc_current_allowlist(  543): [0,18]
I/cc_set_allowlist(  543): [0,18,0]
I/cc_current_allowlist(  543): [0,18]
I/cc_update_options(  543): [0,0]
I/dvm_lock_sample(  543): [system_server,0,binder:543_1,2284,ActivityManagerService.java,1582,void com.android.server.am.ActivityManagerService$AppDeathRecipient.binderDied(),,0,null,100]
I/am_proc_died(  543): [0,2617,com.android.externalstorage,999,19]
I/am_uid_stopped(  543): 10092
I/dvm_lock_sample(  543): [system_server,0,binder:543_15,2664,ActivityManagerService.java,1582,void com.android.server.am.ActivityManagerService$AppDeathRecipient.binderDied(),,0,null,100]
I/am_proc_died(  543): [0,2840,com.android.localtransport,999,19]
I/dvm_lock_sample(  543): [system_server,1,binder:543_1D,223,ActivityManagerService.java,7627,boolean com.android.server.am.ActivityManagerService.isUidActive(int, java.lang.String),OomAdjuster.java,570,void com.android.server.am.OomAdjuster.updateOomAdjLocked(int),44]
I/dvm_lock_sample(  543): [system_server,0,binder:543_6,1918,ActivityManagerService.java,1582,void com.android.server.am.ActivityManagerService$AppDeathRecipient.binderDied(),,0,null,100]
I/am_proc_died(  543): [0,1668,com.google.android.deskclock,999,19]
I/am_uid_stopped(  543): 10148
I/dvm_lock_sample(  543): [system_server,0,binder:543_7,1432,ActivityManagerService.java,1582,void com.android.server.am.ActivityManagerService$AppDeathRecipient.binderDied(),,0,null,100]
I/am_proc_died(  543): [0,3443,com.google.android.gm,999,19]
I/am_uid_stopped(  543): 10145
I/dvm_lock_sample(  543): [system_server,0,binder:543_1B,3207,ActivityManagerService.java,13459,void com.android.server.am.ActivityManagerService.serviceDoneExecuting(android.os.IBinder, int, int, int),,0,null,100]
I/dvm_lock_sample(  543): [system_server,0,binder:543_14,746,ActivityManagerService.java,1582,void com.android.server.am.ActivityManagerService$AppDeathRecipient.binderDied(),,0,null,100]
I/am_proc_died(  543): [0,2626,com.google.android.tts,999,19]
I/am_uid_stopped(  543): 10149
I/dvm_lock_sample(  543): [system_server,1,ActivityManager,717,BroadcastQueueModernImpl.java,293,boolean com.android.server.am.BroadcastQueueModernImpl.lambda$new$0(android.os.Message),,0,null,100]
I/dvm_lock_sample(  543): [system_server,1,ActivityManager:procStart,112,ProcessList.java,2074,void com.android.server.am.ProcessList.lambda$handleProcessStart$1(com.android.server.am.ProcessRecord, java.lang.String, int[], int, int, int, java.lang.String, java.lang.String, java.lang.String, long),ActivityManagerService.java,1584,void com.android.server.am.ActivityManagerService$AppDeathRecipient.binderDied(),22]
I/am_proc_start(  543): [0,4972,10146,com.android.chrome,service,{com.android.chrome/org.chromium.chrome.browser.customtabs.CustomTabsConnectionService}]
I/dvm_lock_sample(  543): [system_server,1,binder:543_1F,691,ActivityManagerService.java,13233,int com.android.server.am.ActivityManagerService.stopService(android.app.IApplicationThread, android.content.Intent, java.lang.String, int, boolean, int, java.lang.String, java.lang.String),,0,null,100]
I/am_proc_bound(  543): [0,4972,com.android.chrome]
I/service_manager_slow( 4972): [52,netstats]
I/service_manager_slow( 4972): [62,virtualdevice]
I/am_kill (  543): [0,2145,com.google.process.gapps,975,empty #17]
I/service_manager_slow( 4972): [76,content_capture]
I/dvm_lock_sample(  543): [system_server,1,ActivityManager,83,BroadcastQueueModernImpl.java,293,boolean com.android.server.am.BroadcastQueueModernImpl.lambda$new$0(android.os.Message),ContentProviderHelper.java,614,android.app.ContentProviderHolder com.android.server.am.ContentProviderHelper.getContentProviderImpl(android.app.IApplicationThread, java.lang.String, android.os.IBinder, int, java.lang.String, java.lang.String, boolean, int),16]
I/am_proc_died(  543): [0,2145,com.google.process.gapps,975,19]
I/am_kill (  543): [0,3605,com.google.android.rkpdapp,975,empty #17]
I/am_kill (  543): [0,3932,com.google.android.gms.ui,975,empty #18]
I/dvm_lock_sample(  543): [system_server,1,ActivityManager,403,BroadcastQueueModernImpl.java,293,boolean com.android.server.am.BroadcastQueueModernImpl.lambda$new$0(android.os.Message),ActivityManagerService.java,13465,void com.android.server.am.ActivityManagerService.serviceDoneExecuting(android.os.IBinder, int, int, int),80]
I/am_pss  (  543): [4889,10192,com.admin9.app.foundation,63279104,57143296,543744,152539136,0,2,48]
I/am_pss  (  543): [984,1000,com.android.settings,44602368,17072128,16187392,138465280,0,19,158]
I/am_pss  (  543): [1362,10127,com.google.android.gms.persistent,77685760,52219904,1363968,225337344,0,5,247]
I/am_proc_died(  543): [0,3605,com.google.android.rkpdapp,975,19]
I/am_uid_stopped(  543): 10187
I/am_pss  (  543): [1774,10130,com.google.android.apps.messaging:rcs,28252160,11431936,3129344,119754752,0,5,152]
I/am_pss  (  543): [1625,10152,com.google.android.inputmethod.latin,41789440,24084480,9447424,140001280,0,7,26]
I/am_pss  (  543): [4889,10192,com.admin9.app.foundation,63466496,57192448,575488,152576000,0,2,69]
I/dvm_lock_sample(  543): [system_server,0,binder:543_15,433,ActivityManagerService.java,1582,void com.android.server.am.ActivityManagerService$AppDeathRecipient.binderDied(),-,1584,void com.android.server.am.ActivityManagerService$AppDeathRecipient.binderDied(),86]
I/am_proc_died(  543): [0,3932,com.google.android.gms.ui,975,19]
I/dvm_lock_sample(  543): [system_server,1,ActivityManager,408,BroadcastQueueModernImpl.java,389,void com.android.server.am.BroadcastQueueModernImpl.updateRunningList(),ActivityManagerService.java,1584,void com.android.server.am.ActivityManagerService$AppDeathRecipient.binderDied(),81]
I/am_pss  (  543): [1751,10132,com.google.android.googlequicksearchbox:interactor,142130176,98095104,12108800,258613248,0,5,85]
I/dvm_lock_sample(  543): [system_server,0,android.bg,268,MessageQueue.java,554,boolean android.os.MessageQueue.enqueueMessage(android.os.Message, long),-,600,boolean android.os.MessageQueue.enqueueMessage(android.os.Message, long),53]
I/service_manager_slow( 1362): [65,thermalservice]
I/dvm_lock_sample(  543): [system_server,1,ActivityManager,90,BroadcastQueueModernImpl.java,293,boolean com.android.server.am.BroadcastQueueModernImpl.lambda$new$0(android.os.Message),ActivityManagerService.java,13195,android.content.ComponentName com.android.server.am.ActivityManagerService.startService(android.app.IApplicationThread, android.content.Intent, java.lang.String, boolean, java.lang.String, java.lang.String, int, boolean, int, java.lang.String, java.lang.String),18]
I/am_freeze(  543): [4972,com.android.chrome]
I/am_compact(  543): [4972,com.android.chrome,ANON,106920,75128,30744,21040,-5764,0,-5764,5708,1638,SOME,0,1001,19,133120,-116]
I/am_freeze(  543): [1823,com.google.process.gservices]
I/am_pss  (  543): [1320,10169,com.android.systemui,98103296,73486336,15442944,203022336,0,1,184]
I/am_pss  (  543): [543,1000,system,184460288,150913024,11880448,307539968,0,0,432]
I/am_freeze(  543): [1660,com.google.android.gms]
I/dvm_lock_sample(  543): [system_server,0,main,152,ActivityManagerService.java,15321,int com.android.server.am.ActivityManagerService.broadcastIntentWithFeature(android.app.IApplicationThread, java.lang.String, android.content.Intent, java.lang.String, android.content.IIntentReceiver, int, java.lang.String, android.os.Bundle, java.lang.String[], java.lang.String[], java.lang.String[], int, android.os.Bundle, boolean, boolean, int),ContentProviderHelper.java,1522,void com.android.server.am.ContentProviderHelper.handleProviderRemoval(com.android.server.am.ContentProviderConnection, boolean, boolean),30]
I/dvm_lock_sample(  543): [system_server,1,PowerManagerService,283,MessageQueue.java,337,android.os.Message android.os.MessageQueue.next(),-,600,boolean android.os.MessageQueue.enqueueMessage(android.os.Message, long),56]
I/am_uid_idle(  543): 10175
I/dvm_lock_sample(  543): [system_server,0,appscheduling.default,452,AlarmManagerService.java,5522,void com.android.server.alarm.AlarmManagerService$9.handleUidCachedChanged(int, boolean),-,4891,void com.android.server.alarm.AlarmManagerService$AlarmThread.run(),90]
I/dvm_lock_sample(  543): [system_server,0,main,282,AlarmManagerService.java,5666,void com.android.server.alarm.AlarmManagerService$DeliveryTracker.alarmComplete(android.os.IBinder),-,4891,void com.android.server.alarm.AlarmManagerService$AlarmThread.run(),56]
I/dvm_lock_sample(  543): [system_server,0,watchdog.monitor,654,BatteryStatsService.java,570,void com.android.server.am.BatteryStatsService.monitor(),-,806,void com.android.server.am.BatteryStatsService.lambda$noteUidProcessState$13(int, int, long, long),100]
I/dvm_lock_sample(  543): [system_server,0,main,59,TimeController.java,222,void com.android.server.job.controllers.TimeController.checkExpiredDeadlinesAndResetAlarm(),JobSchedulerService.java,3305,void com.android.server.job.JobSchedulerService$JobHandler.handleMessage(android.os.Message),11]
I/dvm_lock_sample(  543): [system_server,0,batterystats-worker,518,BatteryExternalStatsWorker.java,564,void com.android.server.power.stats.BatteryExternalStatsWorker.updateExternalStatsLocked(java.lang.String, int, boolean, boolean, int, int[], boolean),BatteryStatsService.java,1899,void com.android.server.am.BatteryStatsService.lambda$noteWifiRadioPowerState$64(int, long, int, long, long),100]
I/am_compact(  543): [1660,com.google.android.gms,ANON,208928,155352,51072,25268,-29188,0,-29188,29004,16013,FULL,400325,905,19,133124,-2356]
I/am_kill (  543): [0,3340,com.google.android.contacts,935,empty #17]
I/dvm_lock_sample(  543): [system_server,1,ActivityManager,514,BroadcastQueueModernImpl.java,293,boolean com.android.server.am.BroadcastQueueModernImpl.lambda$new$0(android.os.Message),ActivityManagerService.java,13404,int com.android.server.am.ActivityManagerService.bindServiceInstance(android.app.IApplicationThread, android.os.IBinder, android.content.Intent, java.lang.String, android.app.IServiceConnection, long, java.lang.String, boolean, int, java.lang.String, android.app.IApplicationThread, java.lang.String, int),100]
I/am_proc_died(  543): [0,3340,com.google.android.contacts,935,19]
I/am_uid_stopped(  543): 10154
I/dvm_lock_sample(  543): [system_server,1,binder:543_12,1285,ActivityManagerService.java,15321,int com.android.server.am.ActivityManagerService.broadcastIntentWithFeature(android.app.IApplicationThread, java.lang.String, android.content.Intent, java.lang.String, android.content.IIntentReceiver, int, java.lang.String, android.os.Bundle, java.lang.String[], java.lang.String[], java.lang.String[], int, android.os.Bundle, boolean, boolean, int),-,1584,void com.android.server.am.ActivityManagerService$AppDeathRecipient.binderDied(),100]
I/dvm_lock_sample(  543): [system_server,1,ActivityManager,1217,BroadcastQueueModernImpl.java,389,void com.android.server.am.BroadcastQueueModernImpl.updateRunningList(),ActivityManagerService.java,1584,void com.android.server.am.ActivityManagerService$AppDeathRecipient.binderDied(),100]
I/dvm_lock_sample(  543): [system_server,0,watchdog.monitor,887,WindowManagerService.java,7112,void com.android.server.wm.WindowManagerService.monitor(),ActivityTaskManagerService.java,2401,java.util.List com.android.server.wm.ActivityTaskManagerService.getTasks(int, boolean, boolean, int),100]
I/am_pss  (  543): [4972,10146,com.android.chrome,28783616,16965632,6916096,107032576,0,19,131]
I/am_pss  (  543): [1017,10173,com.google.android.ext.services,7260160,3436544,1640448,76423168,0,5,89]
I/am_pss  (  543): [1732,10131,com.google.android.as,60651520,38227968,10968064,159809536,0,5,144]
I/am_freeze(  543): [1640,com.google.android.apps.wellbeing]
I/am_pss  (  543): [1713,10184,com.google.android.providers.media.module,15886336,9240576,3611648,96722944,0,0,148]
I/am_pss  (  543): [947,1002,com.google.android.bluetooth,20484096,13234176,4177920,101326848,0,0,46]
I/am_pss  (  543): [2533,10123,com.google.android.dialer,38095872,14266368,16249856,135663616,0,19,60]
I/am_pss  (  543): [1873,10155,com.google.android.apps.youtube.music,61005824,27758592,25503744,148062208,0,19,90]
I/am_pss  (  543): [1790,1000,com.android.emulator.multidisplay,5951488,2084864,1763328,73859072,0,0,79]
I/am_pss  (  543): [978,1001,com.android.phone,23193600,16187392,2608128,114208768,0,0,57]
I/am_pss  (  543): [953,1068,com.android.se,6176768,2015232,2008064,75214848,0,0,124]
I/am_pss  (  543): [823,1073,com.android.networkstack.process,13922304,8249344,2321408,97034240,0,0,37]
I/am_compact(  543): [1640,com.google.android.apps.wellbeing,ANON,120500,79644,39628,23188,-16288,0,-16288,16152,1320,FULL,158546,905,19,130048,-2784]
I/jank_cuj_events_begin_request( 1320): [39,1787491183576860000,713135603006,713135603173,]
I/input_focus(  543): [Focus entering eb4dc37 com.admin9.app.foundation/com.admin9.app.foundation.MainActivity (server),reason=Window became focusable. Previous reason: NOT_VISIBLE]
I/sysui_multi_action(  543): [319,3444,321,3202,322,121033,325,591,757,761,758,7,759,1,806,com.admin9.app.foundation,871,com.admin9.app.foundation.MainActivity,904,com.android.shell,905,0,945,9374,1320,4,1321,4]
I/wm_activity_launch_time(  543): [0,77688843,com.admin9.app.foundation/.MainActivity,121033]
I/dvm_lock_sample(  543): [system_server,0,binder:543_12,865,ActivityClientController.java,164,void com.android.server.wm.ActivityClientController.activityIdle(android.os.IBinder, android.content.res.Configuration, boolean),WindowSurfacePlacer.java,58,void com.android.server.wm.WindowSurfacePlacer$Traverser.run(),100]
I/dvm_lock_sample(  543): [system_server,1,android.display,609,WindowManagerService.java,5523,void com.android.server.wm.WindowManagerService$H.handleMessage(android.os.Message),WindowSurfacePlacer.java,58,void com.android.server.wm.WindowSurfacePlacer$Traverser.run(),100]
I/dvm_lock_sample(  543): [system_server,1,binder:543_14,613,WindowManagerService.java,2189,int com.android.server.wm.WindowManagerService.relayoutWindow(com.android.server.wm.Session, android.view.IWindow, android.view.WindowManager$LayoutParams, int, int, int, int, int, int, android.window.ClientWindowFrames, android.util.MergedConfiguration, android.view.SurfaceControl, android.view.InsetsState, android.view.InsetsSourceControl$Array, android.os.Bundle),WindowSurfacePlacer.java,58,void com.android.server.wm.WindowSurfacePlacer$Traverser.run(),100]
I/sysui_multi_action(  543): [324,0,757,1090,758,12,806,com.admin9.app.foundation,871,com.admin9.app.foundation.MainActivity,1091,121033]
I/dvm_lock_sample(  543): [system_server,1,binder:543_14,482,ActivityManagerService.java,7880,void com.android.server.am.ActivityManagerService.setHasTopUi(boolean),-,16730,void com.android.server.am.ActivityManagerService.trimApplications(boolean, int),96]
I/pm_snapshot_rebuild(  543): [185,3924]
I/jank_cuj_events_end_request( 1320): [39,1787491185923806000,715482547091,715482547257]
