getpwuid_r did not find a match for uid 501
Timestamp               Ty Process[PID:TID]
2026-08-23 21:19:51.475 Df Runner[90837:1a8c286] [com.apple.xpc:connection] [0x100c99930] activating connection: mach=true listener=false peer=false name=com.apple.cfprefsd.daemon
2026-08-23 21:19:51.477 A  Runner[90837:1a8c286] (CoreFoundation) Loading Preferences From User Session CFPrefsD
2026-08-23 21:19:51.479 Df Runner[90837:1a8c287] [com.apple.BoardServices:XPCErrors] [C:1] Alloc com.apple.frontboard.systemappservices
2026-08-23 21:19:51.479 Df Runner[90837:1a8c287] [com.apple.xpc:connection] [0x100c9dc80] activating connection: mach=false listener=false peer=false name=(anonymous)
2026-08-23 21:19:51.480 Df Runner[90837:1a8c206] (libMobileGestalt.dylib) No persisted cache on this platform.
2026-08-23 21:19:51.495 Df Runner[90837:1a8c285] [com.apple.UIKit:BackgroundTask] Creating new assertion because there is no existing background assertion.
2026-08-23 21:19:51.495 Df Runner[90837:1a8c285] [com.apple.UIKit:BackgroundTask] Creating new background assertion
2026-08-23 21:19:51.495 Df Runner[90837:1a8c285] [com.apple.UIKit:BackgroundTask] Created new background assertion <BKSProcessAssertion: 0x100ca1d00>
2026-08-23 21:19:51.495 Df Runner[90837:1a8c285] [com.apple.runningboard:connection] Initializing connection
2026-08-23 21:19:51.495 Df Runner[90837:1a8c285] [com.apple.runningboard:process] Removing all cached process handles
2026-08-23 21:19:51.495 Df Runner[90837:1a8c286] [com.apple.runningboard:connection] Sending handshake request attempt #1 to server
2026-08-23 21:19:51.495 Df Runner[90837:1a8c286] [com.apple.runningboard:connection] Creating connection to com.apple.runningboard
2026-08-23 21:19:51.495 Df Runner[90837:1a8c286] [com.apple.xpc:connection] [0x1015ac000] activating connection: mach=true listener=false peer=false name=com.apple.runningboard
2026-08-23 21:19:51.496 A  Runner[90837:1a8c287] (RunningBoardServices) didChangeInheritances
2026-08-23 21:19:51.497 Df Runner[90837:1a8c286] [com.apple.runningboard:connection] Handshake succeeded
2026-08-23 21:19:51.497 Df Runner[90837:1a8c286] [com.apple.runningboard:connection] Identity resolved as app<com.admin9.app.foundation((null))>
2026-08-23 21:19:51.497 Df Runner[90837:1a8c285] [com.apple.UIKit:BackgroundTask] Incrementing reference count for background assertion <BKSProcessAssertion: 0x100ca1d00>
2026-08-23 21:19:51.498 Df Runner[90837:1a8c285] [com.apple.UIKit:BackgroundTask] Created background task <_UIBackgroundTaskInfo: 0x1014a8c40>: taskID = 1, taskName = Launch Background Task for Coalescing, creationTime = 360075 (elapsed = 0).
2026-08-23 21:19:51.498 Df Runner[90837:1a8c285] [com.apple.FrontBoard:SceneExtension] Realizing settings extension _UIApplicationSceneKeyboardSettings on FBSSceneSettings
2026-08-23 21:19:51.498 Df Runner[90837:1a8c206] [com.apple.UIKit:Application] Deactivation reason added: 10; deactivation reasons: 0 -> 1024; animating application lifecycle event: 0
2026-08-23 21:19:51.498 Df Runner[90837:1a8c206] [com.apple.BoardServices:Injection] activating monitor for service com.apple.frontboard.open
2026-08-23 21:19:51.499 Df Runner[90837:1a8c206] [com.apple.BoardServices:Injection] activating monitor for service com.apple.frontboard.workspace-service
2026-08-23 21:19:51.501 Df Runner[90837:1a8c206] [com.apple.FrontBoard:Common] FBSWorkspace registering source: com.apple.frontboard.systemappservices
2026-08-23 21:19:51.502 Df Runner[90837:1a8c206] [com.apple.FrontBoard:Common] FBSWorkspace connected to endpoint : <BSServiceConnectionEndpoint: 0x101534620; target: com.apple.frontboard.systemappservices; service: com.apple.frontboard.workspace-service>
2026-08-23 21:19:51.502 Df Runner[90837:1a8c206] [com.apple.FrontBoard:Common] <FBSWorkspaceScenesClient:0x101510aa0 com.apple.frontboard.systemappservices> attempting immediate handshake from activate
2026-08-23 21:19:51.502 Df Runner[90837:1a8c206] [com.apple.FrontBoard:Common] <FBSWorkspaceScenesClient:0x101510aa0 com.apple.frontboard.systemappservices> sent handshake
2026-08-23 21:19:51.502 Df Runner[90837:1a8c206] [com.apple.runningboard:general] Added observer for process assertions expiration warning: <_RBSExpirationWarningClient: 0x101534d20>
2026-08-23 21:19:51.507 Df Runner[90837:1a8c206] [com.apple.UIKit:UIScreen] Evaluated capturing state as 0 on <UIScreen: 0x1015ac500> for initial
2026-08-23 21:19:51.507 Df Runner[90837:1a8c206] [com.apple.UIKit:UIScreen] Evaluated capturing state as 0 on <UIScreen: 0x1015ac500> for CADisplay KVO
2026-08-23 21:19:51.508 Df Runner[90837:1a8c285] [com.apple.FrontBoard:SceneExtension] Realizing settings extension <_UISceneOcclusionSettings> on FBSSceneSettings
2026-08-23 21:19:51.508 Df Runner[90837:1a8c285] [com.apple.FrontBoard:SceneExtension] Realizing settings extension <_UISceneInterfaceProtectionSettings> on FBSSceneSettings
2026-08-23 21:19:51.509 Df Runner[90837:1a8c285] [com.apple.FrontBoard:SceneExtension] Realizing settings extension _UISceneLayoutPreferencesHostSettingsExtension on FBSSceneSettings
2026-08-23 21:19:51.510 Df Runner[90837:1a8c285] [com.apple.FrontBoard:SceneExtension] Realizing settings extension _UISceneSafeAreaSettingsExtension on FBSSceneSettings
2026-08-23 21:19:51.510 Df Runner[90837:1a8c206] [com.apple.Accessibility:AXSupportCommon] Read CategoryName: per-app = 1, category name = (null)
2026-08-23 21:19:51.511 Df Runner[90837:1a8c206] [com.apple.Accessibility:AXSupportCommon] Read CategoryName: per-app = 0, category name = UICTContentSizeCategoryL
2026-08-23 21:19:51.512 Df Runner[90837:1a8c285] [com.apple.FrontBoard:SceneExtension] Realizing settings extension _UISceneLayoutPreferenceClientSettingsExtension on FBSSceneClientSettings
2026-08-23 21:19:51.513 Df Runner[90837:1a8c285] [com.apple.FrontBoard:SceneExtension] Realizing settings extension <_UIHomeAffordanceHostSceneSettings> on FBSSceneSettings
2026-08-23 21:19:51.514 Df Runner[90837:1a8c285] [com.apple.FrontBoard:SceneExtension] Realizing settings extension _UISystemShellSceneHostingEnvironmentSettings on FBSSceneSettings
2026-08-23 21:19:51.514 Df Runner[90837:1a8c285] [com.apple.FrontBoard:SceneExtension] Realizing settings extension _UISceneRenderingEnvironmentSettings on FBSSceneSettings
2026-08-23 21:19:51.515 Df Runner[90837:1a8c285] [com.apple.FrontBoard:SceneExtension] Realizing settings extension <_UISceneRenderingEnvironmentClientSettings> on FBSSceneClientSettings
2026-08-23 21:19:51.515 Df Runner[90837:1a8c285] [com.apple.FrontBoard:SceneExtension] Realizing settings extension <_UISceneTransitioningHostSettings> on FBSSceneSettings
2026-08-23 21:19:51.515 Df Runner[90837:1a8c285] [com.apple.FrontBoard:SceneExtension] Realizing settings extension <_UISceneFocusSystemSettings> on FBSSceneSettings
2026-08-23 21:19:51.516 Df Runner[90837:1a8c285] [com.apple.FrontBoard:SceneExtension] Realizing settings extension _UISceneOrientationSettingsExtension on FBSSceneSettings
2026-08-23 21:19:51.516 Df Runner[90837:1a8c285] [com.apple.FrontBoard:SceneExtension] Realizing settings extension _UISceneOrientationClientSettingsExtension on FBSSceneClientSettings
2026-08-23 21:19:51.516 Df Runner[90837:1a8c285] [com.apple.FrontBoard:SceneExtension] Realizing settings extension _UISceneWindowingControlClientSettings on FBSSceneClientSettings
2026-08-23 21:19:51.516 Df Runner[90837:1a8c285] [com.apple.FrontBoard:SceneExtension] Realizing settings extension <_UISceneHostingContentSizePreferenceClientSettings> on FBSSceneClientSettings
2026-08-23 21:19:51.516 Df Runner[90837:1a8c285] [com.apple.FrontBoard:SceneExtension] Realizing settings extension _UISceneHostingTraitCollectionPropagationSettings on FBSSceneSettings
2026-08-23 21:19:51.517 Df Runner[90837:1a8c285] [com.apple.FrontBoard:SceneExtension] Realizing settings extension <_UISceneHostingSheetPresentationSettings> on FBSSceneSettings
2026-08-23 21:19:51.518 Df Runner[90837:1a8c285] [com.apple.FrontBoard:SceneExtension] Realizing settings extension <_UISceneHostingSheetPresentationClientSettings> on FBSSceneClientSettings
2026-08-23 21:19:51.518 Df Runner[90837:1a8c285] [com.apple.FrontBoard:SceneExtension] Realizing settings extension <_UISceneHostingEventDeferringSettings> on FBSSceneSettings
2026-08-23 21:19:51.518 Df Runner[90837:1a8c285] [com.apple.FrontBoard:SceneExtension] Realizing settings extension <UIKit__UITypedKeyValueSceneSettings> on FBSSceneSettings
2026-08-23 21:19:51.519 Df Runner[90837:1a8c285] [com.apple.FrontBoard:SceneExtension] Realizing settings extension <UIKit__UITypedKeyValueSceneSettings> on FBSSceneClientSettings
2026-08-23 21:19:51.519 Df Runner[90837:1a8c285] [com.apple.FrontBoard:SceneExtension] Realizing settings extension <_UISceneHostingViewControllerPreferencePropagationClientSettings> on FBSSceneClientSettings
2026-08-23 21:19:51.519 Df Runner[90837:1a8c285] [com.apple.FrontBoard:SceneExtension] Realizing settings extension <_UISceneZoomTransitionSettings> on FBSSceneSettings
2026-08-23 21:19:51.520 Df Runner[90837:1a8c286] [com.apple.FrontBoard:SceneExtension] Realizing settings extension FBSSceneSettingsCore on FBSSceneSettings
2026-08-23 21:19:51.522 Df Runner[90837:1a8c286] [com.apple.FrontBoard:SceneExtension] Realizing settings extension FBSSceneClientSettingsCore on FBSSceneClientSettings
2026-08-23 21:19:51.524 Df Runner[90837:1a8c206] [com.apple.FileURL:default] kExcludedFromBackupXattrName set on path: /Users/fengqiyue/Library/Developer/CoreSimulator/Devices/C10E0968-4695-4C02-BC55-8C322531239A/data/Containers/Data/Application/FB3DAD20-586F-4C3C-8986-8FE80C20612A/Library/Caches//flutter_callback_cache.json
2026-08-23 21:19:51.558 Df Runner[90837:1a8c286] [com.apple.FrontBoard:SceneExtension] UIMutableApplicationSceneSettings setting counterpart class: UIApplicationSceneSettings
2026-08-23 21:19:51.581 Df Runner[90837:1a8c286] [com.apple.FrontBoard:SceneExtension] UIMutableApplicationSceneClientSettings setting counterpart class: UIApplicationSceneClientSettings
2026-08-23 21:19:51.581 Df Runner[90837:1a8c286] [com.apple.FrontBoard:SceneExtension] Realizing settings extension FBSSceneTransitionContextCore on FBSSceneTransitionContext
2026-08-23 21:19:52.045 A  Runner[90837:1a8c285] (CoreFoundation) Updating Key-Value Observers Of Preferences
2026-08-23 21:19:52.059 Df Runner[90837:1a8c206] [com.apple.dt.xctest:Default] Registering for test daemon availability notify post.
2026-08-23 21:19:52.060 Df Runner[90837:1a8c206] [com.apple.dt.xctest:Default] notify_get_state check indicated test daemon not ready.
2026-08-23 21:19:52.060 Df Runner[90837:1a8c206] [com.apple.dt.xctest:Default] notify_get_state check indicated test daemon not ready.
2026-08-23 21:19:52.060 Df Runner[90837:1a8c206] [com.apple.dt.xctest:Default] notify_get_state check indicated test daemon not ready.
2026-08-23 21:19:52.061 Df Runner[90837:1a8c206] [com.apple.UIKit:Application] Deactivation reason added: 11; deactivation reasons: 1024 -> 3072; animating application lifecycle event: 0
2026-08-23 21:19:52.065 Df Runner[90837:1a8c206] (UIKitCore) Warning: Unable to create restoration in progress marker file
2026-08-23 21:19:52.066 Df Runner[90837:1a8c206] [com.apple.UIKit:Application] Deactivation reason removed: 10; deactivation reasons: 3072 -> 2048; animating application lifecycle event: 0
2026-08-23 21:19:52.068 Df Runner[90837:1a8c206] [com.apple.UIKit:EventBus] Event Timing Profile for Touch: not found, path="/System/Library/EventTimingProfiles/Sim.Touch.plist"
2026-08-23 21:19:52.099 Df Runner[90837:1a8c206] [com.apple.UIKit:EventBus] Event Timing Profile for Pencil: not found, path="/System/Library/EventTimingProfiles/Sim.Pencil.plist"
2026-08-23 21:19:52.099 Df Runner[90837:1a8c206] [com.apple.UIKit:UpdateScheduler] Selected display: name=LCD (PurpleMain), id=1
2026-08-23 21:19:52.105 Df Runner[90837:1a8c206] [com.apple.xpc:connection] [0x1015acdc0] activating connection: mach=true listener=false peer=false name=com.apple.lsd.mapdb
2026-08-23 21:19:52.127 Df Runner[90837:1a8c206] [com.apple.BoardServices:XPCErrors] [C:2] Alloc com.apple.backboard.hid-services.xpc
2026-08-23 21:19:52.127 Df Runner[90837:1a8c206] [com.apple.xpc:connection] [0x1015ac8c0] activating connection: mach=false listener=false peer=false name=(anonymous)
2026-08-23 21:19:52.129 Df Runner[90837:1a8c206] [com.apple.app_launch_measurement:ApplicationLaunch] alm_acquire_pageins_recording_assertion: acquired pageins recording assertion!
2026-08-23 21:19:52.130 Df Runner[90837:1a8c285] [com.apple.BackBoard:EventDelivery] BKSHIDEventDeliveryManager - connection activation
2026-08-23 21:19:52.131 Df Runner[90837:1a8c206] [com.apple.UIKit:BackgroundTask] Will add backgroundTask with taskName: Persistent SceneSession Map Update, expirationHandler: <__NSGlobalBlock__: 0x1e78c84e8>
2026-08-23 21:19:52.132 Df Runner[90837:1a8c206] [com.apple.UIKit:BackgroundTask] Reusing background assertion <BKSProcessAssertion: 0x100ca1d00>
2026-08-23 21:19:52.132 Df Runner[90837:1a8c206] [com.apple.UIKit:BackgroundTask] Incrementing reference count for background assertion <BKSProcessAssertion: 0x100ca1d00>
2026-08-23 21:19:52.132 Df Runner[90837:1a8c206] [com.apple.UIKit:BackgroundTask] Created background task <_UIBackgroundTaskInfo: 0x104c3aec0>: taskID = 2, taskName = Persistent SceneSession Map Update, creationTime = 360076 (elapsed = 0).
2026-08-23 21:19:52.132 Df Runner[90837:1a8c206] [com.apple.UIKit:Application] Deactivation reason added: 5; deactivation reasons: 2048 -> 2080; animating application lifecycle event: 1
2026-08-23 21:19:52.132 Df Runner[90837:1a8c206] [com.apple.UIKit:InterfaceStyle] Should send trait collection or coordinate space update, interface style 1 -> 1, <UIWindowScene: 0x104c71000> (A30F8E87-182B-48E3-B3B4-FD382426CD35)
2026-08-23 21:19:52.134 Df Runner[90837:1a8c206] [com.apple.UIKit:InterfaceStyle] Not push traits update to screen for new style 1, <UIWindowScene: 0x104c71000> (A30F8E87-182B-48E3-B3B4-FD382426CD35)
2026-08-23 21:19:52.134 Df Runner[90837:1a8c206] [com.apple.UIKit:HomeAffordanceObservation] Initializing: <_UIHomeAffordanceSceneNotifier: 0x104cf25a0>; with scene: <UIWindowScene: 0x104c71000>
2026-08-23 21:19:52.134 Df Runner[90837:1a8c206] [com.apple.BacklightServices:scenes] 0x104cebb70 setDelegate:<0x104ce9440 _UIBacklightEnvironment> hasDelegate:YES for environment:sceneID:com.admin9.app.foundation-default
2026-08-23 21:19:52.135 Df Runner[90837:1a8c206] [com.apple.UIKit:InterfaceStyle] Not push traits update to screen for new style 1, <UIWindowScene: 0x104c71000> (A30F8E87-182B-48E3-B3B4-FD382426CD35)
2026-08-23 21:19:52.135 Df Runner[90837:1a8c206] [com.apple.UIKit:EventDeferring] [0x104cf2530] Initialized with scene: <UIWindowScene: 0x104c71000>; behavior: <_UIEventDeferringBehavior_iOS: 0x104c64de0>; availableForProcess: 1, systemShellManagesKeyboardFocus: 1
2026-08-23 21:19:52.136 Df Runner[90837:1a8c285] [com.apple.BackBoard:EventDelivery] BKSHIDEventObserver - connection activation
2026-08-23 21:19:52.136 Df Runner[90837:1a8c206] [com.apple.BackBoard:EventDelivery] policyStatus:<BKSHIDEventDeliveryPolicyObserver: 0x1015281e0; process scope; status: target> was:none
2026-08-23 21:19:52.136 Df Runner[90837:1a8c206] [com.apple.UIKit:KeyWindow] Setting default evaluation strategy for UIUserInterfaceIdiomPhone to LastOneWins
2026-08-23 21:19:52.136 Df Runner[90837:1a8c206] [com.apple.UIKit:KeyWindow] Scene target of keyboard event deferring environment did change: 1; scene: UIWindowScene: 0x104c71000; scene identity: com.apple.frontboard.systemappservices/FBSceneManager:sceneID%3Acom.admin9.app.foundation-default
2026-08-23 21:19:52.136 Df Runner[90837:1a8c206] [com.apple.UIKit:EventDeferring] [0x104cf2530] Scene target of event deferring environments did update: scene: 0x104c71000; current systemShellManagesKeyboardFocus: 1; systemShellManagesKeyboardFocusForScene: 1; eligibleForRecordRemoval: 1;
2026-08-23 21:19:52.136 Df Runner[90837:1a8c206] [com.apple.UIKit:KeyWindow] Scene became target of keyboard event deferring environment: UIWindowScene: 0x104c71000; scene identity: com.apple.frontboard.systemappservices/FBSceneManager:sceneID%3Acom.admin9.app.foundation-default
2026-08-23 21:19:52.136 Df Runner[90837:1a8c206] [com.apple.UIKit:KeyWindow] Stack[KeyWindow] 0x104ceb9c0: Taking no further action for migration from LastOneWins -> SystemShellManaged as there are no scenes
2026-08-23 21:19:52.136 Df Runner[90837:1a8c206] [com.apple.UIKit:KeyWindow] Setting default evaluation strategy for UIUserInterfaceIdiomPhone to SystemShellManaged
2026-08-23 21:19:52.136 Df Runner[90837:1a8c206] [com.apple.UIKit:KeyWindow] Key window needs update: 0; currentKeyWindowScene: 0x0; evaluatedKeyWindowScene: 0x104c71000; currentApplicationKeyWindow: 0x0; evaluatedApplicationKeyWindow: 0x0; reason: UIWindowScene: 0x104c71000: Window scene became target of keyboard environment
2026-08-23 21:19:52.136 Df Runner[90837:1a8c206] [com.apple.UIKit:InterfaceStyle] Not push traits update to screen for new style 1, <UIWindowScene: 0x104c71000> (A30F8E87-182B-48E3-B3B4-FD382426CD35)
2026-08-23 21:19:52.137 Df Runner[90837:1a8c206] [com.apple.UIKit:InterfaceStyle] Not push traits update to screen for new style 1, <UIWindowScene: 0x104c71000> (A30F8E87-182B-48E3-B3B4-FD382426CD35)
2026-08-23 21:19:52.138 Df Runner[90837:1a8c206] [com.apple.UIKit:InterfaceStyle] Not push traits update to screen for new style 1, <UIWindowScene: 0x104c71000> (A30F8E87-182B-48E3-B3B4-FD382426CD35)
2026-08-23 21:19:52.172 Df Runner[90837:1a8c206] [com.apple.xpc:connection] [0x1015ad7c0] activating connection: mach=true listener=false peer=false name=com.apple.metal.simulator
2026-08-23 21:19:52.174 Df Runner[90837:1a8c206] [com.apple.xpc:connection] [0x1015ad900] activating connection: mach=true listener=false peer=false name=com.apple.metal.simulator
2026-08-23 21:19:52.175 Df Runner[90837:1a8c206] [com.apple.xpc:connection] [0x1015ada40] activating connection: mach=true listener=false peer=false name=com.apple.metal.simulator
2026-08-23 21:19:52.175 E  Runner[90837:1a8c206] [com.apple.UIKit:UIFocus] FlutterView implements focusItemsInRect: - caching for linear focus movement is limited as long as this view is on screen.
2026-08-23 21:19:52.192 E  Runner[90837:1a8c206] (libCoreFSCache.dylib) fopen failed for data file: errno = 2 (No such file or directory)
2026-08-23 21:19:52.192 Df Runner[90837:1a8c206] (libCoreFSCache.dylib) Invalidating cache
2026-08-23 21:19:52.192 Df Runner[90837:1a8c206] [com.apple.xpc:connection] [0x1015adb80] activating connection: mach=false listener=false peer=false name=com.apple.MTLCompilerService
2026-08-23 21:19:52.252 Df Runner[90837:1a8c2e9] (Flutter) flutter: The Dart VM service is listening on http://127.0.0.1:52104/Sb9xsmAFZ6E=/
2026-08-23 21:19:52.270 Df Runner[90837:1a8c206] [com.apple.xpc:connection] [0x1015adcc0] activating connection: mach=false listener=false peer=false name=com.apple.MTLCompilerService
2026-08-23 21:19:52.270 A  Runner[90837:1a8c286] (Metal) Metal Compiling Shader
2026-08-23 21:19:52.271 E  Runner[90837:1a8c206] (libCoreFSCache.dylib) fopen failed for data file: errno = 2 (No such file or directory)
2026-08-23 21:19:52.271 Df Runner[90837:1a8c206] (libCoreFSCache.dylib) Invalidating cache
2026-08-23 21:19:52.271 A  Runner[90837:1a8c287] (Metal) Metal Compiling Shader
2026-08-23 21:19:52.277 Df Runner[90837:1a8c285] [com.apple.xpc:connection] [0x1015ade00] activating connection: mach=true listener=false peer=false name=com.apple.fontservicesd
2026-08-23 21:19:52.507 Df Runner[90837:1a8c289] [com.apple.UIKit:BackgroundTask] Ending background task with UIBackgroundTaskIdentifier: 1
2026-08-23 21:19:52.507 Df Runner[90837:1a8c289] [com.apple.UIKit:BackgroundTask] Ending task with identifier 1 and description: <_UIBackgroundTaskInfo: 0x1014a8c40>: taskID = 1, taskName = Launch Background Task for Coalescing, creationTime = 360075 (elapsed = 1), _expireHandler: (null)
2026-08-23 21:19:52.507 Df Runner[90837:1a8c289] [com.apple.UIKit:BackgroundTask] Decrementing reference count for assertion <BKSProcessAssertion: 0x100ca1d00> (used by background task with identifier 1: <_UIBackgroundTaskInfo: 0x1014a8c40>: taskID = 1, taskName = Launch Background Task for Coalescing, creationTime = 360075 (elapsed = 1))
2026-08-23 21:19:52.573 A  Runner[90837:1a8c286] (Metal) Metal Compiling Shader
2026-08-23 21:19:52.588 A  Runner[90837:1a8c287] (Metal) Metal Compiling Shader
2026-08-23 21:19:52.596 A  Runner[90837:1a8c286] (Metal) Metal Compiling Shader
2026-08-23 21:19:52.596 A  Runner[90837:1a8c287] (Metal) Metal Compiling Shader
2026-08-23 21:19:52.599 A  Runner[90837:1a8c286] (Metal) Metal Compiling Shader
2026-08-23 21:19:52.601 A  Runner[90837:1a8c286] (Metal) Metal Compiling Shader
2026-08-23 21:19:52.602 A  Runner[90837:1a8c287] (Metal) Metal Compiling Shader
2026-08-23 21:19:52.603 A  Runner[90837:1a8c286] (Metal) Metal Compiling Shader
2026-08-23 21:19:52.605 A  Runner[90837:1a8c286] (Metal) Metal Compiling Shader
2026-08-23 21:19:52.605 A  Runner[90837:1a8c287] (Metal) Metal Compiling Shader
2026-08-23 21:19:52.607 A  Runner[90837:1a8c286] (Metal) Metal Compiling Shader
2026-08-23 21:19:52.608 A  Runner[90837:1a8c287] (Metal) Metal Compiling Shader
2026-08-23 21:19:52.610 A  Runner[90837:1a8c286] (Metal) Metal Compiling Shader
2026-08-23 21:19:52.610 A  Runner[90837:1a8c287] (Metal) Metal Compiling Shader
2026-08-23 21:19:52.612 A  Runner[90837:1a8c286] (Metal) Metal Compiling Shader
2026-08-23 21:19:52.613 A  Runner[90837:1a8c287] (Metal) Metal Compiling Shader
2026-08-23 21:19:52.614 A  Runner[90837:1a8c286] (Metal) Metal Compiling Shader
2026-08-23 21:19:52.615 A  Runner[90837:1a8c287] (Metal) Metal Compiling Shader
2026-08-23 21:19:52.617 A  Runner[90837:1a8c286] (Metal) Metal Compiling Shader
2026-08-23 21:19:52.617 A  Runner[90837:1a8c287] (Metal) Metal Compiling Shader
2026-08-23 21:19:52.619 A  Runner[90837:1a8c286] (Metal) Metal Compiling Shader
2026-08-23 21:19:52.619 A  Runner[90837:1a8c287] (Metal) Metal Compiling Shader
2026-08-23 21:19:52.621 A  Runner[90837:1a8c287] (Metal) Metal Compiling Shader
2026-08-23 21:19:52.622 A  Runner[90837:1a8c286] (Metal) Metal Compiling Shader
2026-08-23 21:19:52.622 A  Runner[90837:1a8c287] (Metal) Metal Compiling Shader
2026-08-23 21:19:52.623 A  Runner[90837:1a8c286] (Metal) Metal Compiling Shader
2026-08-23 21:19:52.624 A  Runner[90837:1a8c287] (Metal) Metal Compiling Shader
2026-08-23 21:19:52.624 Df Runner[90837:1a8c206] [com.apple.UIKit:Orientation] <UIWindowScene: 0x104c71000> (A30F8E87-182B-48E3-B3B4-FD382426CD35) Scene updated orientation preferences: none -> ( Pu Ll Lr )
2026-08-23 21:19:52.625 A  Runner[90837:1a8c286] (Metal) Metal Compiling Shader
2026-08-23 21:19:52.625 A  Runner[90837:1a8c287] (Metal) Metal Compiling Shader
2026-08-23 21:19:52.626 A  Runner[90837:1a8c286] (Metal) Metal Compiling Shader
2026-08-23 21:19:52.626 A  Runner[90837:1a8c287] (Metal) Metal Compiling Shader
2026-08-23 21:19:52.627 A  Runner[90837:1a8c286] (Metal) Metal Compiling Shader
2026-08-23 21:19:52.627 A  Runner[90837:1a8c287] (Metal) Metal Compiling Shader
2026-08-23 21:19:52.628 A  Runner[90837:1a8c287] (Metal) Metal Compiling Shader
2026-08-23 21:19:52.628 A  Runner[90837:1a8c286] (Metal) Metal Compiling Shader
2026-08-23 21:19:52.629 A  Runner[90837:1a8c287] (Metal) Metal Compiling Shader
2026-08-23 21:19:52.630 A  Runner[90837:1a8c286] (Metal) Metal Compiling Shader
2026-08-23 21:19:52.630 Df Runner[90837:1a8c206] [com.apple.UIKit:KeyWindow] Key window API is scene-level: YES
2026-08-23 21:19:52.630 Df Runner[90837:1a8c206] [com.apple.UIKit:KeyWindow] UIWindowScene: 0x104c71000: Window became key in scene: UIWindow: 0x1015d8800; contextId: 0xBD816EB7: reason: UIWindowScene: 0x104c71000: Window requested to become key in scene: 0x1015d8800
2026-08-23 21:19:52.631 Df Runner[90837:1a8c206] [com.apple.UIKit:KeyWindow] Key window needs update: 1; currentKeyWindowScene: 0x0; evaluatedKeyWindowScene: 0x104c71000; currentApplicationKeyWindow: 0x0; evaluatedApplicationKeyWindow: 0x1015d8800; reason: UIWindowScene: 0x104c71000: Window requested to become key in scene: 0x1015d8800
2026-08-23 21:19:52.631 Df Runner[90837:1a8c206] [com.apple.UIKit:KeyWindow] Window did become application key: UIWindow: 0x1015d8800; contextId: 0xBD816EB7; scene identity: com.apple.frontboard.systemappservices/FBSceneManager:sceneID%3Acom.admin9.app.foundation-default
2026-08-23 21:19:52.631 Df Runner[90837:1a8c206] [com.apple.UIKit:EventDeferring] [0x104cf2530] Begin local event deferring requested for token: 0x101529c20; environments: 1; reason: UIWindowScene: 0x104c71000: Begin event deferring in keyboardFocus for window: 0x1015d8800
2026-08-23 21:19:52.632 Df Runner[90837:1a8c289] [com.apple.BackBoard:EventDelivery] policyStatus:<BKSHIDEventDeliveryPolicyObserver: 0x1015281e0; token: com.apple.frontboard.systemappservices/FBSceneManager:sceneID%3Acom.admin9.app.foundation-default; status: ancestor> was:target
2026-08-23 21:19:52.632 A  Runner[90837:1a8c287] (Metal) Metal Compiling Shader
2026-08-23 21:19:52.632 Df Runner[90837:1a8c206] [com.apple.UIKit:InterfaceStyle] Not push traits update to screen for new style 1, <UIWindowScene: 0x104c71000> (A30F8E87-182B-48E3-B3B4-FD382426CD35)
2026-08-23 21:19:52.633 A  Runner[90837:1a8c287] (Metal) Metal Compiling Shader
2026-08-23 21:19:52.636 A  Runner[90837:1a8c286] (Metal) Metal Compiling Shader
2026-08-23 21:19:52.637 A  Runner[90837:1a8c287] (Metal) Metal Compiling Shader
2026-08-23 21:19:52.639 A  Runner[90837:1a8c287] (Metal) Metal Compiling Shader
2026-08-23 21:19:52.640 A  Runner[90837:1a8c287] (Metal) Metal Compiling Shader
2026-08-23 21:19:52.641 A  Runner[90837:1a8c287] (Metal) Metal Compiling Shader
2026-08-23 21:19:52.642 A  Runner[90837:1a8c287] (Metal) Metal Compiling Shader
2026-08-23 21:19:52.642 A  Runner[90837:1a8c286] (Metal) Metal Compiling Shader
2026-08-23 21:19:52.644 A  Runner[90837:1a8c287] (Metal) Metal Compiling Shader
2026-08-23 21:19:52.644 A  Runner[90837:1a8c286] (Metal) Metal Compiling Shader
2026-08-23 21:19:52.646 A  Runner[90837:1a8c286] (Metal) Metal Compiling Shader
2026-08-23 21:19:52.646 A  Runner[90837:1a8c287] (Metal) Metal Compiling Shader
2026-08-23 21:19:52.647 A  Runner[90837:1a8c286] (Metal) Metal Compiling Shader
2026-08-23 21:19:52.648 A  Runner[90837:1a8c287] (Metal) Metal Compiling Shader
2026-08-23 21:19:52.649 A  Runner[90837:1a8c286] (Metal) Metal Compiling Shader
2026-08-23 21:19:52.650 A  Runner[90837:1a8c287] (Metal) Metal Compiling Shader
2026-08-23 21:19:52.650 A  Runner[90837:1a8c286] (Metal) Metal Compiling Shader
2026-08-23 21:19:52.651 A  Runner[90837:1a8c287] (Metal) Metal Compiling Shader
2026-08-23 21:19:52.651 A  Runner[90837:1a8c286] (Metal) Metal Compiling Shader
2026-08-23 21:19:52.652 A  Runner[90837:1a8c287] (Metal) Metal Compiling Shader
2026-08-23 21:19:52.653 A  Runner[90837:1a8c286] (Metal) Metal Compiling Shader
2026-08-23 21:19:52.653 A  Runner[90837:1a8c287] (Metal) Metal Compiling Shader
2026-08-23 21:19:52.654 A  Runner[90837:1a8c287] (Metal) Metal Compiling Shader
2026-08-23 21:19:52.654 A  Runner[90837:1a8c286] (Metal) Metal Compiling Shader
2026-08-23 21:19:52.655 A  Runner[90837:1a8c287] (Metal) Metal Compiling Shader
2026-08-23 21:19:52.655 Df Runner[90837:1a8c206] [com.apple.UIKit:AppLifecycle] sceneOfRecord: sceneID: sceneID:com.admin9.app.foundation-default  persistentID: A30F8E87-182B-48E3-B3B4-FD382426CD35
2026-08-23 21:19:52.655 Df Runner[90837:1a8c206] [com.apple.UIKit:Application] Ignoring already applied deactivation reason: 5; deactivation reasons: 2080
2026-08-23 21:19:52.655 A  Runner[90837:1a8c286] (Metal) Metal Compiling Shader
2026-08-23 21:19:52.655 Df Runner[90837:1a8c206] [com.apple.UIKit:Application] Deactivation reason added: 12; deactivation reasons: 2080 -> 6176; animating application lifecycle event: 1
2026-08-23 21:19:52.655 Df Runner[90837:1a8c289] [com.apple.UIKit:BackgroundTask] Ending background task with UIBackgroundTaskIdentifier: 2
2026-08-23 21:19:52.656 Df Runner[90837:1a8c289] [com.apple.UIKit:BackgroundTask] Ending task with identifier 2 and description: <_UIBackgroundTaskInfo: 0x104c3aec0>: taskID = 2, taskName = Persistent SceneSession Map Update, creationTime = 360076 (elapsed = 0), _expireHandler: <__NSGlobalBlock__: 0x1e78c84e8>
2026-08-23 21:19:52.656 Df Runner[90837:1a8c289] [com.apple.UIKit:BackgroundTask] Decrementing reference count for assertion <BKSProcessAssertion: 0x100ca1d00> (used by background task with identifier 2: <_UIBackgroundTaskInfo: 0x104c3aec0>: taskID = 2, taskName = Persistent SceneSession Map Update, creationTime = 360076 (elapsed = 0))
2026-08-23 21:19:52.656 Df Runner[90837:1a8c289] [com.apple.UIKit:BackgroundTask] Will invalidate assertion: <BKSProcessAssertion: 0x100ca1d00> for task identifier: 2
2026-08-23 21:19:52.657 A  Runner[90837:1a8c286] (Metal) Metal Compiling Shader
2026-08-23 21:19:52.657 A  Runner[90837:1a8c287] (Metal) Metal Compiling Shader
2026-08-23 21:19:52.658 Df Runner[90837:1a8c206] [com.apple.UIKit:Application] Deactivation reason removed: 11; deactivation reasons: 6176 -> 4128; animating application lifecycle event: 1
2026-08-23 21:19:52.658 Df Runner[90837:1a8c206] [com.apple.FrontBoard:SceneExtension] Realizing settings extension <_UISceneIntelligenceSupportSettings> on FBSSceneSettings
2026-08-23 21:19:52.658 A  Runner[90837:1a8c286] (Metal) Metal Compiling Shader
2026-08-23 21:19:52.658 A  Runner[90837:1a8c287] (Metal) Metal Compiling Shader
2026-08-23 21:19:52.659 A  Runner[90837:1a8c285] (RunningBoardServices) didChangeInheritances
2026-08-23 21:19:52.659 Df Runner[90837:1a8c206] [com.apple.UIKit:InterfaceStyle] Not push traits update to screen for new style 1, <UIWindowScene: 0x104c71000> (A30F8E87-182B-48E3-B3B4-FD382426CD35)
2026-08-23 21:19:52.659 Df Runner[90837:1a8c289] [com.apple.UIIntelligenceSupport:xpc] establishing connection to agent
2026-08-23 21:19:52.659 A  Runner[90837:1a8c286] (Metal) Metal Compiling Shader
2026-08-23 21:19:52.659 A  Runner[90837:1a8c287] (Metal) Metal Compiling Shader
2026-08-23 21:19:52.660 Df Runner[90837:1a8c289] [com.apple.xpc:session] [0x104e6f700] Session created.
2026-08-23 21:19:52.660 Df Runner[90837:1a8c289] [com.apple.xpc:session] [0x104e6f700] Session created from connection [0x111a44000]
2026-08-23 21:19:52.660 Df Runner[90837:1a8c289] [com.apple.xpc:connection] [0x111a44000] activating connection: mach=true listener=false peer=false name=com.apple.uiintelligencesupport.agent
2026-08-23 21:19:52.660 Df Runner[90837:1a8c289] [com.apple.xpc:session] [0x104e6f700] Session activated
2026-08-23 21:19:52.660 Df Runner[90837:1a8c206] [com.apple.xpc:connection] [0x111a45680] activating connection: mach=true listener=false peer=false name=com.apple.IOSurface.Remote
2026-08-23 21:19:52.661 A  Runner[90837:1a8c286] (Metal) Metal Compiling Shader
2026-08-23 21:19:52.661 A  Runner[90837:1a8c287] (Metal) Metal Compiling Shader
2026-08-23 21:19:52.662 A  Runner[90837:1a8c286] (Metal) Metal Compiling Shader
2026-08-23 21:19:52.662 A  Runner[90837:1a8c287] (Metal) Metal Compiling Shader
2026-08-23 21:19:52.664 A  Runner[90837:1a8c286] (Metal) Metal Compiling Shader
2026-08-23 21:19:52.664 A  Runner[90837:1a8c287] (Metal) Metal Compiling Shader
2026-08-23 21:19:52.664 Df Runner[90837:1a8c206] [com.apple.network:activity] Create activity from XPC object <nw_activity 50:1 [002144CD-C3BF-430B-8DF8-B553A356232D] (reporting strategy default)>
2026-08-23 21:19:52.664 Df Runner[90837:1a8c206] [com.apple.network:activity] Create activity from XPC object <nw_activity 50:2 [AEB4DAD5-636D-486F-97EE-D485F9F1BCD6] (reporting strategy default)>
2026-08-23 21:19:52.664 Df Runner[90837:1a8c206] [com.apple.network:activity] Set activity <nw_activity 50:1 [002144CD-C3BF-430B-8DF8-B553A356232D] (reporting strategy default)> as the global parent
2026-08-23 21:19:52.664 Df Runner[90837:1a8c206] [com.apple.UIKit:UpdateScheduler] Target list changed: <CADisplay:LCD PurpleMain>
2026-08-23 21:19:52.665 Df Runner[90837:1a8c206] [com.apple.UIKit:AppLifecycle] sceneOfRecord: sceneID: sceneID:com.admin9.app.foundation-default  persistentID: A30F8E87-182B-48E3-B3B4-FD382426CD35
2026-08-23 21:19:52.665 Df Runner[90837:1a8c206] [com.apple.UIKit:InterfaceStyle] Not push traits update to screen for new style 1, <UIWindowScene: 0x104c71000> (A30F8E87-182B-48E3-B3B4-FD382426CD35)
2026-08-23 21:19:52.665 A  Runner[90837:1a8c286] (Metal) Metal Compiling Shader
2026-08-23 21:19:52.665 A  Runner[90837:1a8c285] (RunningBoardServices) didChangeInheritances
2026-08-23 21:19:52.666 A  Runner[90837:1a8c287] (Metal) Metal Compiling Shader
2026-08-23 21:19:52.667 A  Runner[90837:1a8c287] (Metal) Metal Compiling Shader
2026-08-23 21:19:52.667 A  Runner[90837:1a8c286] (Metal) Metal Compiling Shader
2026-08-23 21:19:52.669 A  Runner[90837:1a8c287] (Metal) Metal Compiling Shader
2026-08-23 21:19:52.669 A  Runner[90837:1a8c286] (Metal) Metal Compiling Shader
2026-08-23 21:19:52.670 A  Runner[90837:1a8c287] (Metal) Metal Compiling Shader
2026-08-23 21:19:52.671 A  Runner[90837:1a8c286] (Metal) Metal Compiling Shader
2026-08-23 21:19:52.672 A  Runner[90837:1a8c285] (RunningBoardServices) didChangeInheritances
2026-08-23 21:19:52.672 A  Runner[90837:1a8c287] (Metal) Metal Compiling Shader
2026-08-23 21:19:52.673 A  Runner[90837:1a8c286] (Metal) Metal Compiling Shader
2026-08-23 21:19:52.674 A  Runner[90837:1a8c287] (Metal) Metal Compiling Shader
2026-08-23 21:19:52.675 A  Runner[90837:1a8c286] (Metal) Metal Compiling Shader
2026-08-23 21:19:52.675 A  Runner[90837:1a8c287] (Metal) Metal Compiling Shader
2026-08-23 21:19:52.676 A  Runner[90837:1a8c286] (Metal) Metal Compiling Shader
2026-08-23 21:19:52.678 A  Runner[90837:1a8c286] (Metal) Metal Compiling Shader
2026-08-23 21:19:52.678 A  Runner[90837:1a8c287] (Metal) Metal Compiling Shader
2026-08-23 21:19:52.679 A  Runner[90837:1a8c286] (Metal) Metal Compiling Shader
2026-08-23 21:19:52.679 A  Runner[90837:1a8c287] (Metal) Metal Compiling Shader
2026-08-23 21:19:52.681 A  Runner[90837:1a8c287] (Metal) Metal Compiling Shader
2026-08-23 21:19:52.681 A  Runner[90837:1a8c286] (Metal) Metal Compiling Shader
2026-08-23 21:19:52.683 A  Runner[90837:1a8c287] (Metal) Metal Compiling Shader
2026-08-23 21:19:52.683 A  Runner[90837:1a8c286] (Metal) Metal Compiling Shader
2026-08-23 21:19:52.684 A  Runner[90837:1a8c287] (Metal) Metal Compiling Shader
2026-08-23 21:19:52.685 A  Runner[90837:1a8c286] (Metal) Metal Compiling Shader
2026-08-23 21:19:52.687 A  Runner[90837:1a8c287] (Metal) Metal Compiling Shader
2026-08-23 21:19:52.687 A  Runner[90837:1a8c286] (Metal) Metal Compiling Shader
2026-08-23 21:19:52.689 A  Runner[90837:1a8c286] (Metal) Metal Compiling Shader
2026-08-23 21:19:52.689 A  Runner[90837:1a8c287] (Metal) Metal Compiling Shader
2026-08-23 21:19:52.690 A  Runner[90837:1a8c286] (Metal) Metal Compiling Shader
2026-08-23 21:19:52.690 A  Runner[90837:1a8c287] (Metal) Metal Compiling Shader
2026-08-23 21:19:52.691 A  Runner[90837:1a8c286] (Metal) Metal Compiling Shader
2026-08-23 21:19:52.691 A  Runner[90837:1a8c287] (Metal) Metal Compiling Shader
2026-08-23 21:19:52.692 A  Runner[90837:1a8c286] (Metal) Metal Compiling Shader
2026-08-23 21:19:52.692 A  Runner[90837:1a8c287] (Metal) Metal Compiling Shader
2026-08-23 21:19:52.693 A  Runner[90837:1a8c286] (Metal) Metal Compiling Shader
2026-08-23 21:19:52.694 A  Runner[90837:1a8c287] (Metal) Metal Compiling Shader
2026-08-23 21:19:52.694 A  Runner[90837:1a8c286] (Metal) Metal Compiling Shader
2026-08-23 21:19:52.701 Df Runner[90837:1a8c206] [com.apple.Accessibility:AXCommon] Read Per-App on Init: Smart invert = (null)
2026-08-23 21:19:52.742 Df Runner[90837:1a8c206] [com.apple.UIKit:EventDeferring] [0x104cf2530] Scene target of event deferring environments did update: scene: 0x104c71000; current systemShellManagesKeyboardFocus: 1; systemShellManagesKeyboardFocusForScene: 1; eligibleForRecordRemoval: 1;
2026-08-23 21:19:52.742 Df Runner[90837:1a8c206] [com.apple.UIKit:KeyWindow] Scene became target of keyboard event deferring environment: UIWindowScene: 0x104c71000; scene identity: com.apple.frontboard.systemappservices/FBSceneManager:sceneID%3Acom.admin9.app.foundation-default
2026-08-23 21:19:52.743 Df Runner[90837:1a8c206] [com.apple.FrontBoard:SceneExtension] Realizing settings extension SBUISecureRenderingSettingsExtension on FBSSceneSettings
2026-08-23 21:19:52.744 Df Runner[90837:1a8c206] [com.apple.UIKit:InterfaceStyle] Not push traits update to screen for new style 1, <UIWindowScene: 0x104c71000> (A30F8E87-182B-48E3-B3B4-FD382426CD35)
2026-08-23 21:19:52.745 Df Runner[90837:1a8c206] [com.apple.UIKit:InterfaceStyle] Not push traits update to screen for new style 1, <UIWindowScene: 0x104c71000> (A30F8E87-182B-48E3-B3B4-FD382426CD35)
2026-08-23 21:19:52.745 Df Runner[90837:1a8c206] [com.apple.UIKit:AppLifecycle] sceneOfRecord: sceneID: sceneID:com.admin9.app.foundation-default  persistentID: A30F8E87-182B-48E3-B3B4-FD382426CD35
2026-08-23 21:19:52.745 Df Runner[90837:1a8c206] [com.apple.UIKit:Application] Deactivation reason removed: 12; deactivation reasons: 4128 -> 32; animating application lifecycle event: 1
2026-08-23 21:19:52.745 Df Runner[90837:1a8c206] [com.apple.KeyboardArbiter:Client] Send setDeactivating: N (-DeactivationReason:SuspendedEventsOnly)
2026-08-23 21:19:52.745 Df Runner[90837:1a8c206] [com.apple.UIKit:Application] Deactivation reason removed: 5; deactivation reasons: 32 -> 0; animating application lifecycle event: 0
2026-08-23 21:19:52.776 A  Runner[90837:1a8c287] (RunningBoardServices) didChangeInheritances
2026-08-23 21:19:52.859 Df Runner[90837:1a8c206] [com.apple.KeyboardArbiter:Client] startConnection
2026-08-23 21:19:52.860 Df Runner[90837:1a8c206] [com.apple.xpc:connection] [0x1119912c0] activating connection: mach=true listener=false peer=false name=com.apple.UIKit.KeyboardManagement.hosted
2026-08-23 21:19:52.874 Df Runner[90837:1a8c206] [com.apple.KeyboardArbiter:Client] handleKeyboardChange: set currentKeyboard:N (wasKeyboard:N)
2026-08-23 21:19:52.884 Df Runner[90837:1a8c206] [com.apple.UIKit:KeyboardSceneDelegate] forceReloadInputViews
2026-08-23 21:19:52.889 Df Runner[90837:1a8c206] [com.apple.UIKit:KeyboardSceneDelegate] Reloading input views for key-window scene responder: <(null): 0x0; > force:Y
2026-08-23 21:19:52.890 Df Runner[90837:1a8c206] [com.apple.UIKit:KeyboardArbiterClientLog] isWritingToolsHandlingKeyboardTracking:Y (WT ready:Y, Arbiter ready:Y)
2026-08-23 21:19:53.500 E  Runner[90837:1a8c206] [com.apple.UIKit:UIFocus] FlutterSemanticsScrollView implements focusItemsInRect: - caching for linear focus movement is limited as long as this view is on screen.
2026-08-23 21:19:53.713 Df Runner[90837:1a8c206] [com.apple.BackBoard:Display] [FBSDisplaySource 1-1] silently connecting raw configuration: <FBSDisplayConfiguration: 0x101570700; Main; mode: "390x844@3x 60Hz p3 SDR">
2026-08-23 21:19:53.725 Df Runner[90837:1a8c206] [com.apple.runningboard:connection] Creating side-channel connection to com.apple.runningboard
2026-08-23 21:19:53.725 Df Runner[90837:1a8c206] [com.apple.xpc:connection] [0x111993d40] activating connection: mach=true listener=false peer=false name=com.apple.runningboard
2026-08-23 21:19:53.726 Df Runner[90837:1a8c206] [com.apple.runningboard:process] Hit the server for a process handle 140aad0a000162d5 that resolved to: [app<com.admin9.app.foundation((null))>:90837]
2026-08-23 21:19:53.794 Df Runner[90837:1a8c206] [com.apple.network:activity] <nw_activity 50:1 [002144CD-C3BF-430B-8DF8-B553A356232D] (global parent) (reporting strategy default) complete (reason success)> complete with reason 2 (success), duration 3147ms
2026-08-23 21:19:53.794 Df Runner[90837:1a8c206] [com.apple.network:activity] <nw_activity 50:2 [AEB4DAD5-636D-486F-97EE-D485F9F1BCD6] (reporting strategy default) complete (reason success)> complete with reason 2 (success), duration 3147ms
2026-08-23 21:19:53.794 Df Runner[90837:1a8c206] [com.apple.network:activity] Unsetting the global parent activity <nw_activity 50:1 [002144CD-C3BF-430B-8DF8-B553A356232D] (global parent) (reporting strategy default) complete (reason success)>
2026-08-23 21:19:53.794 Df Runner[90837:1a8c206] [com.apple.network:activity] Unset the global parent activity
2026-08-23 21:19:53.794 Df Runner[90837:1a8c206] [com.apple.app_launch_measurement:ApplicationLaunch] alm_release_pageins_recording_assertion: releasing pageins recording assertion
