getpwuid_r did not find a match for uid 501
Timestamp               Ty Process[PID:TID]
2026-08-23 22:33:36.927 Df Runner[73630:1ae6fad] [com.apple.xpc:connection] [0x104ba36d0] activating connection: mach=true listener=false peer=false name=com.apple.cfprefsd.daemon
2026-08-23 22:33:36.930 A  Runner[73630:1ae6fad] (CoreFoundation) Loading Preferences From User Session CFPrefsD
2026-08-23 22:33:36.931 Df Runner[73630:1ae6fae] [com.apple.BoardServices:XPCErrors] [C:1] Alloc com.apple.frontboard.systemappservices
2026-08-23 22:33:36.931 Df Runner[73630:1ae6fae] [com.apple.xpc:connection] [0x104ba8680] activating connection: mach=false listener=false peer=false name=(anonymous)
2026-08-23 22:33:36.933 Df Runner[73630:1ae6f5c] (libMobileGestalt.dylib) No persisted cache on this platform.
2026-08-23 22:33:36.940 Df Runner[73630:1ae6fab] [com.apple.UIKit:BackgroundTask] Creating new assertion because there is no existing background assertion.
2026-08-23 22:33:36.940 Df Runner[73630:1ae6fab] [com.apple.UIKit:BackgroundTask] Creating new background assertion
2026-08-23 22:33:36.940 Df Runner[73630:1ae6fab] [com.apple.UIKit:BackgroundTask] Created new background assertion <BKSProcessAssertion: 0x104baad90>
2026-08-23 22:33:36.940 Df Runner[73630:1ae6fab] [com.apple.runningboard:connection] Initializing connection
2026-08-23 22:33:36.940 Df Runner[73630:1ae6fab] [com.apple.runningboard:process] Removing all cached process handles
2026-08-23 22:33:36.940 Df Runner[73630:1ae6fad] [com.apple.runningboard:connection] Sending handshake request attempt #1 to server
2026-08-23 22:33:36.940 Df Runner[73630:1ae6fad] [com.apple.runningboard:connection] Creating connection to com.apple.runningboard
2026-08-23 22:33:36.940 Df Runner[73630:1ae6fad] [com.apple.xpc:connection] [0x10519c280] activating connection: mach=true listener=false peer=false name=com.apple.runningboard
2026-08-23 22:33:36.941 Df Runner[73630:1ae6f5c] [com.apple.UIKit:Application] Deactivation reason added: 10; deactivation reasons: 0 -> 1024; animating application lifecycle event: 0
2026-08-23 22:33:36.941 A  Runner[73630:1ae6fb0] (RunningBoardServices) didChangeInheritances
2026-08-23 22:33:36.941 Df Runner[73630:1ae6f5c] [com.apple.BoardServices:Injection] activating monitor for service com.apple.frontboard.open
2026-08-23 22:33:36.942 Df Runner[73630:1ae6fad] [com.apple.runningboard:connection] Handshake succeeded
2026-08-23 22:33:36.942 Df Runner[73630:1ae6fad] [com.apple.runningboard:connection] Identity resolved as app<com.admin9.app.foundation((null))>
2026-08-23 22:33:36.942 Df Runner[73630:1ae6f5c] [com.apple.BoardServices:Injection] activating monitor for service com.apple.frontboard.workspace-service
2026-08-23 22:33:36.943 Df Runner[73630:1ae6fab] [com.apple.UIKit:BackgroundTask] Incrementing reference count for background assertion <BKSProcessAssertion: 0x104baad90>
2026-08-23 22:33:36.943 Df Runner[73630:1ae6fab] [com.apple.UIKit:BackgroundTask] Created background task <_UIBackgroundTaskInfo: 0x1050a8c80>: taskID = 1, taskName = Launch Background Task for Coalescing, creationTime = 364500 (elapsed = 0).
2026-08-23 22:33:36.943 Df Runner[73630:1ae6fab] [com.apple.FrontBoard:SceneExtension] Realizing settings extension _UIApplicationSceneKeyboardSettings on FBSSceneSettings
2026-08-23 22:33:36.944 Df Runner[73630:1ae6f5c] [com.apple.FrontBoard:Common] FBSWorkspace registering source: com.apple.frontboard.systemappservices
2026-08-23 22:33:36.949 Df Runner[73630:1ae6fab] [com.apple.FrontBoard:SceneExtension] Realizing settings extension <_UISceneOcclusionSettings> on FBSSceneSettings
2026-08-23 22:33:36.949 Df Runner[73630:1ae6f5c] [com.apple.FrontBoard:Common] FBSWorkspace connected to endpoint : <BSServiceConnectionEndpoint: 0x105124a60; target: com.apple.frontboard.systemappservices; service: com.apple.frontboard.workspace-service>
2026-08-23 22:33:36.949 Df Runner[73630:1ae6f5c] [com.apple.FrontBoard:Common] <FBSWorkspaceScenesClient:0x105108aa0 com.apple.frontboard.systemappservices> attempting immediate handshake from activate
2026-08-23 22:33:36.950 Df Runner[73630:1ae6f5c] [com.apple.FrontBoard:Common] <FBSWorkspaceScenesClient:0x105108aa0 com.apple.frontboard.systemappservices> sent handshake
2026-08-23 22:33:36.950 Df Runner[73630:1ae6fab] [com.apple.FrontBoard:SceneExtension] Realizing settings extension <_UISceneInterfaceProtectionSettings> on FBSSceneSettings
2026-08-23 22:33:36.950 Df Runner[73630:1ae6f5c] [com.apple.runningboard:general] Added observer for process assertions expiration warning: <_RBSExpirationWarningClient: 0x105124d80>
2026-08-23 22:33:36.951 Df Runner[73630:1ae6fab] [com.apple.FrontBoard:SceneExtension] Realizing settings extension _UISceneLayoutPreferencesHostSettingsExtension on FBSSceneSettings
2026-08-23 22:33:36.952 Df Runner[73630:1ae6fab] [com.apple.FrontBoard:SceneExtension] Realizing settings extension _UISceneSafeAreaSettingsExtension on FBSSceneSettings
2026-08-23 22:33:36.954 Df Runner[73630:1ae6f5c] [com.apple.UIKit:UIScreen] Evaluated capturing state as 0 on <UIScreen: 0x10519c500> for initial
2026-08-23 22:33:36.954 Df Runner[73630:1ae6fab] [com.apple.FrontBoard:SceneExtension] Realizing settings extension _UISceneLayoutPreferenceClientSettingsExtension on FBSSceneClientSettings
2026-08-23 22:33:36.954 Df Runner[73630:1ae6f5c] [com.apple.UIKit:UIScreen] Evaluated capturing state as 0 on <UIScreen: 0x10519c500> for CADisplay KVO
2026-08-23 22:33:36.955 Df Runner[73630:1ae6fab] [com.apple.FrontBoard:SceneExtension] Realizing settings extension <_UIHomeAffordanceHostSceneSettings> on FBSSceneSettings
2026-08-23 22:33:36.956 Df Runner[73630:1ae6fab] [com.apple.FrontBoard:SceneExtension] Realizing settings extension _UISystemShellSceneHostingEnvironmentSettings on FBSSceneSettings
2026-08-23 22:33:36.956 Df Runner[73630:1ae6fab] [com.apple.FrontBoard:SceneExtension] Realizing settings extension _UISceneRenderingEnvironmentSettings on FBSSceneSettings
2026-08-23 22:33:36.957 Df Runner[73630:1ae6f5c] [com.apple.Accessibility:AXSupportCommon] Read CategoryName: per-app = 1, category name = (null)
2026-08-23 22:33:36.957 Df Runner[73630:1ae6f5c] [com.apple.Accessibility:AXSupportCommon] Read CategoryName: per-app = 0, category name = UICTContentSizeCategoryL
2026-08-23 22:33:36.957 Df Runner[73630:1ae6fab] [com.apple.FrontBoard:SceneExtension] Realizing settings extension <_UISceneRenderingEnvironmentClientSettings> on FBSSceneClientSettings
2026-08-23 22:33:36.957 Df Runner[73630:1ae6fab] [com.apple.FrontBoard:SceneExtension] Realizing settings extension <_UISceneTransitioningHostSettings> on FBSSceneSettings
2026-08-23 22:33:36.957 Df Runner[73630:1ae6fab] [com.apple.FrontBoard:SceneExtension] Realizing settings extension <_UISceneFocusSystemSettings> on FBSSceneSettings
2026-08-23 22:33:36.957 Df Runner[73630:1ae6fab] [com.apple.FrontBoard:SceneExtension] Realizing settings extension _UISceneOrientationSettingsExtension on FBSSceneSettings
2026-08-23 22:33:36.958 Df Runner[73630:1ae6fab] [com.apple.FrontBoard:SceneExtension] Realizing settings extension _UISceneOrientationClientSettingsExtension on FBSSceneClientSettings
2026-08-23 22:33:36.958 Df Runner[73630:1ae6fab] [com.apple.FrontBoard:SceneExtension] Realizing settings extension _UISceneWindowingControlClientSettings on FBSSceneClientSettings
2026-08-23 22:33:36.958 Df Runner[73630:1ae6fab] [com.apple.FrontBoard:SceneExtension] Realizing settings extension <_UISceneHostingContentSizePreferenceClientSettings> on FBSSceneClientSettings
2026-08-23 22:33:36.959 Df Runner[73630:1ae6fab] [com.apple.FrontBoard:SceneExtension] Realizing settings extension _UISceneHostingTraitCollectionPropagationSettings on FBSSceneSettings
2026-08-23 22:33:36.960 Df Runner[73630:1ae6fab] [com.apple.FrontBoard:SceneExtension] Realizing settings extension <_UISceneHostingSheetPresentationSettings> on FBSSceneSettings
2026-08-23 22:33:36.961 Df Runner[73630:1ae6fab] [com.apple.FrontBoard:SceneExtension] Realizing settings extension <_UISceneHostingSheetPresentationClientSettings> on FBSSceneClientSettings
2026-08-23 22:33:36.961 Df Runner[73630:1ae6fab] [com.apple.FrontBoard:SceneExtension] Realizing settings extension <_UISceneHostingEventDeferringSettings> on FBSSceneSettings
2026-08-23 22:33:36.962 Df Runner[73630:1ae6fab] [com.apple.FrontBoard:SceneExtension] Realizing settings extension <UIKit__UITypedKeyValueSceneSettings> on FBSSceneSettings
2026-08-23 22:33:36.962 Df Runner[73630:1ae6fab] [com.apple.FrontBoard:SceneExtension] Realizing settings extension <UIKit__UITypedKeyValueSceneSettings> on FBSSceneClientSettings
2026-08-23 22:33:36.963 Df Runner[73630:1ae6fab] [com.apple.FrontBoard:SceneExtension] Realizing settings extension <_UISceneHostingViewControllerPreferencePropagationClientSettings> on FBSSceneClientSettings
2026-08-23 22:33:36.963 Df Runner[73630:1ae6fab] [com.apple.FrontBoard:SceneExtension] Realizing settings extension <_UISceneZoomTransitionSettings> on FBSSceneSettings
2026-08-23 22:33:36.963 Df Runner[73630:1ae6fb1] [com.apple.FrontBoard:SceneExtension] Realizing settings extension FBSSceneSettingsCore on FBSSceneSettings
2026-08-23 22:33:36.965 Df Runner[73630:1ae6fb1] [com.apple.FrontBoard:SceneExtension] Realizing settings extension FBSSceneClientSettingsCore on FBSSceneClientSettings
2026-08-23 22:33:37.042 Df Runner[73630:1ae6fb1] [com.apple.FrontBoard:SceneExtension] UIMutableApplicationSceneSettings setting counterpart class: UIApplicationSceneSettings
2026-08-23 22:33:37.042 Df Runner[73630:1ae6fb1] [com.apple.FrontBoard:SceneExtension] UIMutableApplicationSceneClientSettings setting counterpart class: UIApplicationSceneClientSettings
2026-08-23 22:33:37.043 Df Runner[73630:1ae6f5c] [com.apple.FileURL:default] kExcludedFromBackupXattrName set on path: /Users/fengqiyue/Library/Developer/CoreSimulator/Devices/C10E0968-4695-4C02-BC55-8C322531239A/data/Containers/Data/Application/909FB6EB-6EF0-4365-9BC7-BC4D4CFAC4B7/Library/Caches//flutter_callback_cache.json
2026-08-23 22:33:37.043 Df Runner[73630:1ae6fb1] [com.apple.FrontBoard:SceneExtension] Realizing settings extension FBSSceneTransitionContextCore on FBSSceneTransitionContext
2026-08-23 22:33:37.735 A  Runner[73630:1ae6fab] (CoreFoundation) Updating Key-Value Observers Of Preferences
2026-08-23 22:33:37.756 Df Runner[73630:1ae6f5c] [com.apple.dt.xctest:Default] Registering for test daemon availability notify post.
2026-08-23 22:33:37.756 Df Runner[73630:1ae6f5c] [com.apple.dt.xctest:Default] notify_get_state check indicated test daemon not ready.
2026-08-23 22:33:37.756 Df Runner[73630:1ae6f5c] [com.apple.dt.xctest:Default] notify_get_state check indicated test daemon not ready.
2026-08-23 22:33:37.757 Df Runner[73630:1ae6f5c] [com.apple.dt.xctest:Default] notify_get_state check indicated test daemon not ready.
2026-08-23 22:33:37.758 Df Runner[73630:1ae6f5c] [com.apple.UIKit:Application] Deactivation reason added: 11; deactivation reasons: 1024 -> 3072; animating application lifecycle event: 0
2026-08-23 22:33:37.765 Df Runner[73630:1ae6f5c] (UIKitCore) Warning: Unable to create restoration in progress marker file
2026-08-23 22:33:37.766 Df Runner[73630:1ae6f5c] [com.apple.UIKit:Application] Deactivation reason removed: 10; deactivation reasons: 3072 -> 2048; animating application lifecycle event: 0
2026-08-23 22:33:37.808 Df Runner[73630:1ae6f5c] [com.apple.UIKit:EventBus] Event Timing Profile for Touch: not found, path="/System/Library/EventTimingProfiles/Sim.Touch.plist"
2026-08-23 22:33:37.808 Df Runner[73630:1ae6f5c] [com.apple.UIKit:EventBus] Event Timing Profile for Pencil: not found, path="/System/Library/EventTimingProfiles/Sim.Pencil.plist"
2026-08-23 22:33:37.808 Df Runner[73630:1ae6f5c] [com.apple.UIKit:UpdateScheduler] Selected display: name=LCD (PurpleMain), id=1
2026-08-23 22:33:37.815 Df Runner[73630:1ae6f5c] [com.apple.xpc:connection] [0x10519cdc0] activating connection: mach=true listener=false peer=false name=com.apple.lsd.mapdb
2026-08-23 22:33:37.859 Df Runner[73630:1ae6f5c] [com.apple.BoardServices:XPCErrors] [C:2] Alloc com.apple.backboard.hid-services.xpc
2026-08-23 22:33:37.859 Df Runner[73630:1ae6f5c] [com.apple.xpc:connection] [0x10519c8c0] activating connection: mach=false listener=false peer=false name=(anonymous)
2026-08-23 22:33:37.862 Df Runner[73630:1ae6f5c] [com.apple.app_launch_measurement:ApplicationLaunch] alm_acquire_pageins_recording_assertion: acquired pageins recording assertion!
2026-08-23 22:33:37.863 Df Runner[73630:1ae6fad] [com.apple.BackBoard:EventDelivery] BKSHIDEventDeliveryManager - connection activation
2026-08-23 22:33:37.865 Df Runner[73630:1ae6f5c] [com.apple.UIKit:BackgroundTask] Will add backgroundTask with taskName: Persistent SceneSession Map Update, expirationHandler: <__NSGlobalBlock__: 0x1e78c84e8>
2026-08-23 22:33:37.865 Df Runner[73630:1ae6f5c] [com.apple.UIKit:BackgroundTask] Reusing background assertion <BKSProcessAssertion: 0x104baad90>
2026-08-23 22:33:37.865 Df Runner[73630:1ae6f5c] [com.apple.UIKit:BackgroundTask] Incrementing reference count for background assertion <BKSProcessAssertion: 0x104baad90>
2026-08-23 22:33:37.865 Df Runner[73630:1ae6f5c] [com.apple.UIKit:BackgroundTask] Created background task <_UIBackgroundTaskInfo: 0x105256d40>: taskID = 2, taskName = Persistent SceneSession Map Update, creationTime = 364501 (elapsed = 0).
2026-08-23 22:33:37.866 Df Runner[73630:1ae6f5c] [com.apple.UIKit:Application] Deactivation reason added: 5; deactivation reasons: 2048 -> 2080; animating application lifecycle event: 1
2026-08-23 22:33:37.866 Df Runner[73630:1ae6f5c] [com.apple.UIKit:InterfaceStyle] Should send trait collection or coordinate space update, interface style 1 -> 1, <UIWindowScene: 0x10889cc00> (A30F8E87-182B-48E3-B3B4-FD382426CD35)
2026-08-23 22:33:37.866 Df Runner[73630:1ae6f5c] [com.apple.UIKit:InterfaceStyle] Not push traits update to screen for new style 1, <UIWindowScene: 0x10889cc00> (A30F8E87-182B-48E3-B3B4-FD382426CD35)
2026-08-23 22:33:37.866 Df Runner[73630:1ae6f5c] [com.apple.UIKit:HomeAffordanceObservation] Initializing: <_UIHomeAffordanceSceneNotifier: 0x10891f410>; with scene: <UIWindowScene: 0x10889cc00>
2026-08-23 22:33:37.867 Df Runner[73630:1ae6f5c] [com.apple.BacklightServices:scenes] 0x108933d20 setDelegate:<0x108933cc0 _UIBacklightEnvironment> hasDelegate:YES for environment:sceneID:com.admin9.app.foundation-default
2026-08-23 22:33:37.867 Df Runner[73630:1ae6f5c] [com.apple.UIKit:InterfaceStyle] Not push traits update to screen for new style 1, <UIWindowScene: 0x10889cc00> (A30F8E87-182B-48E3-B3B4-FD382426CD35)
2026-08-23 22:33:37.867 Df Runner[73630:1ae6f5c] [com.apple.UIKit:EventDeferring] [0x10891f3a0] Initialized with scene: <UIWindowScene: 0x10889cc00>; behavior: <_UIEventDeferringBehavior_iOS: 0x108896660>; availableForProcess: 1, systemShellManagesKeyboardFocus: 1
2026-08-23 22:33:37.869 Df Runner[73630:1ae6fad] [com.apple.BackBoard:EventDelivery] BKSHIDEventObserver - connection activation
2026-08-23 22:33:37.869 Df Runner[73630:1ae6f5c] [com.apple.BackBoard:EventDelivery] policyStatus:<BKSHIDEventDeliveryPolicyObserver: 0x105073720; process scope; status: target> was:none
2026-08-23 22:33:37.869 Df Runner[73630:1ae6f5c] [com.apple.UIKit:KeyWindow] Setting default evaluation strategy for UIUserInterfaceIdiomPhone to LastOneWins
2026-08-23 22:33:37.869 Df Runner[73630:1ae6f5c] [com.apple.UIKit:KeyWindow] Scene target of keyboard event deferring environment did change: 1; scene: UIWindowScene: 0x10889cc00; scene identity: com.apple.frontboard.systemappservices/FBSceneManager:sceneID%3Acom.admin9.app.foundation-default
2026-08-23 22:33:37.869 Df Runner[73630:1ae6f5c] [com.apple.UIKit:EventDeferring] [0x10891f3a0] Scene target of event deferring environments did update: scene: 0x10889cc00; current systemShellManagesKeyboardFocus: 1; systemShellManagesKeyboardFocusForScene: 1; eligibleForRecordRemoval: 1;
2026-08-23 22:33:37.869 Df Runner[73630:1ae6f5c] [com.apple.UIKit:KeyWindow] Scene became target of keyboard event deferring environment: UIWindowScene: 0x10889cc00; scene identity: com.apple.frontboard.systemappservices/FBSceneManager:sceneID%3Acom.admin9.app.foundation-default
2026-08-23 22:33:37.869 Df Runner[73630:1ae6f5c] [com.apple.UIKit:KeyWindow] Stack[KeyWindow] 0x108933ab0: Taking no further action for migration from LastOneWins -> SystemShellManaged as there are no scenes
2026-08-23 22:33:37.869 Df Runner[73630:1ae6f5c] [com.apple.UIKit:KeyWindow] Setting default evaluation strategy for UIUserInterfaceIdiomPhone to SystemShellManaged
2026-08-23 22:33:37.869 Df Runner[73630:1ae6f5c] [com.apple.UIKit:KeyWindow] Key window needs update: 0; currentKeyWindowScene: 0x0; evaluatedKeyWindowScene: 0x10889cc00; currentApplicationKeyWindow: 0x0; evaluatedApplicationKeyWindow: 0x0; reason: UIWindowScene: 0x10889cc00: Window scene became target of keyboard environment
2026-08-23 22:33:37.869 Df Runner[73630:1ae6f5c] [com.apple.UIKit:InterfaceStyle] Not push traits update to screen for new style 1, <UIWindowScene: 0x10889cc00> (A30F8E87-182B-48E3-B3B4-FD382426CD35)
2026-08-23 22:33:37.870 Df Runner[73630:1ae6f5c] [com.apple.UIKit:InterfaceStyle] Not push traits update to screen for new style 1, <UIWindowScene: 0x10889cc00> (A30F8E87-182B-48E3-B3B4-FD382426CD35)
2026-08-23 22:33:37.871 Df Runner[73630:1ae6f5c] [com.apple.UIKit:InterfaceStyle] Not push traits update to screen for new style 1, <UIWindowScene: 0x10889cc00> (A30F8E87-182B-48E3-B3B4-FD382426CD35)
2026-08-23 22:33:37.908 Df Runner[73630:1ae6f5c] [com.apple.xpc:connection] [0x10519d7c0] activating connection: mach=true listener=false peer=false name=com.apple.metal.simulator
2026-08-23 22:33:37.911 Df Runner[73630:1ae6f5c] [com.apple.xpc:connection] [0x10519d900] activating connection: mach=true listener=false peer=false name=com.apple.metal.simulator
2026-08-23 22:33:37.912 Df Runner[73630:1ae6f5c] [com.apple.xpc:connection] [0x10519da40] activating connection: mach=true listener=false peer=false name=com.apple.metal.simulator
2026-08-23 22:33:37.913 E  Runner[73630:1ae6f5c] [com.apple.UIKit:UIFocus] FlutterView implements focusItemsInRect: - caching for linear focus movement is limited as long as this view is on screen.
2026-08-23 22:33:37.933 E  Runner[73630:1ae6f5c] (libCoreFSCache.dylib) fopen failed for data file: errno = 2 (No such file or directory)
2026-08-23 22:33:37.933 Df Runner[73630:1ae6f5c] (libCoreFSCache.dylib) Invalidating cache
2026-08-23 22:33:37.933 Df Runner[73630:1ae6f5c] [com.apple.xpc:connection] [0x10519db80] activating connection: mach=false listener=false peer=false name=com.apple.MTLCompilerService
2026-08-23 22:33:37.972 Df Runner[73630:1ae6fb0] [com.apple.UIKit:BackgroundTask] Ending background task with UIBackgroundTaskIdentifier: 1
2026-08-23 22:33:37.972 Df Runner[73630:1ae6fb0] [com.apple.UIKit:BackgroundTask] Ending task with identifier 1 and description: <_UIBackgroundTaskInfo: 0x1050a8c80>: taskID = 1, taskName = Launch Background Task for Coalescing, creationTime = 364500 (elapsed = 1), _expireHandler: (null)
2026-08-23 22:33:37.973 Df Runner[73630:1ae6fb0] [com.apple.UIKit:BackgroundTask] Decrementing reference count for assertion <BKSProcessAssertion: 0x104baad90> (used by background task with identifier 1: <_UIBackgroundTaskInfo: 0x1050a8c80>: taskID = 1, taskName = Launch Background Task for Coalescing, creationTime = 364500 (elapsed = 1))
2026-08-23 22:33:37.990 Df Runner[73630:1ae702a] (Flutter) flutter: The Dart VM service is listening on http://127.0.0.1:50115/_XP8M8rEVBE=/
2026-08-23 22:33:38.014 Df Runner[73630:1ae6f5c] [com.apple.xpc:connection] [0x10519dcc0] activating connection: mach=false listener=false peer=false name=com.apple.MTLCompilerService
2026-08-23 22:33:38.015 A  Runner[73630:1ae6fad] (Metal) Metal Compiling Shader
2026-08-23 22:33:38.015 E  Runner[73630:1ae6f5c] (libCoreFSCache.dylib) fopen failed for data file: errno = 2 (No such file or directory)
2026-08-23 22:33:38.015 Df Runner[73630:1ae6f5c] (libCoreFSCache.dylib) Invalidating cache
2026-08-23 22:33:38.015 A  Runner[73630:1ae6fab] (Metal) Metal Compiling Shader
2026-08-23 22:33:38.025 Df Runner[73630:1ae6fb0] [com.apple.xpc:connection] [0x10519de00] activating connection: mach=true listener=false peer=false name=com.apple.fontservicesd
2026-08-23 22:33:38.103 A  Runner[73630:1ae6fae] (RunningBoardServices) didChangeInheritances
2026-08-23 22:33:38.320 A  Runner[73630:1ae6fad] (Metal) Metal Compiling Shader
2026-08-23 22:33:38.341 A  Runner[73630:1ae6fab] (Metal) Metal Compiling Shader
2026-08-23 22:33:38.342 A  Runner[73630:1ae6fad] (Metal) Metal Compiling Shader
2026-08-23 22:33:38.344 A  Runner[73630:1ae6fad] (Metal) Metal Compiling Shader
2026-08-23 22:33:38.345 A  Runner[73630:1ae6fab] (Metal) Metal Compiling Shader
2026-08-23 22:33:38.346 A  Runner[73630:1ae6fab] (Metal) Metal Compiling Shader
2026-08-23 22:33:38.349 A  Runner[73630:1ae6fab] (Metal) Metal Compiling Shader
2026-08-23 22:33:38.350 A  Runner[73630:1ae6fad] (Metal) Metal Compiling Shader
2026-08-23 22:33:38.352 A  Runner[73630:1ae6fab] (Metal) Metal Compiling Shader
2026-08-23 22:33:38.353 A  Runner[73630:1ae6fad] (Metal) Metal Compiling Shader
2026-08-23 22:33:38.354 A  Runner[73630:1ae6fab] (Metal) Metal Compiling Shader
2026-08-23 22:33:38.356 A  Runner[73630:1ae6fad] (Metal) Metal Compiling Shader
2026-08-23 22:33:38.356 A  Runner[73630:1ae6fab] (Metal) Metal Compiling Shader
2026-08-23 22:33:38.358 A  Runner[73630:1ae6fad] (Metal) Metal Compiling Shader
2026-08-23 22:33:38.359 A  Runner[73630:1ae6fab] (Metal) Metal Compiling Shader
2026-08-23 22:33:38.362 A  Runner[73630:1ae6fad] (Metal) Metal Compiling Shader
2026-08-23 22:33:38.362 A  Runner[73630:1ae6fab] (Metal) Metal Compiling Shader
2026-08-23 22:33:38.364 A  Runner[73630:1ae6fad] (Metal) Metal Compiling Shader
2026-08-23 22:33:38.364 A  Runner[73630:1ae6fab] (Metal) Metal Compiling Shader
2026-08-23 22:33:38.366 A  Runner[73630:1ae6fad] (Metal) Metal Compiling Shader
2026-08-23 22:33:38.367 A  Runner[73630:1ae6fab] (Metal) Metal Compiling Shader
2026-08-23 22:33:38.370 A  Runner[73630:1ae6fab] (Metal) Metal Compiling Shader
2026-08-23 22:33:38.370 A  Runner[73630:1ae6fad] (Metal) Metal Compiling Shader
2026-08-23 22:33:38.372 A  Runner[73630:1ae6fab] (Metal) Metal Compiling Shader
2026-08-23 22:33:38.372 A  Runner[73630:1ae6fad] (Metal) Metal Compiling Shader
2026-08-23 22:33:38.375 A  Runner[73630:1ae6fab] (Metal) Metal Compiling Shader
2026-08-23 22:33:38.375 A  Runner[73630:1ae6fad] (Metal) Metal Compiling Shader
2026-08-23 22:33:38.377 A  Runner[73630:1ae6fab] (Metal) Metal Compiling Shader
2026-08-23 22:33:38.377 A  Runner[73630:1ae6fad] (Metal) Metal Compiling Shader
2026-08-23 22:33:38.379 A  Runner[73630:1ae6fab] (Metal) Metal Compiling Shader
2026-08-23 22:33:38.379 A  Runner[73630:1ae6fad] (Metal) Metal Compiling Shader
2026-08-23 22:33:38.382 A  Runner[73630:1ae6fab] (Metal) Metal Compiling Shader
2026-08-23 22:33:38.382 Df Runner[73630:1ae6f5c] [com.apple.UIKit:Orientation] <UIWindowScene: 0x10889cc00> (A30F8E87-182B-48E3-B3B4-FD382426CD35) Scene updated orientation preferences: none -> ( Pu Ll Lr )
2026-08-23 22:33:38.382 A  Runner[73630:1ae6fad] (Metal) Metal Compiling Shader
2026-08-23 22:33:38.382 Df Runner[73630:1ae6fb0] [com.apple.UIKit:BackgroundTask] Ending background task with UIBackgroundTaskIdentifier: 2
2026-08-23 22:33:38.382 Df Runner[73630:1ae6fb0] [com.apple.UIKit:BackgroundTask] Ending task with identifier 2 and description: <_UIBackgroundTaskInfo: 0x105256d40>: taskID = 2, taskName = Persistent SceneSession Map Update, creationTime = 364501 (elapsed = 1), _expireHandler: <__NSGlobalBlock__: 0x1e78c84e8>
2026-08-23 22:33:38.382 Df Runner[73630:1ae6fb0] [com.apple.UIKit:BackgroundTask] Decrementing reference count for assertion <BKSProcessAssertion: 0x104baad90> (used by background task with identifier 2: <_UIBackgroundTaskInfo: 0x105256d40>: taskID = 2, taskName = Persistent SceneSession Map Update, creationTime = 364501 (elapsed = 1))
2026-08-23 22:33:38.382 Df Runner[73630:1ae6fb0] [com.apple.UIKit:BackgroundTask] Will invalidate assertion: <BKSProcessAssertion: 0x104baad90> for task identifier: 2
2026-08-23 22:33:38.384 A  Runner[73630:1ae6fab] (Metal) Metal Compiling Shader
2026-08-23 22:33:38.384 A  Runner[73630:1ae6fad] (Metal) Metal Compiling Shader
2026-08-23 22:33:38.386 A  Runner[73630:1ae6fad] (Metal) Metal Compiling Shader
2026-08-23 22:33:38.386 A  Runner[73630:1ae6fab] (Metal) Metal Compiling Shader
2026-08-23 22:33:38.389 A  Runner[73630:1ae6fad] (Metal) Metal Compiling Shader
2026-08-23 22:33:38.390 A  Runner[73630:1ae6fab] (Metal) Metal Compiling Shader
2026-08-23 22:33:38.390 Df Runner[73630:1ae6f5c] [com.apple.UIKit:KeyWindow] Key window API is scene-level: YES
2026-08-23 22:33:38.390 Df Runner[73630:1ae6f5c] [com.apple.UIKit:KeyWindow] UIWindowScene: 0x10889cc00: Window became key in scene: UIWindow: 0x1051d4800; contextId: 0x6C613184: reason: UIWindowScene: 0x10889cc00: Window requested to become key in scene: 0x1051d4800
2026-08-23 22:33:38.391 Df Runner[73630:1ae6f5c] [com.apple.UIKit:KeyWindow] Key window needs update: 1; currentKeyWindowScene: 0x0; evaluatedKeyWindowScene: 0x10889cc00; currentApplicationKeyWindow: 0x0; evaluatedApplicationKeyWindow: 0x1051d4800; reason: UIWindowScene: 0x10889cc00: Window requested to become key in scene: 0x1051d4800
2026-08-23 22:33:38.391 Df Runner[73630:1ae6f5c] [com.apple.UIKit:KeyWindow] Window did become application key: UIWindow: 0x1051d4800; contextId: 0x6C613184; scene identity: com.apple.frontboard.systemappservices/FBSceneManager:sceneID%3Acom.admin9.app.foundation-default
2026-08-23 22:33:38.391 A  Runner[73630:1ae6fad] (Metal) Metal Compiling Shader
2026-08-23 22:33:38.391 Df Runner[73630:1ae6f5c] [com.apple.UIKit:EventDeferring] [0x10891f3a0] Begin local event deferring requested for token: 0x105130c00; environments: 1; reason: UIWindowScene: 0x10889cc00: Begin event deferring in keyboardFocus for window: 0x1051d4800
2026-08-23 22:33:38.393 Df Runner[73630:1ae6f5c] [com.apple.UIKit:InterfaceStyle] Not push traits update to screen for new style 1, <UIWindowScene: 0x10889cc00> (A30F8E87-182B-48E3-B3B4-FD382426CD35)
2026-08-23 22:33:38.393 Df Runner[73630:1ae6fb0] [com.apple.BackBoard:EventDelivery] policyStatus:<BKSHIDEventDeliveryPolicyObserver: 0x105073720; token: com.apple.frontboard.systemappservices/FBSceneManager:sceneID%3Acom.admin9.app.foundation-default; status: ancestor> was:target
2026-08-23 22:33:38.394 A  Runner[73630:1ae6fab] (Metal) Metal Compiling Shader
2026-08-23 22:33:38.397 A  Runner[73630:1ae6fab] (Metal) Metal Compiling Shader
2026-08-23 22:33:38.399 A  Runner[73630:1ae6fab] (Metal) Metal Compiling Shader
2026-08-23 22:33:38.400 A  Runner[73630:1ae6fad] (Metal) Metal Compiling Shader
2026-08-23 22:33:38.400 A  Runner[73630:1ae6fab] (Metal) Metal Compiling Shader
2026-08-23 22:33:38.401 A  Runner[73630:1ae6fad] (Metal) Metal Compiling Shader
2026-08-23 22:33:38.402 A  Runner[73630:1ae6fad] (Metal) Metal Compiling Shader
2026-08-23 22:33:38.402 A  Runner[73630:1ae6fab] (Metal) Metal Compiling Shader
2026-08-23 22:33:38.404 A  Runner[73630:1ae6fab] (Metal) Metal Compiling Shader
2026-08-23 22:33:38.404 A  Runner[73630:1ae6fad] (Metal) Metal Compiling Shader
2026-08-23 22:33:38.405 A  Runner[73630:1ae6fab] (Metal) Metal Compiling Shader
2026-08-23 22:33:38.406 A  Runner[73630:1ae6fad] (Metal) Metal Compiling Shader
2026-08-23 22:33:38.407 A  Runner[73630:1ae6fab] (Metal) Metal Compiling Shader
2026-08-23 22:33:38.407 A  Runner[73630:1ae6fad] (Metal) Metal Compiling Shader
2026-08-23 22:33:38.409 A  Runner[73630:1ae6fad] (Metal) Metal Compiling Shader
2026-08-23 22:33:38.409 A  Runner[73630:1ae6fab] (Metal) Metal Compiling Shader
2026-08-23 22:33:38.410 A  Runner[73630:1ae6fab] (Metal) Metal Compiling Shader
2026-08-23 22:33:38.410 A  Runner[73630:1ae6fad] (Metal) Metal Compiling Shader
2026-08-23 22:33:38.412 A  Runner[73630:1ae6fad] (Metal) Metal Compiling Shader
2026-08-23 22:33:38.412 A  Runner[73630:1ae6fab] (Metal) Metal Compiling Shader
2026-08-23 22:33:38.413 A  Runner[73630:1ae6fab] (Metal) Metal Compiling Shader
2026-08-23 22:33:38.414 A  Runner[73630:1ae6fad] (Metal) Metal Compiling Shader
2026-08-23 22:33:38.415 A  Runner[73630:1ae6fab] (Metal) Metal Compiling Shader
2026-08-23 22:33:38.416 A  Runner[73630:1ae6fad] (Metal) Metal Compiling Shader
2026-08-23 22:33:38.420 A  Runner[73630:1ae6fab] (Metal) Metal Compiling Shader
2026-08-23 22:33:38.420 A  Runner[73630:1ae6fad] (Metal) Metal Compiling Shader
2026-08-23 22:33:38.421 A  Runner[73630:1ae6fad] (Metal) Metal Compiling Shader
2026-08-23 22:33:38.421 A  Runner[73630:1ae6fab] (Metal) Metal Compiling Shader
2026-08-23 22:33:38.423 A  Runner[73630:1ae6fad] (Metal) Metal Compiling Shader
2026-08-23 22:33:38.423 A  Runner[73630:1ae6fab] (Metal) Metal Compiling Shader
2026-08-23 22:33:38.424 Df Runner[73630:1ae6f5c] [com.apple.UIKit:AppLifecycle] sceneOfRecord: sceneID: sceneID:com.admin9.app.foundation-default  persistentID: A30F8E87-182B-48E3-B3B4-FD382426CD35
2026-08-23 22:33:38.424 Df Runner[73630:1ae6f5c] [com.apple.UIKit:Application] Ignoring already applied deactivation reason: 5; deactivation reasons: 2080
2026-08-23 22:33:38.424 Df Runner[73630:1ae6f5c] [com.apple.UIKit:Application] Deactivation reason added: 12; deactivation reasons: 2080 -> 6176; animating application lifecycle event: 1
2026-08-23 22:33:38.425 A  Runner[73630:1ae6fad] (Metal) Metal Compiling Shader
2026-08-23 22:33:38.425 A  Runner[73630:1ae6fab] (Metal) Metal Compiling Shader
2026-08-23 22:33:38.426 A  Runner[73630:1ae6fad] (Metal) Metal Compiling Shader
2026-08-23 22:33:38.427 Df Runner[73630:1ae6f5c] [com.apple.UIKit:Application] Deactivation reason removed: 11; deactivation reasons: 6176 -> 4128; animating application lifecycle event: 1
2026-08-23 22:33:38.427 A  Runner[73630:1ae6fab] (Metal) Metal Compiling Shader
2026-08-23 22:33:38.427 Df Runner[73630:1ae6f5c] [com.apple.FrontBoard:SceneExtension] Realizing settings extension <_UISceneIntelligenceSupportSettings> on FBSSceneSettings
2026-08-23 22:33:38.429 A  Runner[73630:1ae6fad] (Metal) Metal Compiling Shader
2026-08-23 22:33:38.429 A  Runner[73630:1ae6fab] (Metal) Metal Compiling Shader
2026-08-23 22:33:38.431 A  Runner[73630:1ae6fad] (Metal) Metal Compiling Shader
2026-08-23 22:33:38.431 A  Runner[73630:1ae6fab] (Metal) Metal Compiling Shader
2026-08-23 22:33:38.433 A  Runner[73630:1ae6fab] (Metal) Metal Compiling Shader
2026-08-23 22:33:38.433 A  Runner[73630:1ae6fad] (Metal) Metal Compiling Shader
2026-08-23 22:33:38.434 A  Runner[73630:1ae6fab] (Metal) Metal Compiling Shader
2026-08-23 22:33:38.435 A  Runner[73630:1ae6fad] (Metal) Metal Compiling Shader
2026-08-23 22:33:38.435 A  Runner[73630:1ae6fab] (Metal) Metal Compiling Shader
2026-08-23 22:33:38.436 Df Runner[73630:1ae6fae] [com.apple.UIIntelligenceSupport:xpc] establishing connection to agent
2026-08-23 22:33:38.437 Df Runner[73630:1ae6fae] [com.apple.xpc:session] [0x108aab7a0] Session created.
2026-08-23 22:33:38.437 Df Runner[73630:1ae6fae] [com.apple.xpc:session] [0x108aab7a0] Session created from connection [0x114e61540]
2026-08-23 22:33:38.437 Df Runner[73630:1ae6fae] [com.apple.xpc:connection] [0x114e61540] activating connection: mach=true listener=false peer=false name=com.apple.uiintelligencesupport.agent
2026-08-23 22:33:38.437 Df Runner[73630:1ae6fae] [com.apple.xpc:session] [0x108aab7a0] Session activated
2026-08-23 22:33:38.437 A  Runner[73630:1ae6fad] (Metal) Metal Compiling Shader
2026-08-23 22:33:38.437 A  Runner[73630:1ae6fab] (Metal) Metal Compiling Shader
2026-08-23 22:33:38.437 Df Runner[73630:1ae6f5c] [com.apple.UIKit:InterfaceStyle] Not push traits update to screen for new style 1, <UIWindowScene: 0x10889cc00> (A30F8E87-182B-48E3-B3B4-FD382426CD35)
2026-08-23 22:33:38.439 A  Runner[73630:1ae6fab] (Metal) Metal Compiling Shader
2026-08-23 22:33:38.439 A  Runner[73630:1ae6fad] (Metal) Metal Compiling Shader
2026-08-23 22:33:38.440 Df Runner[73630:1ae6f5c] [com.apple.xpc:connection] [0x114e61680] activating connection: mach=true listener=false peer=false name=com.apple.IOSurface.Remote
2026-08-23 22:33:38.441 A  Runner[73630:1ae6fad] (Metal) Metal Compiling Shader
2026-08-23 22:33:38.441 A  Runner[73630:1ae6fab] (Metal) Metal Compiling Shader
2026-08-23 22:33:38.443 A  Runner[73630:1ae6fab] (Metal) Metal Compiling Shader
2026-08-23 22:33:38.444 A  Runner[73630:1ae6fad] (Metal) Metal Compiling Shader
2026-08-23 22:33:38.445 A  Runner[73630:1ae6fab] (Metal) Metal Compiling Shader
2026-08-23 22:33:38.445 Df Runner[73630:1ae6f5c] [com.apple.network:activity] Create activity from XPC object <nw_activity 50:1 [97D41C1E-D110-4F28-ABEC-2F99FBA8B775] (reporting strategy default)>
2026-08-23 22:33:38.445 Df Runner[73630:1ae6f5c] [com.apple.network:activity] Create activity from XPC object <nw_activity 50:2 [79406A39-BD87-4526-9542-BA5F35D7792B] (reporting strategy default)>
2026-08-23 22:33:38.445 Df Runner[73630:1ae6f5c] [com.apple.network:activity] Set activity <nw_activity 50:1 [97D41C1E-D110-4F28-ABEC-2F99FBA8B775] (reporting strategy default)> as the global parent
2026-08-23 22:33:38.445 Df Runner[73630:1ae6f5c] [com.apple.UIKit:UpdateScheduler] Target list changed: <CADisplay:LCD PurpleMain>
2026-08-23 22:33:38.446 Df Runner[73630:1ae6f5c] [com.apple.UIKit:AppLifecycle] sceneOfRecord: sceneID: sceneID:com.admin9.app.foundation-default  persistentID: A30F8E87-182B-48E3-B3B4-FD382426CD35
2026-08-23 22:33:38.446 Df Runner[73630:1ae6f5c] [com.apple.UIKit:InterfaceStyle] Not push traits update to screen for new style 1, <UIWindowScene: 0x10889cc00> (A30F8E87-182B-48E3-B3B4-FD382426CD35)
2026-08-23 22:33:38.446 A  Runner[73630:1ae6fad] (Metal) Metal Compiling Shader
2026-08-23 22:33:38.447 A  Runner[73630:1ae6fab] (Metal) Metal Compiling Shader
2026-08-23 22:33:38.447 A  Runner[73630:1ae6fae] (RunningBoardServices) didChangeInheritances
2026-08-23 22:33:38.449 A  Runner[73630:1ae6fab] (Metal) Metal Compiling Shader
2026-08-23 22:33:38.449 A  Runner[73630:1ae6fad] (Metal) Metal Compiling Shader
2026-08-23 22:33:38.451 A  Runner[73630:1ae6fab] (Metal) Metal Compiling Shader
2026-08-23 22:33:38.451 A  Runner[73630:1ae6fae] (RunningBoardServices) didChangeInheritances
2026-08-23 22:33:38.451 A  Runner[73630:1ae6fad] (Metal) Metal Compiling Shader
2026-08-23 22:33:38.453 A  Runner[73630:1ae6fad] (Metal) Metal Compiling Shader
2026-08-23 22:33:38.453 A  Runner[73630:1ae6fab] (Metal) Metal Compiling Shader
2026-08-23 22:33:38.455 A  Runner[73630:1ae6fab] (Metal) Metal Compiling Shader
2026-08-23 22:33:38.455 A  Runner[73630:1ae6fad] (Metal) Metal Compiling Shader
2026-08-23 22:33:38.457 A  Runner[73630:1ae6fad] (Metal) Metal Compiling Shader
2026-08-23 22:33:38.457 A  Runner[73630:1ae6fab] (Metal) Metal Compiling Shader
2026-08-23 22:33:38.459 A  Runner[73630:1ae6fad] (Metal) Metal Compiling Shader
2026-08-23 22:33:38.459 A  Runner[73630:1ae6fab] (Metal) Metal Compiling Shader
2026-08-23 22:33:38.461 A  Runner[73630:1ae6fad] (Metal) Metal Compiling Shader
2026-08-23 22:33:38.461 A  Runner[73630:1ae6fab] (Metal) Metal Compiling Shader
2026-08-23 22:33:38.462 A  Runner[73630:1ae6fad] (Metal) Metal Compiling Shader
2026-08-23 22:33:38.462 A  Runner[73630:1ae6fab] (Metal) Metal Compiling Shader
2026-08-23 22:33:38.463 A  Runner[73630:1ae6fad] (Metal) Metal Compiling Shader
2026-08-23 22:33:38.464 A  Runner[73630:1ae6fab] (Metal) Metal Compiling Shader
2026-08-23 22:33:38.464 A  Runner[73630:1ae6fad] (Metal) Metal Compiling Shader
2026-08-23 22:33:38.484 Df Runner[73630:1ae6f5c] [com.apple.Accessibility:AXCommon] Read Per-App on Init: Smart invert = (null)
2026-08-23 22:33:38.490 A  Runner[73630:1ae6fab] (RunningBoardServices) didChangeInheritances
2026-08-23 22:33:38.527 Df Runner[73630:1ae6f5c] [com.apple.UIKit:EventDeferring] [0x10891f3a0] Scene target of event deferring environments did update: scene: 0x10889cc00; current systemShellManagesKeyboardFocus: 1; systemShellManagesKeyboardFocusForScene: 1; eligibleForRecordRemoval: 1;
2026-08-23 22:33:38.527 Df Runner[73630:1ae6f5c] [com.apple.UIKit:KeyWindow] Scene became target of keyboard event deferring environment: UIWindowScene: 0x10889cc00; scene identity: com.apple.frontboard.systemappservices/FBSceneManager:sceneID%3Acom.admin9.app.foundation-default
2026-08-23 22:33:38.528 Df Runner[73630:1ae6f5c] [com.apple.FrontBoard:SceneExtension] Realizing settings extension SBUISecureRenderingSettingsExtension on FBSSceneSettings
2026-08-23 22:33:38.529 Df Runner[73630:1ae6f5c] [com.apple.UIKit:InterfaceStyle] Not push traits update to screen for new style 1, <UIWindowScene: 0x10889cc00> (A30F8E87-182B-48E3-B3B4-FD382426CD35)
2026-08-23 22:33:38.530 Df Runner[73630:1ae6f5c] [com.apple.UIKit:InterfaceStyle] Not push traits update to screen for new style 1, <UIWindowScene: 0x10889cc00> (A30F8E87-182B-48E3-B3B4-FD382426CD35)
2026-08-23 22:33:38.530 Df Runner[73630:1ae6f5c] [com.apple.UIKit:AppLifecycle] sceneOfRecord: sceneID: sceneID:com.admin9.app.foundation-default  persistentID: A30F8E87-182B-48E3-B3B4-FD382426CD35
2026-08-23 22:33:38.530 Df Runner[73630:1ae6f5c] [com.apple.UIKit:Application] Deactivation reason removed: 12; deactivation reasons: 4128 -> 32; animating application lifecycle event: 1
2026-08-23 22:33:38.530 Df Runner[73630:1ae6f5c] [com.apple.KeyboardArbiter:Client] Send setDeactivating: N (-DeactivationReason:SuspendedEventsOnly)
2026-08-23 22:33:38.531 Df Runner[73630:1ae6f5c] [com.apple.UIKit:Application] Deactivation reason removed: 5; deactivation reasons: 32 -> 0; animating application lifecycle event: 0
2026-08-23 22:33:38.631 Df Runner[73630:1ae6f5c] [com.apple.KeyboardArbiter:Client] startConnection
2026-08-23 22:33:38.633 Df Runner[73630:1ae6f5c] [com.apple.xpc:connection] [0x114df92c0] activating connection: mach=true listener=false peer=false name=com.apple.UIKit.KeyboardManagement.hosted
2026-08-23 22:33:38.666 Df Runner[73630:1ae6f5c] [com.apple.KeyboardArbiter:Client] handleKeyboardChange: set currentKeyboard:N (wasKeyboard:N)
2026-08-23 22:33:38.675 Df Runner[73630:1ae6f5c] [com.apple.UIKit:KeyboardSceneDelegate] forceReloadInputViews
2026-08-23 22:33:38.683 Df Runner[73630:1ae6f5c] [com.apple.UIKit:KeyboardSceneDelegate] Reloading input views for key-window scene responder: <(null): 0x0; > force:Y
2026-08-23 22:33:38.684 Df Runner[73630:1ae6f5c] [com.apple.UIKit:KeyboardArbiterClientLog] isWritingToolsHandlingKeyboardTracking:Y (WT ready:Y, Arbiter ready:Y)
2026-08-23 22:33:39.383 E  Runner[73630:1ae6f5c] [com.apple.UIKit:UIFocus] FlutterSemanticsScrollView implements focusItemsInRect: - caching for linear focus movement is limited as long as this view is on screen.
2026-08-23 22:33:39.592 Df Runner[73630:1ae6f5c] [com.apple.BackBoard:Display] [FBSDisplaySource 1-1] silently connecting raw configuration: <FBSDisplayConfiguration: 0x105117500; Main; mode: "390x844@3x 60Hz p3 SDR">
2026-08-23 22:33:39.605 Df Runner[73630:1ae6f5c] [com.apple.runningboard:connection] Creating side-channel connection to com.apple.runningboard
2026-08-23 22:33:39.605 Df Runner[73630:1ae6f5c] [com.apple.xpc:connection] [0x114dfbd40] activating connection: mach=true listener=false peer=false name=com.apple.runningboard
2026-08-23 22:33:39.606 Df Runner[73630:1ae6f5c] [com.apple.runningboard:process] Hit the server for a process handle 1243107200011f9e that resolved to: [app<com.admin9.app.foundation((null))>:73630]
2026-08-23 22:33:39.654 Df Runner[73630:1ae6f5c] [com.apple.network:activity] <nw_activity 50:1 [97D41C1E-D110-4F28-ABEC-2F99FBA8B775] (global parent) (reporting strategy default) complete (reason success)> complete with reason 2 (success), duration 3633ms
2026-08-23 22:33:39.654 Df Runner[73630:1ae6f5c] [com.apple.network:activity] <nw_activity 50:2 [79406A39-BD87-4526-9542-BA5F35D7792B] (reporting strategy default) complete (reason success)> complete with reason 2 (success), duration 3633ms
2026-08-23 22:33:39.654 Df Runner[73630:1ae6f5c] [com.apple.network:activity] Unsetting the global parent activity <nw_activity 50:1 [97D41C1E-D110-4F28-ABEC-2F99FBA8B775] (global parent) (reporting strategy default) complete (reason success)>
2026-08-23 22:33:39.654 Df Runner[73630:1ae6f5c] [com.apple.network:activity] Unset the global parent activity
2026-08-23 22:33:39.654 Df Runner[73630:1ae6f5c] [com.apple.app_launch_measurement:ApplicationLaunch] alm_release_pageins_recording_assertion: releasing pageins recording assertion
