Resolving dependencies...
Downloading packages...
  _fe_analyzer_shared 95.0.0 (105.0.0 available)
  analyzer 10.1.0 (14.1.0 available)
  intl 0.20.2 (0.20.3 available)
  matcher 0.12.19 (0.12.20 available)
  meta 1.18.0 (1.19.0 available)
  package_config 2.2.0 (3.0.0 available)
  path_provider_linux 2.2.1 (2.2.2 available)
  path_provider_platform_interface 2.1.2 (2.1.3 available)
  shared_preferences_android 2.4.25 (2.4.27 available)
  test_api 0.7.11 (0.7.13 available)
  vector_math 2.2.0 (2.4.1 available)
Got dependencies!
11 packages have newer versions incompatible with dependency constraints.
Try `flutter pub outdated` for more information.
Wireless debugging on iOS 26 may be slower than expected. For better performance, consider using a wired (USB) connection.
Automatically signing iOS for device deployment using specified development team in Xcode project: J25XZRW743
Running Xcode build...
Xcode build done.                                           37.4s
Installing and launching...
You may be prompted to give access to control Xcode. Flutter uses Xcode to run your app. If access is not allowed, you can change this through your Settings > Privacy & Security > Automation.
Xcode is taking longer than expected to start debugging the app. If the issue persists, try closing Xcode and re-running your Flutter command.
Error starting debug session in Xcode: Failed to find project Runner: Error: 不能获取对象。
Could not run build/ios/iphoneos/Runner.app on 00008150-000268290C44401C.
Try launching Xcode and selecting "Product > Run" to fix the problem:
  open ios/Runner.xcworkspace

Installing and launching...                                       264.0s
Application failed to start on attempt: 1
Wireless debugging on iOS 26 may be slower than expected. For better performance, consider using a wired (USB) connection.
Installing and launching...
The Dart VM Service was not discovered after 75 seconds. This is taking much longer than expected...

Your debugging device seems wirelessly connected. Consider plugging it in and trying again.

Click "Allow" to the prompt asking if you would like to find and connect devices on your local network. This is required for wireless debugging. If you selected "Don't Allow", you can turn it on in Settings > Your App Name > Local Network. If you don't see your app in the Settings, uninstall the app and rerun to see the prompt again.
