07:29:52  Acquired tunnel connection to device.
07:29:52  Enabling developer disk image services.
07:29:52  Acquired usage assertion.
ERROR: The application failed to launch. (com.apple.dt.CoreDeviceError error 10002 (0x2712))
       BundleIdentifier = com.admin9.app.foundation
       ----------------------------------------
           The request to open "com.admin9.app.foundation" failed. (FBSOpenApplicationServiceErrorDomain error 1 (0x01))
           FBSOpenApplicationRequestID = 0xfdf9
           BSErrorCodeDescription = RequestDenied
           NSLocalizedFailureReason = The request was denied by service delegate (SBMainWorkspace) for reason: Locked ("Unable to launch com.admin9.app.foundation because the device was not, or could not be, unlocked").
       ----------------------------------------
               The operation couldn’t be completed. Unable to launch com.admin9.app.foundation because the device was not, or could not be, unlocked. (FBSOpenApplicationErrorDomain error 7 (0x07))
               NSLocalizedFailureReason = Unable to launch com.admin9.app.foundation because the device was not, or could not be, unlocked.
               BSErrorCodeDescription = Locked
Saving JSON output file to /Users/fengqiyue/web/admin9-labs/admin9-app-workspace/admin9-app-flutter/docs/architecture/evidence/admin9-ui-phase-6/physical-iphone-launch.json
07:52:15  Acquired tunnel connection to device.
07:52:15  Enabling developer disk image services.
07:52:15  Acquired usage assertion.
ERROR: The application failed to launch. (com.apple.dt.CoreDeviceError error 10002 (0x2712))
       BundleIdentifier = com.admin9.app.foundation
       ----------------------------------------
           The request to open "com.admin9.app.foundation" failed. (FBSOpenApplicationServiceErrorDomain error 1 (0x01))
           FBSOpenApplicationRequestID = 0x65b0
           BSErrorCodeDescription = RequestDenied
           NSLocalizedFailureReason = The request was denied by service delegate (SBMainWorkspace) for reason: Locked ("Unable to launch com.admin9.app.foundation because the device was not, or could not be, unlocked").
       ----------------------------------------
               The operation couldn’t be completed. Unable to launch com.admin9.app.foundation because the device was not, or could not be, unlocked. (FBSOpenApplicationErrorDomain error 7 (0x07))
               BSErrorCodeDescription = Locked
               NSLocalizedFailureReason = Unable to launch com.admin9.app.foundation because the device was not, or could not be, unlocked.
Saving JSON output file to /Users/fengqiyue/web/admin9-labs/admin9-app-workspace/admin9-app-flutter/docs/architecture/evidence/admin9-ui-phase-6/physical-iphone-launch.json
