11:50:05  Acquired tunnel connection to device.
11:50:05  Enabling developer disk image services.
11:50:05  Acquired usage assertion.
PID     Executable Path
-----   --------------------------------------------------------------------------------------------------------------------------------------------------------------------------------------------------
1       /sbin/launchd
32      /usr/libexec/UserEventAgent
33      /usr/libexec/logd
34      /usr/libexec/runningboardd
35      /System/Library/CoreServices/SpringBoard.app/SpringBoard
37      /System/Library/PrivateFrameworks/AssistantServices.framework/assistantd
38      /usr/libexec/routined
39      /System/Library/PrivateFrameworks/MediaRemote.framework/Support/mediaremoted
40      /System/Library/Frameworks/Accounts.framework/accountsd
41      /System/Library/PrivateFrameworks/AXAssetLoader.framework/Support/axassetsd
44      /System/Library/Frameworks/HealthKit.framework/healthd
45      /usr/libexec/configd
47      /System/Library/PrivateFrameworks/TCC.framework/Support/tccd
48      /System/Library/CoreServices/powerd.bundle/powerd
50      /usr/libexec/atc
51      /usr/sbin/WirelessRadioManagerd
52      /System/Library/PrivateFrameworks/BiomeStreams.framework/Support/biomed
53      /usr/sbin/wifid
61      /usr/libexec/watchdogd
62      /usr/libexec/nfcd
63      /System/Library/PrivateFrameworks/IDS.framework/identityservicesd.app/identityservicesd
66      /usr/libexec/thermalmonitord
67      /System/Library/PrivateFrameworks/CoreDuetContext.framework/Resources/contextstored
70      /usr/libexec/backboardd
72      /usr/libexec/aonsensed
73      /usr/libexec/timed
74      /usr/libexec/sharingd
77      /usr/libexec/powerexceptionsd
78      /System/Library/PrivateFrameworks/IMCore.framework/imagent.app/imagent
80      /usr/libexec/audioaccessoryd
83      /usr/libexec/dasd
84      /System/Library/PrivateFrameworks/SleepDaemon.framework/sleepd
94      /usr/libexec/safetyalertsd
95      /usr/libexec/rapportd
97      /usr/sbin/bluetoothd
98      /System/Library/PrivateFrameworks/AppleMediaServices.framework/amsaccountsd
99      /usr/sbin/fairplayd.H2
101     /usr/libexec/fseventsd
103     /usr/libexec/IOMFB_bics_daemon
104     /usr/sbin/distnoted
105     /usr/sbin/notifyd
107     /usr/sbin/cfprefsd
108     /usr/sbin/cfprefsd
110     /usr/libexec/audiomxd
111     /System/Library/Frameworks/LocalAuthentication.framework/Support/coreauthd
114     /usr/libexec/biometrickitd
116     /System/Library/PrivateFrameworks/ChronoCore.framework/Support/chronod
117     /usr/libexec/lsd
124     /System/Library/PrivateFrameworks/SystemStatusServer.framework/Support/systemstatusd
130     /System/Library/PrivateFrameworks/SessionCore.framework/Support/liveactivitiesd
132     /usr/libexec/trustd
135     /usr/libexec/securityd
136     /System/Library/PrivateFrameworks/ApplePushService.framework/apsd
141     /System/Library/Frameworks/WirelessInsights.framework/Support/wirelessinsightsd
142     /System/Library/PrivateFrameworks/GeoServices.framework/geod
143     /usr/libexec/nehelper
147     /System/Library/Frameworks/CoreTelephony.framework/Support/CommCenterMobileHelper
148     /usr/libexec/audioanalyticsd
149     /System/Library/PrivateFrameworks/CloudKitDaemon.framework/Support/cloudd
160     /System/Library/PrivateFrameworks/CoreSpeech.framework/corespeechd
162     /System/Library/Frameworks/SystemConfiguration.framework/SCHelper
166     /System/Library/CoreServices/AccessibilityUIServer.app/AccessibilityUIServer
171     /System/Library/PrivateFrameworks/WatchListKit.framework/Support/watchlistd
175     /System/Library/PrivateFrameworks/iTunesCloud.framework/Support/itunescloudd
177     /usr/libexec/findmydeviced
185     /System/Library/PrivateFrameworks/CoreAnalytics.framework/Support/analyticsd
188     /usr/libexec/nearbyd
195     /System/Library/PrivateFrameworks/SiriInference.framework/Support/siriinferenced
199     /System/Library/PrivateFrameworks/StatusKit.framework/StatusKitAgent
204     /usr/sbin/mDNSResponder
207     /usr/libexec/symptomsd
212     /usr/libexec/nsurlsessiond
218     /usr/libexec/wifip2pd
220     /System/Library/PrivateFrameworks/AuthKit.framework/akd
234     /System/Library/PrivateFrameworks/CoreSuggestions.framework/suggestd
239     /usr/libexec/gamepolicyd
245     /System/Library/PrivateFrameworks/SoftwareUpdateServices.framework/Support/softwareupdateservicesd
252     /System/Library/PrivateFrameworks/ContextKit.framework/XPCServices/ContextService.xpc/ContextService
256     /System/Library/PrivateFrameworks/InstallCoordination.framework/Support/installcoordinationd
260     /System/Library/PrivateFrameworks/UserActivity.framework/Agents/useractivityd
261     /usr/libexec/audioclocksyncd
269     /usr/libexec/modelmanagerd
274     /usr/libexec/aned
278     /usr/libexec/mediaplaybackd
279     /usr/libexec/searchpartyd
281     /usr/libexec/mediaparserd
282     /System/Library/DriverExtensions/AppleCentauriAlpha.dext/AppleCentauriAlpha
283     /System/Library/DriverExtensions/AppleCentauriControl.dext/AppleCentauriControl
284     /System/Library/DriverExtensions/AppleCentauriBeta.dext/AppleCentauriBeta
303     /System/Library/PrivateFrameworks/Search.framework/searchd
318     /System/Library/ExtensionKit/Extensions/MercuryPosterExtension.appex/MercuryPosterExtension
358     /System/Library/PrivateFrameworks/EmailDaemon.framework/maild
372     /usr/libexec/milod
376     /Applications/WidgetRenderer_Default.app/WidgetRenderer_Default
377     /Applications/Spotlight.app/Spotlight
380     /System/Library/PrivateFrameworks/CommunicationsFilter.framework/CMFSyncAgent
389     /usr/sbin/filecoordinationd
391     /Applications/FindMyExtensionContainer.app/PlugIns/FMDMagSafeExtension.appex/FMDMagSafeExtension
392     /System/Library/PrivateFrameworks/MapsSync.framework/mapssyncd
394     /Applications/FindMyExtensionContainer.app/PlugIns/FindMyDeviceBluetoothExtension.appex/FindMyDeviceBluetoothExtension
406     /usr/libexec/intelligentroutingd
409     /System/Library/PrivateFrameworks/CloudTelemetry.framework/XPCServices/CloudTelemetryService.xpc/CloudTelemetryService
450     /usr/libexec/videocodecd
455     /usr/libexec/spotlightknowledged.updater
480     /System/Library/TextInput/kbd
483     /System/Library/PrivateFrameworks/AssistantServices.framework/assistant_service
496     /System/Library/PrivateFrameworks/IntelligencePlatformCompute.framework/XPCServices/IntelligencePlatformComputeService.xpc/IntelligencePlatformComputeService
503     /System/Library/Frameworks/Translation.framework/translationd
624     /System/Library/PrivateFrameworks/SafariSafeBrowsing.framework/com.apple.Safari.SafeBrowsing.Service
625     /System/Library/PrivateFrameworks/Synapse.framework/Support/contentlinkingd
702     /usr/libexec/airplayd
756     /Applications/WidgetRenderer_Activities.app/WidgetRenderer_Activities
1012    /private/var/containers/Bundle/Application/09C54349-D13C-4F0D-A40F-F15AD5B08E0A/Microsoft Authenticator.app/Microsoft Authenticator
1032    /System/Library/PrivateFrameworks/SiriPrivateLearningAnalytics.framework/PlugIns/SiriUserFeedbackLearningPlatformPlugin.appex/SiriUserFeedbackLearningPlatformPlugin
1034    /System/Library/PrivateFrameworks/SiriPrivateLearningAnalytics.framework/PlugIns/SiriUserFeedbackLearningUniversalSuggestionsPlugin.appex/SiriUserFeedbackLearningUniversalSuggestionsPlugin
1177    /usr/sbin/BTAvrcp
1207    /Applications/BusinessActionSheet.app/BusinessActionSheet
1570    /System/Library/PrivateFrameworks/AppStoreDaemon.framework/Support/appstored
1962    /System/Library/PrivateFrameworks/CoreAnalytics.framework/Support/analyticsagent
1963    /System/Library/PrivateFrameworks/AppSSO.framework/Support/AppSSODaemon
1965    /System/Library/PrivateFrameworks/NanoTimeKit.framework/nanotimekitcompaniond
1967    /System/Library/PrivateFrameworks/MapsSupport.framework/mapspushd
1968    /System/Library/PrivateFrameworks/SyncedDefaults.framework/Support/syncdefaultsd
2007    /Applications/Family.app/Family
2065    /usr/libexec/gamecontrollerd
2066    /usr/libexec/profiled
2067    /System/Library/Frameworks/MediaAccessibility.framework/XPCServices/com.apple.accessibility.mediaaccessibilityd.xpc/com.apple.accessibility.mediaaccessibilityd
2074    /System/Library/PrivateFrameworks/UserNotificationsCore.framework/Support/usernotificationsd
2076    /usr/libexec/findmylocated
2077    /usr/libexec/containermanagerd_system
2078    /usr/libexec/deviceaccessd
2080    /System/Library/PrivateFrameworks/ReplicatorCore.framework/Support/replicatord
2083    /usr/libexec/inputanalyticsd
2089    /usr/libexec/applekeystored
2094    /System/Library/Frameworks/CryptoTokenKit.framework/ctkd
2095    /usr/libexec/pkd
2097    /System/Library/PrivateFrameworks/CalendarDaemon.framework/Support/calaccessd
2103    /System/Library/PrivateFrameworks/CoreFollowUp.framework/followupd
2106    /System/Library/PrivateFrameworks/iCloudNotification.framework/ind
2110    /usr/libexec/mobileassetd
2313    /System/Library/PrivateFrameworks/DataAccess.framework/Support/dataaccessd
2471    /System/Library/PrivateFrameworks/IntelligencePlatformCore.framework/intelligenceplatformd
3206    /usr/libexec/momentsd
3801    /System/Library/Frameworks/GSS.framework/Helpers/GSSCred
4461    /System/Library/PrivateFrameworks/AmbientUI.framework/PlugIns/InfographPoster.appex/InfographPoster
5676    /System/Library/PrivateFrameworks/CloudPhotoLibrary.framework/Support/cloudphotod
5900    /System/Library/PrivateFrameworks/IMTransferServices.framework/IMTransferAgent.app/IMTransferAgent
6282    /usr/libexec/containermanagerd
6524    /Applications/SafariViewService.app/SafariViewService
11155   /usr/sbin/appleh16camerad
11476   /usr/libexec/linkd
11478   /usr/libexec/appprotectiond
11480   /usr/libexec/dmd
11499   /usr/libexec/MobileGestaltHelper
11589   /System/Library/PrivateFrameworks/DoNotDisturbServer.framework/Support/donotdisturbd
11611   /System/Library/PrivateFrameworks/CoreAccessories.framework/Support/accessoryd
11625   /usr/libexec/wcd
12444   /System/Library/PrivateFrameworks/DragUI.framework/Support/druid
12467   /usr/libexec/PowerUIAgent
12820   /usr/libexec/avconferenced
12826   /usr/libexec/rtcreportingd
12844   /usr/libexec/powerexperienced
13128   /usr/libexec/usermanagerd
13203   /usr/libexec/promotedcontentd
13439   /System/Library/PrivateFrameworks/iTunesStore.framework/Support/itunesstored
13625   /System/Library/PrivateFrameworks/IntelligenceFlowContextRuntime.framework/intelligencecontextd
13628   /usr/libexec/networkserviceproxy
13770   /System/Library/PrivateFrameworks/Pasteboard.framework/Support/pasted
13828   /private/preboot/Cryptexes/App/usr/libexec/passwordbreachd
15083   /System/Library/Frameworks/ManagedAppDistribution.framework/Support/managedappdistributiond
16170   /System/Library/PrivateFrameworks/VisualVoicemail.framework/vmd
16172   /System/Library/PrivateFrameworks/PassKitCore.framework/passd
16190   /System/Library/PrivateFrameworks/NeighborhoodActivityConduit.framework/XPCServices/com.apple.NeighborhoodActivityConduitService.xpc/com.apple.NeighborhoodActivityConduitService
16199   /System/Library/PrivateFrameworks/CallIntelligence.framework/callintelligenced
16206   /System/Library/PrivateFrameworks/CallHistory.framework/Support/CallHistorySyncHelper
16229   /Applications/ReplayKitAngel.app/ReplayKitAngel
16236   /usr/libexec/ospredictiond
16262   /usr/libexec/misd
16500   /usr/libexec/transparencyd
16598   /System/Library/PrivateFrameworks/HealthPluginHost.framework/healthappd
16640   /Applications/SleepLockScreen.app/SleepLockScreen
16837   /System/Library/PrivateFrameworks/MapsSupport.framework/navd
16902   /usr/libexec/asd
17299   /System/Library/PrivateFrameworks/SecureMessaging.framework/SecureMessagingAgent
17779   /usr/libexec/announced
17981   /Applications/Siri.app/Siri
17985   /System/Library/CoreServices/iconservicesagent
18170   /Applications/MediaRemoteUI.app/MediaRemoteUI
18171   /System/Library/Frameworks/Intents.framework/XPCServices/intents_helper.xpc/intents_helper
18177   /System/Library/Frameworks/CallKit.framework/XPCServices/com.apple.CallKit.CallDirectory.xpc/com.apple.CallKit.CallDirectory
18647   /usr/libexec/centaurid
18663   /usr/libexec/icloudmailagent
18699   /usr/libexec/adid
18706   /usr/libexec/anomalydetectiond
18707   /System/Library/PrivateFrameworks/SOS.framework/sosd
18713   /usr/libexec/keychainsharingmessagingd
18744   /System/Library/PrivateFrameworks/HomeKitDaemon.framework/Support/homed
18746   /System/Library/PrivateFrameworks/CoreThreadCommissionerService.framework/CoreThreadCommissionerServiced
18772   /System/Library/PrivateFrameworks/iCloudDriveCore.framework/bird
18787   /System/Library/PrivateFrameworks/WiFiPolicy.framework/XPCServices/ThreeBarsXPCService.xpc/ThreeBarsXPCService
18788   /System/Library/PrivateFrameworks/WiFiPolicy.framework/XPCServices/WiFiCloudAssetsXPCService.xpc/WiFiCloudAssetsXPCService
18824   /usr/libexec/remotepairingdeviced
18825   /usr/libexec/lockdownd
18927   /usr/libexec/duetexpertd
18928   /System/Library/PrivateFrameworks/AppPredictionFoundation.framework/XPCServices/AppPredictionIntentsHelperService.xpc/AppPredictionIntentsHelperService
18929   /System/Library/PrivateFrameworks/ActionPredictionHeuristics.framework/XPCServices/HeuristicInterpreter.xpc/HeuristicInterpreter
18976   /usr/libexec/heartbeatd
18984   /usr/libexec/captiveagent
18987   /usr/libexec/nesessionmanager
19008   /System/Library/Frameworks/QuickLookThumbnailing.framework/Support/com.apple.quicklook.ThumbnailsAgent
19010   /System/Library/Frameworks/FileProvider.framework/Support/fileproviderd
19019   /System/Library/PrivateFrameworks/CloudDocs.framework/PlugIns/com.apple.CloudDocs.iCloudDriveFileProvider.appex/com.apple.CloudDocs.iCloudDriveFileProvider
19041   /usr/libexec/findmybeaconingd
19044   /System/Library/PrivateFrameworks/FamilyCircle.framework/familycircled
19048   /System/Library/PrivateFrameworks/OnDeviceStorage.framework/Support/amsondevicestoraged
19060   /System/Library/Frameworks/ExtensionFoundation.framework/XPCServices/extensionkitservice.xpc/extensionkitservice
19083   /System/Library/PrivateFrameworks/FontServices.framework/Support/fontservicesd
19138   /System/Library/PrivateFrameworks/MobileTimer.framework/Executables/mobiletimerd
19230   /usr/libexec/PurpleReverseProxy
19245   /System/Library/PrivateFrameworks/IMDPersistence.framework/XPCServices/IMDPersistenceAgent.xpc/IMDPersistenceAgent
19319   /private/var/containers/Bundle/Application/15B9F41E-FD2E-4F76-8B5E-C28F3717A718/Weather.app/PlugIns/WeatherWidget.appex/WeatherWidget
19463   /System/Library/PrivateFrameworks/PowerLog.framework/XPCServices/PerfPowerTelemetryClientRegistrationService.xpc/PerfPowerTelemetryClientRegistrationService
19475   /usr/libexec/gamed
19480   /System/Library/PrivateFrameworks/CoreRecents.framework/recentsd
19488   /System/Library/Frameworks/Contacts.framework/Support/postersyncd
19635   /usr/libexec/fmflocatord
19815   /System/Library/PrivateFrameworks/PhotoAnalysis.framework/Support/photoanalysisd
20011   /private/var/containers/Bundle/Application/6F04A7E2-0C62-49E1-9D82-F1E149A35823/AMapiPhone.app/AMapiPhone
20186   /usr/libexec/locationd
20188   /usr/libexec/gpsd
20275   /System/Library/PrivateFrameworks/ActivitySharingServices.framework/activitysharingd
20276   /usr/libexec/online-auth-agent
20277   /usr/libexec/seputil
20283   /System/Library/PrivateFrameworks/Categories.framework/XPCServices/CategoriesService.xpc/CategoriesService
20293   /System/Library/PrivateFrameworks/MediaAnalysis.framework/mediaanalysisd
20295   /System/Library/PrivateFrameworks/PrivacyAccounting.framework/Versions/A/Resources/privacyaccountingd
20298   /System/Library/PrivateFrameworks/IntlPreferences.framework/Support/localizationswitcherd
20303   /System/Library/PrivateFrameworks/CascadeSets.framework/XPCServices/SetStoreUpdateService.xpc/SetStoreUpdateService
20304   /usr/libexec/siriknowledged
20305   /System/Library/Frameworks/FinanceKit.framework/financed
20307   /System/Library/PrivateFrameworks/CascadeSets.framework/XPCServices/SetStoreUpdateService.xpc/SetStoreUpdateService
20309   /usr/libexec/keybagd
20313   /System/Library/PrivateFrameworks/FitnessCoachingServices.framework/fitnesscoachingd
20314   /System/Library/PrivateFrameworks/AppleCredentialManager.framework/AppleCredentialManagerDaemon
20318   /System/Library/CoreServices/osanalyticshelper
20326   /System/Library/PrivateFrameworks/MapsSuggestions.framework/destinationd
20368   /System/Library/Frameworks/AdAttributionKit.framework/Support/attributionkitd
20370   /usr/libexec/managedassetsd
20371   /System/Library/PrivateFrameworks/UsageTracking.framework/UsageTrackingAgent
20372   /usr/libexec/mlhostd
20380   /System/Library/Frameworks/Metal.framework/XPCServices/MTLCompilerService.xpc/MTLCompilerService
20384   /usr/libexec/mmaintenanced
20395   /System/Library/Frameworks/ExtensionFoundation.framework/XPCServices/extensionkitservice.xpc/extensionkitservice
20426   /System/Library/CoreServices/ReportCrash
20427   /System/Library/PrivateFrameworks/CoreSymbolication.framework/coresymbolicationd
20428   /System/Library/CoreServices/diagnosticservicesd
20431   /System/Library/PrivateFrameworks/MobileSoftwareUpdate.framework/Support/softwareupdated
20437   /private/var/containers/Bundle/Application/F9BAC972-147C-437F-A043-034CB300C9E8/Photos.app/PlugIns/PhotosReliveWidget.appex/PhotosReliveWidget
20444   /usr/libexec/carkitd
20446   /System/Library/PrivateFrameworks/CommunicationTrust.framework/Support/communicationtrustd
20475   /private/var/containers/Bundle/Application/3AE48A85-92E1-4998-BC4C-1FBE50225E81/Maps.app/PlugIns/GeneralMapsWidget.appex/GeneralMapsWidget
20476   /Applications/Batteries.app/PlugIns/BatteriesAvocadoWidgetExtension.appex/BatteriesAvocadoWidgetExtension
20480   /System/Library/Frameworks/MapKit.framework/XPCServices/com.apple.MapKit.SnapshotService.xpc/com.apple.MapKit.SnapshotService
20481   /System/Library/PrivateFrameworks/GeoAnalytics.framework/geoanalyticsd
20524   /usr/libexec/tipsd
20581   /System/Library/PrivateFrameworks/VoiceShortcuts.framework/Support/siriactionsd
20583   /System/Library/CoreServices/ShortcutsActions.app/Extensions/ShortcutsTopHitsExtension.appex/ShortcutsTopHitsExtension
20584   /System/Library/PrivateFrameworks/CallHistory.framework/Support/callhistoryd
20599   /System/Library/PrivateFrameworks/PerfPowerServicesReader.framework/XPCServices/PerfPowerTelemetryReaderService.xpc/PerfPowerTelemetryReaderService
20605   /System/Library/PrivateFrameworks/NewDeviceOutreach.framework/ndoagent
20611   /System/Library/PrivateFrameworks/People.framework/peopled
20620   /Applications/PeopleViewService.app/PlugIns/PeopleWidget_iOSExtension.appex/PeopleWidget_iOSExtension
20632   /usr/libexec/safetycheckd
20640   /System/Library/Frameworks/Contacts.framework/Support/contactsd
20763   /System/Library/PrivateFrameworks/BusinessChatService.framework/businessservicesd
20770   /System/Library/PrivateFrameworks/CloudTelemetry.framework/XPCServices/CloudTelemetryService.xpc/CloudTelemetryService
20782   /usr/libexec/bluetoothuserd
20850   /System/Library/PrivateFrameworks/UserActivity.framework/PlugIns/UASharedPasteboardiOSUI.appex/UASharedPasteboardiOSUI
20851   /usr/sbin/BTLEServer
20854   /Applications/CameraOverlayAngel.app/CameraOverlayAngel
20858   /private/var/containers/Bundle/Application/184418F3-E93D-4B5B-8718-17ECB550D0C9/Tips.app/PlugIns/TipsWidget.appex/TipsWidget
20866   /System/Library/Frameworks/ManagedSettings.framework/ManagedSettingsAgent
20868   /System/Library/PrivateFrameworks/CoreParsec.framework/parsecd
20869   /System/Library/PrivateFrameworks/ModelCatalogRuntime.framework/modelcatalogd
20870   /usr/libexec/triald
20871   /System/Library/ExtensionKit/Extensions/PCCAgentClientExtension.appex/PCCAgentClientExtension
20872   /System/Library/PrivateFrameworks/TrialServer.framework/XPCServices/TrialArchivingService.xpc/TrialArchivingService
20876   /Applications/AirDropUI.app/AirDropUI
20880   /System/Library/Frameworks/Security.framework/CloudKeychainProxy.bundle/CloudKeychainProxy
20881   /System/Library/PrivateFrameworks/CoreCDP.framework/cdpd
20882   /usr/libexec/appleidsetupd
20886   /System/Library/PrivateFrameworks/FaceTimeMessageStore.framework/facetimemessagestored
20887   /System/Library/PrivateFrameworks/ExchangeSync.framework/Support/exchangesyncd
20890   /Applications/InCallService.app/PlugIns/InCallActivitiesExtension.appex/InCallActivitiesExtension
20892   /Applications/MobilePhone.app/PlugIns/SpotlightIndexExtension.appex/SpotlightIndexExtension
20893   /System/Library/Frameworks/Speech.framework/XPCServices/localspeechrecognition.xpc/localspeechrecognition
20895   /System/Library/Frameworks/Intents.framework/XPCServices/intents_helper.xpc/intents_helper
20896   /System/Library/CoreServices/ReportSystemMemory
20899   /System/Library/PrivateFrameworks/AssetCacheServices.framework/XPCServices/AssetCacheLocatorService.xpc/AssetCacheLocatorService
20905   /System/Library/Frameworks/Security.framework/XPCServices/TrustedPeersHelper.xpc/TrustedPeersHelper
20909   /System/Library/PrivateFrameworks/ScreenTimeCore.framework/ScreenTimeAgent
20911   /System/Library/PrivateFrameworks/WebPrivacy.framework/webprivacyd
20917   /usr/libexec/swcd
20920   /usr/libexec/fairplaydeviceidentityd
20927   /usr/libexec/pfd
20928   /usr/libexec/wifianalyticsd
20929   /private/var/containers/Bundle/Application/6E2E2551-60BB-4718-A57D-D9893AD11095/ivylove.app/PlugIns/notificationService.appex/notificationService
20931   /usr/libexec/mobileactivationd
20933   /System/Library/PrivateFrameworks/Message.framework/XPCServices/SearchIndexer.xpc/SearchIndexer
20934   /System/Library/PrivateFrameworks/CacheDelete.framework/deleted_helper
20935   /System/Library/CoreServices/CacheDeleteAppContainerCaches
20936   /usr/libexec/replayd
20941   /System/Library/PrivateFrameworks/MusicLibrary.framework/Support/medialibraryd
20942   /usr/libexec/sensorkitd
20943   /private/preboot/Cryptexes/App/usr/libexec/webbookmarksd
20944   /System/Library/PrivateFrameworks/MobileBackup.framework/MobileBackupCacheDeleteService
20945   /System/Library/PrivateFrameworks/SpaceAttribution.framework/spaceattributiond
20948   /Applications/StickerPickerService.app/StickerPickerService
20952   /System/Library/PrivateFrameworks/FitnessIntelligenceDaemonCore.framework/fitnessintelligenced
20953   /System/Library/PrivateFrameworks/FitnessIntelligenceDaemonCore.framework/XPCServices/FitnessIntelligenceSnapshotService.xpc/FitnessIntelligenceSnapshotService
20954   /private/preboot/Cryptexes/OS/System/Library/PrivateFrameworks/SafariFoundation.framework/XPCServices/CredentialProviderExtensionHelper.xpc/CredentialProviderExtensionHelper
20966   /usr/libexec/wifivelocityd
20975   /System/Library/PrivateFrameworks/ProtectedCloudStorage.framework/Helpers/ProtectedCloudKeySyncing
20992   /usr/libexec/countryd
20993   /usr/libexec/eligibilityd
21028   /usr/libexec/swtransparencyd
21029   /System/Library/PrivateFrameworks/CloudTelemetry.framework/XPCServices/CloudTelemetryService.xpc/CloudTelemetryService
21046   /Applications/ScreenContinuityShell.app/ScreenContinuityShell
21057   /Applications/LocalAuthenticationUIService.app/LocalAuthenticationUIService
21058   /System/Library/CoreServices/appplaceholdersyncd
21059   /System/Library/Frameworks/AudioToolbox.framework/XPCServices/AudioConverterService.xpc/AudioConverterService
21063   /private/var/containers/Bundle/Application/4C1628AF-E5F0-4455-8B0B-20F798E87D55/Stocks.app/PlugIns/StocksWidget.appex/StocksWidget
21087   /usr/libexec/amfid
21088   /usr/libexec/misagent
21110   /System/Library/PrivateFrameworks/ContinuousDialogManagerService.framework/assistant_cdmd
21142   /System/Library/PrivateFrameworks/MobileAssetDaemon.framework/XPCServices/com.apple.MobileAsset.DownloadService.Builtin.xpc/com.apple.MobileAsset.DownloadService.Builtin
21143   /System/Library/PrivateFrameworks/StreamingZip.framework/XPCServices/com.apple.StreamingUnzipService.xpc/com.apple.StreamingUnzipService
21144   /usr/libexec/visioncompaniond
21168   /usr/libexec/tailspind
21172   /System/Library/PrivateFrameworks/MetricsKit.framework/XPCServices/AMPIDService.xpc/AMPIDService
21178   /System/Library/Frameworks/ExtensionFoundation.framework/XPCServices/extensionkitservice.xpc/extensionkitservice
21179   /System/Library/Frameworks/FileProvider.framework/PlugIns/LocalStorageFileProvider.appex/LocalStorageFileProvider
21180   /System/Library/PrivateFrameworks/GenerationalStorage.framework/revisiond
21182   /usr/libexec/logd_helper
21183   /usr/libexec/textunderstandingd
21197   /System/Library/Frameworks/ExtensionFoundation.framework/XPCServices/extensionkitservice.xpc/extensionkitservice
21198   /System/Library/ExtensionKit/Extensions/Notification.appex/Notification
21199   /System/Library/PrivateFrameworks/ThumbnailsBlastDoorSupport.framework/XPCServices/ThumbnailsBlastDoorService.xpc/ThumbnailsBlastDoorService
21206   /System/Library/Frameworks/Metal.framework/XPCServices/MTLCompilerService.xpc/MTLCompilerService
21207   /System/Library/Frameworks/Metal.framework/XPCServices/MTLCompilerService.xpc/MTLCompilerService
21209   /usr/libexec/splashboardd
21210   /private/var/containers/Bundle/Application/6FD5480A-5D74-4AA0-80E6-F0D891AC3532/Runner.app/PlugIns/FMWidgetExtension.appex/FMWidgetExtension
21212   /usr/libexec/metrickitd
21220   /System/Library/Frameworks/CoreLocation.framework/PlugIns/CoreLocationVanillaWhenInUseAuthPromptPlugin.appex/CoreLocationVanillaWhenInUseAuthPromptPlugin
21221   /System/Library/Frameworks/Metal.framework/XPCServices/MTLCompilerService.xpc/MTLCompilerService
21247   /Applications/SleepWidgetContainer.app/PlugIns/SleepWidgetExtension.appex/SleepWidgetExtension
21258   /System/Library/PrivateFrameworks/MessagesBlastDoorSupport.framework/XPCServices/MessagesBlastDoorService.xpc/MessagesBlastDoorService
21259   /usr/libexec/frauddefensed
21260   /usr/libexec/ciphermld
21262   /System/Library/Frameworks/AudioToolbox.framework/XPCServices/AudioConverterService.xpc/AudioConverterService
21265   /System/Library/PrivateFrameworks/HealthAlgorithms.framework/XPCServices/DayStreamProcessorService.xpc/DayStreamProcessorService
21266   /System/Library/PrivateFrameworks/HealthAlgorithms.framework/XPCServices/HistoricalAnalyzerService.xpc/HistoricalAnalyzerService
21267   /System/Library/PrivateFrameworks/MediaMLServices.framework/XPCServices/mediamlxpc.xpc/mediamlxpc
21274   /usr/libexec/batterytrapd
21282   /private/var/containers/Bundle/Application/6F6B96D7-A931-463E-8B24-77008B750524/MobileCal.app/PlugIns/CalendarWidgetExtension.appex/CalendarWidgetExtension
21294   /System/Library/PrivateFrameworks/CoreEmbeddedSpeechRecognition.framework/XPCServices/com.apple.siri.embeddedspeech.xpc/com.apple.siri.embeddedspeech
21312   /System/Library/PrivateFrameworks/SiriAnalytics.framework/XPCServices/SAExtensionOrchestrator.xpc/SAExtensionOrchestrator
21313   /System/Library/Frameworks/ExtensionFoundation.framework/XPCServices/extensionkitservice.xpc/extensionkitservice
21314   /System/Library/ExtensionKit/Extensions/IFTranscriptSELFIngestor.appex/IFTranscriptSELFIngestor
21315   /System/Library/ExtensionKit/Extensions/BiomeSELFIngestor.appex/BiomeSELFIngestor
21316   /System/Library/ExtensionKit/Extensions/IFTelemetrySELFIngestor.appex/IFTelemetrySELFIngestor
21317   /System/Library/ExtensionKit/Extensions/AppleIntelligenceReportingSELFIngestor.appex/AppleIntelligenceReportingSELFIngestor
21318   /System/Library/ExtensionKit/Extensions/LLMCacheSELFIngestor.appex/LLMCacheSELFIngestor
21319   /System/Library/ExtensionKit/Extensions/GMSSELFIngestor.appex/GMSSELFIngestor
21407   /System/Library/PrivateFrameworks/FindMyDevice.framework/XPCServices/FindMyDeviceSharedConfigurationXPCService.xpc/FindMyDeviceSharedConfigurationXPCService
21425   /Applications/PosterBoard.app/PosterBoard
21426   /System/Library/Frameworks/ExtensionFoundation.framework/XPCServices/extensionkitservice.xpc/extensionkitservice
21427   /System/Library/ExtensionKit/Extensions/AmbientPhotoFramePosterProvider.appex/AmbientPhotoFramePosterProvider
21428   /System/Library/ExtensionKit/Extensions/CollectionsPoster.appex/CollectionsPoster
21429   /System/Library/ExtensionKit/Extensions/MercuryPosterExtension.appex/MercuryPosterExtension
21430   /System/Library/ExtensionKit/Extensions/PhotosPosterProvider.appex/PhotosPosterProvider
21431   /System/Library/ExtensionKit/Extensions/ClockPosterExtension.appex/ClockPosterExtension
21432   /System/Library/PrivateFrameworks/AmbientUI.framework/PlugIns/InfographPoster.appex/InfographPoster
21461   /usr/libexec/batteryintelligenced
21464   /usr/libexec/remoted
21465   /usr/libexec/companion_proxy
21466   /usr/libexec/notification_proxy
21467   /usr/libexec/afcd
21510   /System/Library/PrivateFrameworks/JetCore.framework/Support/jetpackassetd
21520   /System/Library/PrivateFrameworks/MobileInstallation.framework/XPCServices/com.apple.MobileInstallationHelperService.xpc/com.apple.MobileInstallationHelperService
21521   /System/Library/PrivateFrameworks/StreamingZip.framework/XPCServices/com.apple.StreamingUnzipService.xpc/com.apple.StreamingUnzipService
21528   /usr/libexec/appleaccountd
21530   /System/Library/PrivateFrameworks/HealthRecordServices.framework/healthrecordsd
21531   /System/Library/PrivateFrameworks/CoreLocationTiles.framework/XPCServices/TilesService.xpc/TilesService
21532   /usr/libexec/feedbackd
21640   /private/var/containers/Bundle/Application/EEBDADC3-5A99-40A3-ABE1-FE7A3FCA28F3/TestFlight.app/PlugIns/TestFlightServiceExtension.appex/TestFlightServiceExtension
21702   /System/Library/PrivateFrameworks/DeviceCheckInternal.framework/devicecheckd
21717   /Applications/PassbookUIService.app/PassbookUIService
21718   /Applications/PassbookUISceneService.app/PassbookUISceneService
21722   /System/Library/Frameworks/StoreKit.framework/Support/storekitd
21750   /System/Library/PrivateFrameworks/SetupAssistant.framework/budd
21751   /System/Library/PrivateFrameworks/GenerativeExperiencesRuntime.framework/generativeexperiencesd
21752   /System/Library/PrivateFrameworks/ClipServices.framework/clipserviced
21756   /System/Library/PrivateFrameworks/CascadeSets.framework/XPCServices/SetStoreUpdateService.xpc/SetStoreUpdateService
21757   /System/Library/PrivateFrameworks/CloudSubscriptionFeatures.framework/featureaccessd
21790   /System/Library/Frameworks/CoreTelephony.framework/Support/CommCenterRootHelper
21799   /System/Library/PrivateFrameworks/MobileAccessoryUpdater.framework/Support/accessoryupdaterd
21854   /System/Library/PrivateFrameworks/MobileAccessoryUpdater.framework/XPCServices/UARPUpdaterServiceUSBPD.xpc/UARPUpdaterServiceUSBPD
21884   /System/Library/PrivateFrameworks/HomeKitEvents.framework/Support/homeeventsd
21885   /System/Library/PrivateFrameworks/PromotedContentJetSupport.framework/XPCServices/PromotedContentJetService.xpc/PromotedContentJetService
21887   /usr/libexec/backgroundassets.user
21895   /System/Library/PrivateFrameworks/FitnessIntelligenceDaemonCore.framework/XPCServices/FitnessIntelligenceInferenceService.xpc/FitnessIntelligenceInferenceService
21896   /System/Library/PrivateFrameworks/SiriTTSService.framework/sirittsd
21900   /System/Library/PrivateFrameworks/FinHealth.framework/finhealthd
21903   /usr/libexec/assetsubscriptiond
21909   /private/var/containers/Bundle/Application/6FD5480A-5D74-4AA0-80E6-F0D891AC3532/Runner.app/Runner
21910   /private/var/containers/Bundle/Application/5099EBC9-4693-43F9-8601-8881D53C001D/Calculator.app/Calculator
21911   /private/var/containers/Bundle/Application/4DB268AC-00F7-45C5-89C2-2887629AB280/SchubertAppStore.app/SchubertAppStore
21913   /usr/libexec/installd
21915   /System/Library/PrivateFrameworks/TextToSpeechVoiceBankingSupport.framework/Support/voicebankingd
21916   /usr/libexec/merchantd
21917   /usr/libexec/seserviced
21918   /usr/libexec/dprivacyd
21919   /usr/libexec/proactiveeventtrackerd
21921   /System/Library/Frameworks/ShazamKit.framework/shazamd
21922   /usr/libexec/pipelined
21923   /System/Library/PrivateFrameworks/CloudServices.framework/Helpers/com.apple.sbd
21924   /private/var/containers/Bundle/Application/6F6B96D7-A931-463E-8B24-77008B750524/MobileCal.app/MobileCal
21925   /usr/libexec/uarpassetmanagerd
21926   /usr/libexec/griddatad
21927   /System/Library/PrivateFrameworks/UARPAssetManager.framework/XPCServices/UARPAssetManagerServiceMobileAsset.xpc/UARPAssetManagerServiceMobileAsset
21928   /System/Library/PrivateFrameworks/IntelligenceTasksEngine.framework/Support/intelligencetasksd
21929   /System/Library/PrivateFrameworks/PrivateCloudCompute.framework/privatecloudcomputed.app/privatecloudcomputed
21930   /usr/libexec/symptomsd-diag
21941   /System/Library/PrivateFrameworks/FinHealth.framework/XPCServices/FinHealthXPCServices.xpc/FinHealthXPCServices
21946   /System/Library/PrivateFrameworks/MapsSupport.framework/geocorrectiond
21948   /usr/libexec/photosfaced
21950   /usr/libexec/videosubscriptionsd
21951   /usr/libexec/tvremoted
21952   /usr/libexec/driverkitd
21953   /usr/libexec/coreidvd
21954   /usr/libexec/MTLAssetUpgraderD
21955   /System/Library/Frameworks/FamilyControls.framework/FamilyControlsAgent
21956   /System/Library/PrivateFrameworks/SiriSuggestionsSupport.framework/XPCServices/SiriSuggestionsBookkeepingService.xpc/SiriSuggestionsBookkeepingService
21957   /usr/libexec/softposreaderd
21959   /System/Library/PrivateFrameworks/RemoteManagement.framework/remotemanagementd
21960   /private/preboot/Cryptexes/OS/System/Library/PrivateFrameworks/SafariFoundation.framework/XPCServices/SafariConfigurationSubscriber.xpc/SafariConfigurationSubscriber
21961   /System/Library/PrivateFrameworks/RemoteManagement.framework/XPCServices/PasscodeSettingsSubscriber.xpc/PasscodeSettingsSubscriber
21962   /System/Library/PrivateFrameworks/RemoteManagement.framework/XPCServices/ManagedAppsSubscriber.xpc/ManagedAppsSubscriber
21963   /System/Library/PrivateFrameworks/RemoteManagement.framework/XPCServices/ManagementTestSubscriber.xpc/ManagementTestSubscriber
21964   /System/Library/PrivateFrameworks/RemoteManagement.framework/XPCServices/InteractiveLegacyProfilesSubscriber.xpc/InteractiveLegacyProfilesSubscriber
21965   /System/Library/PrivateFrameworks/RemoteManagement.framework/XPCServices/AccountSubscriber.xpc/AccountSubscriber
21966   /System/Library/PrivateFrameworks/RemoteManagement.framework/XPCServices/SecuritySubscriber.xpc/SecuritySubscriber
21967   /System/Library/PrivateFrameworks/RemoteManagement.framework/XPCServices/WatchEnrollmentSubscriber.xpc/WatchEnrollmentSubscriber
21968   /System/Library/PrivateFrameworks/RemoteManagement.framework/XPCServices/SoftwareUpdateSubscriber.xpc/SoftwareUpdateSubscriber
21969   /System/Library/PrivateFrameworks/RemoteManagement.framework/XPCServices/ManagedSettingsSubscriber.xpc/ManagedSettingsSubscriber
21971   /System/Library/PrivateFrameworks/RemoteManagement.framework/XPCServices/ASConfigurationSubscriber.xpc/ASConfigurationSubscriber
21972   /System/Library/PrivateFrameworks/RemoteManagement.framework/XPCServices/LegacyProfilesSubscriber.xpc/LegacyProfilesSubscriber
21973   /System/Library/PrivateFrameworks/CascadeSets.framework/XPCServices/SetStoreUpdateService.xpc/SetStoreUpdateService
21975   /System/Library/PrivateFrameworks/AppleIntelligenceReportingProcessing.framework/XPCServices/AppleIntelligenceReportingProcessingService.xpc/AppleIntelligenceReportingProcessingService
21977   /private/var/containers/Bundle/Application/04DC4553-6FDB-4F7A-9633-0F7242EAEE91/putong.app/PlugIns/WidgetsExtension.appex/WidgetsExtension
21979   /System/Library/PrivateFrameworks/WiFiPolicy.framework/XPCServices/WiFiCloudAssetsXPCService.xpc/WiFiCloudAssetsXPCService
21980   /System/Library/PrivateFrameworks/CoreEmbeddedSpeechRecognition.framework/XPCServices/com.apple.siri.embeddedspeech.xpc/com.apple.siri.embeddedspeech
21982   /usr/libexec/tzd
21983   /usr/libexec/microstackshot
21987   /System/Library/PrivateFrameworks/PerfPowerServicesReader.framework/XPCServices/PerfPowerTelemetryReaderService.xpc/PerfPowerTelemetryReaderService
21988   /System/Library/CoreServices/CacheDeleteDaily
21989   /usr/libexec/sysdiagnosed
21993   /System/Library/PrivateFrameworks/CascadeSets.framework/XPCServices/SetStoreUpdateService.xpc/SetStoreUpdateService
21994   /usr/libexec/mlruntimed
21995   /System/Library/PrivateFrameworks/AppleNeuralEngine.framework/XPCServices/ANEStorageMaintainer.xpc/ANEStorageMaintainer
21996   /System/Library/PrivateFrameworks/MobileAccessoryUpdater.framework/XPCServices/EAUpdaterService.xpc/EAUpdaterService
21999   /usr/libexec/xpcroleaccountd
22001   /System/Library/PrivateFrameworks/MobileAccessoryUpdater.framework/XPCServices/UARPUpdaterServiceLegacyAudio.xpc/UARPUpdaterServiceLegacyAudio
22002   /System/Library/PrivateFrameworks/FileProviderDaemon.framework/XPCServices/FPCKService.xpc/FPCKService
22003   /private/var/containers/Bundle/Application/A42B3339-BACA-450B-A210-1989B1E6725E/MosProject_Live.app/PlugIns/WidgetExtension.appex/WidgetExtension
22007   /private/var/containers/Bundle/Application/376BEA4C-49EF-49E4-BD87-013AB093AD47/com_kwai_gif.app/PlugIns/KSWidgetExtension.appex/KSWidgetExtension
22008   /private/var/containers/Bundle/Application/376BEA4C-49EF-49E4-BD87-013AB093AD47/com_kwai_gif.app/PlugIns/KSWidgetIntentsExtension.appex/KSWidgetIntentsExtension
22009   /usr/libexec/ASPCarryLog
22013   /System/Library/PrivateFrameworks/CoreAccessories.framework/XPCServices/ACCHWComponentAuthService.xpc/ACCHWComponentAuthService
22014   /usr/libexec/mobilerepaird
22015   /usr/libexec/corerepaird
22017   /System/Library/PrivateFrameworks/AppleDeviceQuerySupport.framework/XPCServices/AppleDeviceQueryService.xpc/AppleDeviceQueryService
22019   /private/var/containers/Bundle/Application/F14AB74B-D787-4833-B7C0-E6BF8DB554D5/Taobao4iPhone.app/PlugIns/Taobao4iPhoneWidgetExtension.appex/Taobao4iPhoneWidgetExtension
22020   /private/var/containers/Bundle/Application/F14AB74B-D787-4833-B7C0-E6BF8DB554D5/Taobao4iPhone.app/PlugIns/Taobao4iPhoneSiriExtension.appex/Taobao4iPhoneSiriExtension
22022   /usr/libexec/mobile_assertion_agent
22023   /usr/libexec/mobile_storage_proxy
22024   /usr/libexec/cryptexd
22025   /usr/libexec/MobileStorageMounter
22026   /System/Library/PrivateFrameworks/DiskImages2.framework/XPCServices/diskimagescontroller.xpc/diskimagescontroller
22027   /usr/libexec/diskimagesiod
22028   /usr/libexec/diskarbitrationd
22029   /usr/libexec/fskitd
22032   /System/Library/PrivateFrameworks/UserFS.framework/userfs_helper
22037   /System/Library/Frameworks/ExtensionFoundation.framework/XPCServices/extensionkitservice.xpc/extensionkitservice
22042   /System/Library/ExtensionKit/Extensions/com.apple.fskit.exfat.appex/com.apple.fskit.exfat
22044   /usr/libexec/fskit_helper
22049   /System/Library/ExtensionKit/Extensions/com.apple.fskit.msdos.appex/com.apple.fskit.msdos
22059   /System/Developer/usr/libexec/dtdeviceinfod
22060   /usr/libexec/betaenrollmentd
22061   /System/Library/PrivateFrameworks/InstallCoordination.framework/Support/installcoordination_proxy
22062   /System/Library/PrivateFrameworks/StreamingZip.framework/XPCServices/com.apple.StreamingUnzipService.xpc/com.apple.StreamingUnzipService
22063   /System/Developer/usr/libexec/dtappserviced
22068   /private/var/containers/Bundle/Application/7F6715DF-E232-4364-8B15-5308BE9F7FD4/Aweme.app/PlugIns/AwemeWidgetExtension.appex/AwemeWidgetExtension
22069   /private/var/containers/Bundle/Application/7F6715DF-E232-4364-8B15-5308BE9F7FD4/Aweme.app/PlugIns/AwemeWidgetIntentsExtension.appex/AwemeWidgetIntentsExtension
22070   /System/Library/Frameworks/CoreTelephony.framework/Support/CommCenter
22076   /System/Library/CoreServices/EscrowSecurityAlert.app/EscrowSecurityAlert
22077   /System/Library/PrivateFrameworks/TelephonyBlastDoorSupport.framework/XPCServices/TelephonyBlastDoorService.xpc/TelephonyBlastDoorService
22084   /private/var/containers/Bundle/Application/99FC67F6-ABBC-40F3-9E82-192D635FC78F/News.app/PlugIns/NewsWidgetExtension.appex/NewsWidgetExtension
22087   /usr/libexec/mediasetupd
22092   /usr/libexec/OTATaskingAgent
22094   /System/Library/PrivateFrameworks/CascadeSets.framework/XPCServices/SetStoreUpdateService.xpc/SetStoreUpdateService
22098   /usr/libexec/lskdP7d
22112   /System/Library/PrivateFrameworks/CameraUI.framework/Support/nebulad
22118   /System/Library/PrivateFrameworks/FontServices.framework/XPCServices/UserFontManager.xpc/UserFontManager
22142   /System/Library/PrivateFrameworks/ManagedBackgroundAssets.framework/XPCServices/Managed Background Assets Helper Service.xpc/Managed Background Assets Helper Service
22148   /System/Library/PrivateFrameworks/AppInstallationMetrics.framework/Support/appinstallationmetricsd
22203   /System/Library/PrivateFrameworks/ActivityAwardsServices.framework/activityawardsd
22213   /Applications/ClockAngel.app/ClockAngel
22214   /System/Library/Frameworks/AudioToolbox.framework/XPCServices/AudioConverterService.xpc/AudioConverterService
22280   /System/Library/Frameworks/AudioToolbox.framework/XPCServices/AudioConverterService.xpc/AudioConverterService
22281   /System/Library/Frameworks/Speech.framework/XPCServices/localspeechrecognition.xpc/localspeechrecognition
22283   /Applications/InCallService.app/PlugIns/InCallActivitiesExtension.appex/InCallActivitiesExtension
22287   /System/Library/Frameworks/CoreTelephony.framework/Support/CTParser.framework/XPCServices/CTParserService.xpc/CTParserService
22301   /System/Library/PrivateFrameworks/SocialLayer.framework/sociallayerd.app/sociallayerd
22308   /usr/libexec/idcredd
22340   /Applications/ShortcutsUI.app/ShortcutsUI
22341   /Applications/MessagesViewService.app/MessagesViewService
22342   /System/Library/Frameworks/AudioToolbox.framework/XPCServices/AudioConverterService.xpc/AudioConverterService
22371   /System/Library/PrivateFrameworks/FontServices.framework/XPCServices/UserFontManager.xpc/UserFontManager
22372   /System/Library/PrivateFrameworks/WorkoutKitServices.framework/XPCServices/WorkoutKitXPCService.xpc/WorkoutKitXPCService
22373   /usr/libexec/locationpushd
22374   /System/Library/PrivateFrameworks/FontServices.framework/XPCServices/UserFontServices.xpc/UserFontServices
22399   /private/var/containers/Bundle/Application/7EC6491A-260F-42F7-9A27-6FDDA86D4470/AppStore.app/AppStore
22400   /private/var/containers/Bundle/Application/46E1D1B6-3077-4CA8-8B22-3213671A246B/BankABCPro.app/BankABCPro
22401   /private/preboot/Cryptexes/App/usr/libexec/SafariBookmarksSyncAgent
22402   /private/var/containers/Bundle/Application/1FD8FD3A-0765-489C-9691-099EAF994456/MobileTimer.app/MobileTimer
22407   /System/Library/Frameworks/Metal.framework/XPCServices/MTLCompilerService.xpc/MTLCompilerService
22461   /System/Library/PrivateFrameworks/Stickers.framework/Support/stickersd
22479   /private/var/containers/Bundle/Application/21770D31-3687-47F6-9EBE-9D121CFA20C1/WeChat.app/PlugIns/WeChatNotificationServiceExtension.appex/WeChatNotificationServiceExtension
22480   /System/Library/Frameworks/Intents.framework/XPCServices/intents_helper.xpc/intents_helper
22482   /System/Library/Frameworks/Intents.framework/XPCServices/intents_helper.xpc/intents_helper
22491   /usr/libexec/adprivacyd
22562   /System/Library/PrivateFrameworks/AppleNeuralEngine.framework/XPCServices/ANECompilerService.xpc/ANECompilerService
22587   /System/Library/PrivateFrameworks/ServicesIntelligence.framework/servicesintelligenced
22611   /System/Library/Frameworks/Intents.framework/XPCServices/intents_helper.xpc/intents_helper
22643   /System/Library/PrivateFrameworks/CloudTelemetry.framework/XPCServices/CloudTelemetryService.xpc/CloudTelemetryService
22655   /System/Library/PrivateFrameworks/DASDelegate.framework/XPCServices/DASDelegateService.xpc/DASDelegateService
22660   /usr/libexec/dhcp6d
22676   /System/Library/Frameworks/PDFKit.framework/PlugIns/PDFImporter.appex/PDFImporter
22677   /System/Library/Frameworks/CoreGraphics.framework/XPCServices/CGPDFService.xpc/CGPDFService
22711   /private/var/containers/Bundle/Application/3A247EDB-C169-44C0-93D6-95155D4FA731/MobileNotes.app/MobileNotes
22712   /private/var/containers/Bundle/Application/E1D81E0B-2D6B-4CDB-868A-97EF26E2967F/MbapMPaaS.app/MbapMPaaS
22713   /private/var/containers/Bundle/Application/CF1D524A-4F8A-4A68-A9C0-9D904D5F4509/Runner.app/Runner
22715   /private/var/containers/Bundle/Application/B7E2DC54-6ABC-420D-A6C0-8D7C9F270FDD/Authenticator.app/Authenticator
22716   /private/var/containers/Bundle/Application/0A354434-EFBD-495E-8637-A46B371E4ED5/MiHome.app/MiHome
22717   /System/Library/PrivateFrameworks/IDSBlastDoorSupport.framework/XPCServices/IDSBlastDoorService.xpc/IDSBlastDoorService
22718   /System/Library/PrivateFrameworks/MessagesBlastDoorSupport.framework/XPCServices/MessagesBlastDoorService.xpc/MessagesBlastDoorService
22719   /System/Library/Frameworks/CoreSpotlight.framework/PlugIns/CoreSpotlightTextImporter.appex/CoreSpotlightTextImporter
22750   /System/Library/Frameworks/Metal.framework/XPCServices/MTLCompilerService.xpc/MTLCompilerService
22752   /System/Library/CoreServices/DeviceOMatic.app/DeviceOMatic
22782   /private/var/containers/Bundle/Application/889E339F-C56A-4656-A599-8BC72F7BB863/Camera.app/Camera
22783   /usr/libexec/cameracaptured
22784   /System/Library/PrivateFrameworks/CoreRepairCore.framework/XPCServices/CoreRepairCoreXPCService.xpc/CoreRepairCoreXPCService
22787   /System/Library/Frameworks/AudioToolbox.framework/XPCServices/AudioConverterService.xpc/AudioConverterService
22788   /System/Library/Frameworks/Metal.framework/XPCServices/MTLCompilerService.xpc/MTLCompilerService
22789   /System/Library/Frameworks/Metal.framework/XPCServices/MTLCompilerService.xpc/MTLCompilerService
22790   /System/Library/Frameworks/Metal.framework/XPCServices/MTLCompilerService.xpc/MTLCompilerService
22832   /usr/libexec/FSTaskScheduler
22849   /Applications/ScreenshotServicesService.app/ScreenshotServicesService
22868   /usr/libexec/coreduetd
22874   /Applications/CTNotifyUIService.app/CTNotifyUIService
22914   /System/Library/PrivateFrameworks/HRTFEnrollment.framework/XPCServices/HRTFEnrollmentService.xpc/HRTFEnrollmentService
22923   /System/Library/Frameworks/AppTrackingTransparency.framework/XPCServices/EnforcementService.xpc/EnforcementService
22924   /System/Library/Frameworks/Intents.framework/XPCServices/intents_helper.xpc/intents_helper
22925   /System/Library/PrivateFrameworks/IntentRecommendRuntime.framework/intentrecommendd
22945   /System/Library/ExtensionKit/Extensions/TextThumbnailExtension.appex/TextThumbnailExtension
22947   /System/Library/Frameworks/Speech.framework/XPCServices/localspeechrecognition.xpc/localspeechrecognition
22987   /private/preboot/Cryptexes/OS/System/Library/Frameworks/WebKit.framework/Daemons/adattributiond
23011   /private/preboot/Cryptexes/App/usr/libexec/com.apple.Safari.History
23015   /System/Library/PrivateFrameworks/CoreSuggestions.framework/reversetemplated
23046   /System/Library/Frameworks/AssetsLibrary.framework/Support/assetsd
23053   /System/Library/Frameworks/CoreLocation.framework/XPCServices/GNSSLocationService.xpc/GNSSLocationService
23076   /private/var/containers/Bundle/Application/F9BAC972-147C-437F-A043-034CB300C9E8/Photos.app/Photos
23091   /System/Library/PrivateFrameworks/CascadeSets.framework/XPCServices/SetStoreUpdateService.xpc/SetStoreUpdateService
23099   /System/Library/PrivateFrameworks/MobileSoftwareUpdate.framework/XPCServices/com.apple.MobileSoftwareUpdate.CleanupPreparePathService.xpc/com.apple.MobileSoftwareUpdate.CleanupPreparePathService
23172   /System/Library/CoreServices/OTACrashCopier
23173   /usr/libexec/crash_mover
23360   /private/preboot/Cryptexes/App/usr/libexec/AuthenticationServicesAgent
23371   /private/var/containers/Bundle/Application/21770D31-3687-47F6-9EBE-9D121CFA20C1/WeChat.app/WeChat
23374   /System/Library/Filesystems/apfs.fs/apfs_iosd
23415   /System/Library/PrivateFrameworks/SensorKitHelper.framework/XPCServices/com.apple.SensorKit.SKMediaEventsHelper.xpc/com.apple.SensorKit.SKMediaEventsHelper
23416   /System/Library/Frameworks/AppTrackingTransparency.framework/XPCServices/EnforcementService.xpc/EnforcementService
23420   /private/preboot/Cryptexes/OS/System/Library/ExtensionKit/Extensions/NetworkingExtension.appex/com.apple.WebKit.Networking
23432   /System/Library/Frameworks/Intents.framework/XPCServices/intents_helper.xpc/intents_helper
23506   /System/Library/PrivateFrameworks/AppleMediaServicesUI.framework/amsengagementd
23507   /System/Library/Frameworks/ExtensionFoundation.framework/XPCServices/extensionkitservice.xpc/extensionkitservice
23508   /System/Library/PrivateFrameworks/AppleMediaDiscovery.framework/PlugIns/AMDEngagementExtension.appex/AMDEngagementExtension
23564   /System/Library/PrivateFrameworks/CacheDelete.framework/deleted
23619   /System/Library/PrivateFrameworks/CascadeSets.framework/XPCServices/SetStoreUpdateService.xpc/SetStoreUpdateService
23744   /System/Library/Frameworks/BrowserEngineKit.framework/XPCServices/BrowserEngineKit.Intermediary.xpc/BrowserEngineKit.Intermediary
23745   /System/Library/Frameworks/AudioToolbox.framework/XPCServices/AudioConverterHighCapacityService.xpc/AudioConverterHighCapacityService
23857   /System/Library/Frameworks/PassKit.framework/PlugIns/PassKitEngagementExtension.appex/PassKitEngagementExtension
23990   /System/Developer/usr/libexec/dtdebugproxyd
24017   /private/var/containers/Bundle/Application/D4E38445-EF22-48F4-AE74-C76AD3D2994D/MobileSafari.app/MobileSafari
24020   /private/var/containers/Bundle/Application/00F38693-3AEC-47B9-B4C8-41E173C3E64E/Quark.app/Quark
24108   /usr/libexec/PerfPowerServices
24144   /System/Library/PrivateFrameworks/AvatarPersistence.framework/Support/avatarsd
24156   /System/Library/PrivateFrameworks/ContactsDonation.framework/Versions/A/Support/contactsdonationagent
24228   /System/Library/PrivateFrameworks/SeymourServices.framework/fitcored
24246   /System/Library/Frameworks/Metal.framework/XPCServices/MTLCompilerService.xpc/MTLCompilerService
24300   /private/preboot/Cryptexes/OS/System/Library/ExtensionKit/Extensions/WebContentExtension.appex/com.apple.WebKit.WebContent
24301   /private/preboot/Cryptexes/OS/System/Library/ExtensionKit/Extensions/NetworkingExtension.appex/com.apple.WebKit.Networking
24302   /private/preboot/Cryptexes/OS/System/Library/ExtensionKit/Extensions/GPUExtension.appex/com.apple.WebKit.GPU
24303   /private/preboot/Cryptexes/OS/System/Library/ExtensionKit/Extensions/WebContentExtension.appex/com.apple.WebKit.WebContent
24304   /System/Library/Frameworks/BrowserEngineKit.framework/XPCServices/BrowserEngineKit.Intermediary.xpc/BrowserEngineKit.Intermediary
24305   /System/Library/Frameworks/AudioToolbox.framework/XPCServices/AudioConverterService.xpc/AudioConverterService
24307   /System/Library/Frameworks/Metal.framework/XPCServices/MTLCompilerService.xpc/MTLCompilerService
24319   /System/Library/PrivateFrameworks/HomeEnergyDaemon.framework/Support/homeenergyd
24335   /System/Library/PrivateFrameworks/TelephonyBlastDoorSupport.framework/XPCServices/TelephonyBlastDoorService.xpc/TelephonyBlastDoorService
24336   /System/Library/PrivateFrameworks/MessagesBlastDoorSupport.framework/XPCServices/MessagesBlastDoorService.xpc/MessagesBlastDoorService
24359   /private/preboot/Cryptexes/OS/System/Library/ExtensionKit/Extensions/WebContentExtension.appex/com.apple.WebKit.WebContent
24445   /System/Library/Frameworks/ExtensionFoundation.framework/XPCServices/extensionkitservice.xpc/extensionkitservice
24446   /System/Library/CoreServices/AccessibilityUIServer.app/Extensions/AccessibilityAppIntents.appex/AccessibilityAppIntents
24447   /Applications/SystemVoiceAssistant.app/SystemVoiceAssistant
24448   /System/Library/Frameworks/ClassKit.framework/progressd
24450   /private/var/containers/Bundle/Application/1BAB3387-1470-426E-A60B-444B4909736E/Journal.app/PlugIns/JournalWidgets.appex/JournalWidgets
24451   /System/Library/ExtensionKit/Extensions/AssistantSettingsControlsExtension.appex/AssistantSettingsControlsExtension
24575   /System/Library/PrivateFrameworks/TelephonyUtilities.framework/callservicesd
24576   /System/Library/PrivateFrameworks/TelephonyUtilities.framework/XPCServices/com.apple.FaceTime.FTConversationService.xpc/com.apple.FaceTime.FTConversationService
24578   /System/Library/Frameworks/Speech.framework/XPCServices/localspeechrecognition.xpc/localspeechrecognition
24579   /System/Library/Frameworks/CallKit.framework/XPCServices/com.apple.CallKit.CallDirectoryMaintenance.xpc/com.apple.CallKit.CallDirectoryMaintenance
24580   /System/Library/PrivateFrameworks/MessagesBlastDoorSupport.framework/XPCServices/MessagesBlastDoorService.xpc/MessagesBlastDoorService
24601   /Applications/InCallService.app/InCallService
24602   /System/Library/Frameworks/Speech.framework/XPCServices/localspeechrecognition.xpc/localspeechrecognition
24613   /System/Library/Frameworks/AudioToolbox.framework/XPCServices/AudioConverterService.xpc/AudioConverterService
24629   /usr/libexec/deferredmediad
24649   /private/preboot/Cryptexes/OS/System/Library/ExtensionKit/Extensions/GPUExtension.appex/com.apple.WebKit.GPU
24650   /private/preboot/Cryptexes/OS/System/Library/ExtensionKit/Extensions/WebContentExtension.appex/com.apple.WebKit.WebContent
24651   /private/preboot/Cryptexes/OS/System/Library/ExtensionKit/Extensions/WebContentExtension.appex/com.apple.WebKit.WebContent
24653   /private/preboot/Cryptexes/OS/System/Library/ExtensionKit/Extensions/WebContentExtension.appex/com.apple.WebKit.WebContent
24685   /System/Library/PrivateFrameworks/CoreRoutine.framework/XPCServices/CoreRoutineHelperService.xpc/CoreRoutineHelperService
24686   /usr/libexec/ptpd
24701   /System/Library/PrivateFrameworks/CoreParsec.framework/parsec-fbf
24710   /System/Library/ExtensionKit/Extensions/AlchemistInferenceProvider.appex/AlchemistInferenceProvider
24712   /System/Library/Frameworks/AudioToolbox.framework/XPCServices/AudioConverterService.xpc/AudioConverterService
24714   /private/var/containers/Bundle/Application/94BA3B8F-179F-4A42-B514-76D8664C0EB8/discover.app/PlugIns/WidgetExtension.appex/WidgetExtension
24715   /usr/libexec/biomesyncd
24718   /private/var/containers/Bundle/Application/5D6A494C-7340-47A6-ABD8-C502C58BC042/DuolingoMobile.app/PlugIns/Widget.appex/Widget
24720   /private/var/containers/Bundle/Application/C0FE3E67-52CC-49ED-BE28-60EF59533697/Eggplant.app/PlugIns/EggplantWidgetExtension.appex/EggplantWidgetExtension
24722   /Applications/InputUI.app/InputUI
24724   /private/var/containers/Bundle/Application/29FF269E-E415-4ED5-B6ED-FD206D2ACB0A/Alibaba.app/PlugIns/AMWidget.appex/AMWidget
24725   /usr/libexec/corecaptured
24726   /private/var/containers/Bundle/Application/9C6A91FB-4F7D-450F-B642-3C6E8E725411/Follow.app/PlugIns/FollowLockWidgetExtension.appex/FollowLockWidgetExtension
24728   /private/var/containers/Bundle/Application/7A9BB743-46E3-4D0C-8025-3F1A67F4F7C3/Runner.app/Runner
24731   /private/preboot/Cryptexes/OS/System/Library/ExtensionKit/Extensions/WebContentExtension.appex/com.apple.WebKit.WebContent
24735   /private/var/containers/Bundle/Application/6E2E2551-60BB-4718-A57D-D9893AD11095/ivylove.app/ivylove
24736   /Applications/MobilePhone.app/MobilePhone
24737   /private/var/containers/Bundle/Application/7F6715DF-E232-4364-8B15-5308BE9F7FD4/Aweme.app/Aweme
24738   /Applications/Preferences.app/Preferences
24739   /private/var/containers/Bundle/Application/DD7FF23B-D4B6-4D0C-AF36-F59457D63485/nrd-ios-client.app/nrd-ios-client
24740   /private/var/containers/Bundle/Application/C7946CC5-2165-4051-B89B-C582AAE5F5FE/MobileSMS.app/MobileSMS
24741   /usr/libexec/ReportMemoryException
24742   /private/var/containers/Bundle/Application/2D0308A6-D3F7-4B7E-BB6F-FDB1D92D24E6/AlipayWallet.app/PlugIns/APLACProgressActivityExtension.appex/APLACProgressActivityExtension
Saving JSON output file to /Users/fengqiyue/web/admin9-labs/admin9-app-workspace/admin9-app-flutter/docs/architecture/evidence/admin9-ui-phase-6/physical-iphone-final-process-all.json
