--------- beginning of events
I/am_unfreeze(  559): [1353,com.google.android.permissioncontroller,6]
I/dvm_lock_sample(  559): [system_server,0,main,652,ActivityManagerService.java,5964,boolean com.android.server.am.ActivityManagerService.isAppStartModeDisabled(int, java.lang.String),OomAdjuster.java,609,boolean com.android.server.am.OomAdjuster.updateOomAdjLocked(com.android.server.am.ProcessRecord, int),100]
I/dvm_lock_sample(  559): [system_server,0,com.android.permission.util.ForegroundThread,2989,ActivityManagerService.java,13403,int com.android.server.am.ActivityManagerService.bindServiceInstance(android.app.IApplicationThread, android.os.IBinder, android.content.Intent, java.lang.String, android.app.IServiceConnection, long, java.lang.String, boolean, int, java.lang.String, android.app.IApplicationThread, java.lang.String, int),,0,null,100]
I/dvm_lock_sample(  559): [system_server,0,backup-0,715,UserBackupManagerService.java,1083,void com.android.server.backup.UserBackupManagerService$1.run(),-,2105,void com.android.server.backup.UserBackupManagerService.scheduleNextFullBackupJob(long),100]
I/dvm_lock_sample(  559): [system_server,1,ActivityManager,2993,BroadcastQueueModernImpl.java,389,void com.android.server.am.BroadcastQueueModernImpl.updateRunningList(),,0,null,100]
I/am_uid_running(  559): 10091
I/dvm_lock_sample(  559): [system_server,1,binder:559_1F,2288,ActivityManagerService.java,13425,boolean com.android.server.am.ActivityManagerService.unbindService(android.app.IServiceConnection),,0,null,100]
I/dvm_lock_sample(  559): [system_server,0,android.fg,1038,ActivityManagerService.java,18079,int com.android.server.am.ActivityManagerService$LocalService.broadcastIntent(android.content.Intent, android.content.IIntentReceiver, java.lang.String[], boolean, int, int[], java.util.function.BiFunction, android.os.Bundle),,0,null,100]
I/dvm_lock_sample(  559): [system_server,1,binder:559_16,962,ActivityManagerService.java,13425,boolean com.android.server.am.ActivityManagerService.unbindService(android.app.IServiceConnection),,0,null,100]
I/dvm_lock_sample(  559): [system_server,0,main,24,PropertyInvalidatedCache.java,1293,void android.app.PropertyInvalidatedCache$AutoCorker.handleMessage(android.os.Message),-,1289,void android.app.PropertyInvalidatedCache$AutoCorker.autoCork(),4]
I/dvm_lock_sample(  559): [system_server,0,binder:559_1A,658,ActivityManagerService.java,13459,void com.android.server.am.ActivityManagerService.serviceDoneExecuting(android.os.IBinder, int, int, int),,0,null,100]
I/dvm_lock_sample(  559): [system_server,1,binder:559_8,647,ActivityManagerService.java,13439,void com.android.server.am.ActivityManagerService.publishService(android.os.IBinder, android.content.Intent, android.os.IBinder),,0,null,100]
I/dvm_lock_sample(  559): [system_server,0,android.bg,570,ActivityManagerService.java,15321,int com.android.server.am.ActivityManagerService.broadcastIntentWithFeature(android.app.IApplicationThread, java.lang.String, android.content.Intent, java.lang.String, android.content.IIntentReceiver, int, java.lang.String, android.os.Bundle, java.lang.String[], java.lang.String[], java.lang.String[], int, android.os.Bundle, boolean, boolean, int),,0,null,100]
I/service_manager_slow( 1353): [67,role]
I/dvm_lock_sample(  559): [system_server,1,ActivityManager,152,BroadcastQueueModernImpl.java,389,void com.android.server.am.BroadcastQueueModernImpl.updateRunningList(),ActivityManagerService.java,3853,void com.android.server.am.ActivityManagerService.forceStopPackage(java.lang.String, int, int),30]
I/notification_cancel_all(  559): [1000,559,com.admin9.app.foundation,0,0,0,5,NULL]
I/am_uid_active(  559): 10121
I/service_manager_slow(  954): [107,carrier_config]
I/am_unfreeze(  559): [1432,com.google.android.apps.wellbeing,7]
I/dvm_lock_sample(  559): [system_server,0,PackageManager,474,ActivityManagerService.java,18079,int com.android.server.am.ActivityManagerService$LocalService.broadcastIntent(android.content.Intent, android.content.IIntentReceiver, java.lang.String[], boolean, int, int[], java.util.function.BiFunction, android.os.Bundle),,0,null,94]
I/dvm_lock_sample(  559): [system_server,1,android.ui,521,BroadcastQueueModernImpl.java,1604,void com.android.server.am.BroadcastQueueModernImpl$1.onUidStateChanged(int, int, long, int),,0,null,100]
I/dvm_lock_sample(  559): [system_server,0,binder:559_1C,597,ActivityManagerService.java,13459,void com.android.server.am.ActivityManagerService.serviceDoneExecuting(android.os.IBinder, int, int, int),,0,null,100]
I/dvm_lock_sample(  559): [system_server,1,binder:559_8,602,ActivityManagerService.java,13439,void com.android.server.am.ActivityManagerService.publishService(android.os.IBinder, android.content.Intent, android.os.IBinder),,0,null,100]
I/dvm_lock_sample(  559): [system_server,1,ActivityManager:procStart,532,ProcessList.java,2074,void com.android.server.am.ProcessList.lambda$handleProcessStart$1(com.android.server.am.ProcessRecord, java.lang.String, int[], int, int, int, java.lang.String, java.lang.String, java.lang.String, long),,0,null,100]
I/am_proc_start(  559): [0,6104,10091,com.google.android.packageinstaller,broadcast,{com.google.android.packageinstaller/com.android.packageinstaller.PackageInstalledReceiver}]
I/wm_task_created(  559): 9
I/wm_set_resumed_activity(  559): [0,com.google.android.apps.nexuslauncher/.NexusLauncherActivity,addChildTask]
I/service_manager_slow( 6104): [78,activity]
I/wm_on_top_resumed_gained_called( 1070): [247126299,com.google.android.apps.nexuslauncher.NexusLauncherActivity,topStateChangedWhenResumed]
I/am_pss  (  559): [1812,10086,android.process.acore,12154880,974848,8341504,86716416,0,19,54]
I/wm_task_moved(  559): [9,9,0,1,2]
I/wm_task_to_front(  559): [0,9,0]
I/wm_create_task(  559): [0,9,9,0]
I/wm_create_activity(  559): [0,211872134,9,com.admin9.app.foundation/.MainActivity,NULL,NULL,NULL,268435456]
I/wm_task_moved(  559): [9,9,0,1,2]
I/dvm_lock_sample( 1070): [com.google.android.apps.nexuslau,1,main,306,MessageQueue.java,337,android.os.Message android.os.MessageQueue.next(),-,600,boolean android.os.MessageQueue.enqueueMessage(android.os.Message, long),61]
I/wm_on_top_resumed_lost_called( 1070): [247126299,com.google.android.apps.nexuslauncher.NexusLauncherActivity,topStateChangedWhenResumed]
I/wm_pause_activity(  559): [0,247126299,com.google.android.apps.nexuslauncher/.NexusLauncherActivity,userLeaving=true,pauseBackTasks]
I/dvm_lock_sample(  559): [system_server,1,binder:559_1A,1241,ActivityTaskManagerService.java,2394,java.util.List com.android.server.wm.ActivityTaskManagerService.getTasks(int, boolean, boolean, int),Object.java,-2,void java.lang.Object.wait(long, int),100]
I/dvm_lock_sample(  559): [system_server,1,ActivityManager:procStart,1428,ActivityTaskManagerService.java,6104,void com.android.server.wm.ActivityTaskManagerService$LocalService.onProcessMapped(int, com.android.server.wm.WindowProcessController),Object.java,-2,void java.lang.Object.wait(long, int),100]
I/dvm_lock_sample(  559): [system_server,1,ActivityManager,1975,BroadcastQueueModernImpl.java,293,boolean com.android.server.am.BroadcastQueueModernImpl.lambda$new$0(android.os.Message),,0,null,100]
I/dvm_lock_sample(  559): [system_server,1,binder:559_8,1195,ActivityManagerService.java,13787,android.content.Intent com.android.server.am.ActivityManagerService.registerReceiverWithFeature(android.app.IApplicationThread, java.lang.String, java.lang.String, java.lang.String, android.content.IIntentReceiver, android.content.IntentFilter, java.lang.String, int, int),ProcessList.java,2076,void com.android.server.am.ProcessList.lambda$handleProcessStart$1(com.android.server.am.ProcessRecord, java.lang.String, int[], int, int, int, java.lang.String, java.lang.String, java.lang.String, long),100]
I/dvm_lock_sample(  559): [system_server,1,binder:559_F,870,ActivityManagerService.java,13403,int com.android.server.am.ActivityManagerService.bindServiceInstance(android.app.IApplicationThread, android.os.IBinder, android.content.Intent, java.lang.String, android.app.IServiceConnection, long, java.lang.String, boolean, int, java.lang.String, android.app.IApplicationThread, java.lang.String, int),ProcessList.java,2076,void com.android.server.am.ProcessList.lambda$handleProcessStart$1(com.android.server.am.ProcessRecord, java.lang.String, int[], int, int, int, java.lang.String, java.lang.String, java.lang.String, long),100]
I/dvm_lock_sample(  559): [system_server,1,binder:559_6,425,ActivityManagerService.java,7880,void com.android.server.am.ActivityManagerService.setHasTopUi(boolean),ProcessList.java,2076,void com.android.server.am.ProcessList.lambda$handleProcessStart$1(com.android.server.am.ProcessRecord, java.lang.String, int[], int, int, int, java.lang.String, java.lang.String, java.lang.String, long),85]
I/dvm_lock_sample(  559): [system_server,1,binder:559_16,983,ActivityManagerService.java,4809,void com.android.server.am.ActivityManagerService.attachApplication(android.app.IApplicationThread, long),ProcessList.java,2076,void com.android.server.am.ProcessList.lambda$handleProcessStart$1(com.android.server.am.ProcessRecord, java.lang.String, int[], int, int, int, java.lang.String, java.lang.String, java.lang.String, long),100]
I/am_proc_bound(  559): [0,6104,com.google.android.packageinstaller]
I/dvm_lock_sample(  559): [system_server,1,binder:559_17,562,ActivityClientController.java,203,void com.android.server.wm.ActivityClientController.activityTopResumedStateLost(),,0,null,100]
I/dvm_lock_sample(  559): [system_server,1,binder:559_5,512,WindowOrganizerController.java,279,android.os.IBinder com.android.server.wm.WindowOrganizerController.startTransition(int, android.os.IBinder, android.window.WindowContainerTransaction),,0,null,100]
I/dvm_lock_sample(  559): [system_server,1,android.anim,1037,WindowAnimator.java,97,void com.android.server.wm.WindowAnimator.lambda$new$1(long),,0,null,100]
I/wm_on_paused_called( 1070): [247126299,com.google.android.apps.nexuslauncher.NexusLauncherActivity,performPause,13]
I/dvm_lock_sample(  559): [system_server,1,binder:559_12,134,ActivityClientController.java,212,void com.android.server.wm.ActivityClientController.activityPaused(android.os.IBinder),WindowAnimator.java,103,void com.android.server.wm.WindowAnimator.lambda$new$1(long),26]
I/dvm_lock_sample(  559): [system_server,0,FlashNotifController,232,MessageQueue.java,337,android.os.Message android.os.MessageQueue.next(),-,600,boolean android.os.MessageQueue.enqueueMessage(android.os.Message, long),46]
I/dvm_lock_sample(  559): [system_server,0,android.fg,364,PermissionManagerServiceImpl.java,731,int com.android.server.pm.permission.PermissionManagerServiceImpl.getPermissionFlagsInternal(java.lang.String, java.lang.String, int, int),-,5203,java.util.Set com.android.server.pm.permission.PermissionManagerServiceImpl.getInstalledPermissions(java.lang.String),72]
I/pm_snapshot_rebuild(  559): [163,3468]
I/wm_add_to_stopping(  559): [0,247126299,com.google.android.apps.nexuslauncher/.NexusLauncherActivity,makeInvisible]
I/input_focus(  559): [Requesting to set focus to null window,reason=UpdateInputWindows]
I/input_focus(  559): [Focus leaving ba94b9 com.google.android.apps.nexuslauncher/com.google.android.apps.nexuslauncher.NexusLauncherActivity (server),reason=NO_WINDOW]
I/dvm_lock_sample(  559): [system_server,1,android.anim,63,DisplayManagerService.java,2435,void com.android.server.display.DisplayManagerService.setDisplayPropertiesInternal(int, boolean, float, int, float, float, boolean, boolean, boolean),-,1103,android.view.DisplayInfo com.android.server.display.DisplayManagerService.getDisplayInfoInternal(int, int),12]
I/sysui_multi_action(  559): [757,803,799,window_time_0,802,80]
I/dvm_lock_sample(  559): [system_server,1,android.display,1725,ActivityManagerService.java,18360,void com.android.server.am.ActivityManagerService$LocalService.startProcess(java.lang.String, android.content.pm.ApplicationInfo, boolean, boolean, java.lang.String, android.content.ComponentName),-,4940,void com.android.server.am.ActivityManagerService.finishAttachApplicationInner(long, int, int),100]
I/am_uid_running(  559): 10193
I/service_manager_slow(  559): [89,user]
I/dvm_lock_sample(  559): [system_server,1,binder:559_F,438,MessageQueue.java,554,boolean android.os.MessageQueue.enqueueMessage(android.os.Message, long),-,772,void android.os.MessageQueue.removeMessages(android.os.Handler, java.lang.Runnable, java.lang.Object),87]
I/dvm_lock_sample(  559): [system_server,1,binder:559_16,557,PermissionManagerServiceImpl.java,972,int com.android.server.pm.permission.PermissionManagerServiceImpl.checkPermissionInternal(com.android.server.pm.pkg.AndroidPackage, boolean, java.lang.String, int),,0,null,100]
I/dvm_lock_sample(  559): [system_server,1,android.display,586,PermissionManagerServiceImpl.java,5172,int[] com.android.server.pm.permission.PermissionManagerServiceImpl.getGidsForUid(int),,0,null,100]
I/dvm_lock_sample(  559): [system_server,0,binder:559_1C,2338,ActivityManagerService.java,15434,void com.android.server.am.ActivityManagerService.finishReceiver(android.os.IBinder, int, java.lang.String, android.os.Bundle, boolean, int),,0,null,100]
I/dvm_lock_sample(  559): [system_server,1,binder:559_8,2076,ActivityManagerService.java,15321,int com.android.server.am.ActivityManagerService.broadcastIntentWithFeature(android.app.IApplicationThread, java.lang.String, android.content.Intent, java.lang.String, android.content.IIntentReceiver, int, java.lang.String, android.os.Bundle, java.lang.String[], java.lang.String[], java.lang.String[], int, android.os.Bundle, boolean, boolean, int),,0,null,100]
I/dvm_lock_sample(  559): [system_server,1,binder:559_1F,2317,ActivityManagerService.java,14086,void com.android.server.am.ActivityManagerService.unregisterReceiver(android.content.IIntentReceiver),,0,null,100]
I/am_pss  (  559): [5691,1000,com.android.keychain,9915392,3776512,3908608,79859712,0,19,103]
I/dvm_lock_sample(  559): [system_server,1,ActivityManager,697,BroadcastQueueModernImpl.java,389,void com.android.server.am.BroadcastQueueModernImpl.updateRunningList(),ActivityManagerService.java,18368,void com.android.server.am.ActivityManagerService$LocalService.startProcess(java.lang.String, android.content.pm.ApplicationInfo, boolean, boolean, java.lang.String, android.content.ComponentName),100]
I/dvm_lock_sample(  559): [system_server,1,binder:559_5,548,PermissionManagerServiceImpl.java,972,int com.android.server.pm.permission.PermissionManagerServiceImpl.checkPermissionInternal(com.android.server.pm.pkg.AndroidPackage, boolean, java.lang.String, int),-,879,void com.android.server.pm.permission.PermissionManagerServiceImpl.updatePermissionFlagsInternal(java.lang.String, java.lang.String, int, int, int, int, boolean, com.android.server.pm.permission.PermissionManagerServiceImpl$PermissionCallback),100]
I/dvm_lock_sample(  559): [system_server,1,binder:559_1A,871,PermissionManagerServiceImpl.java,972,int com.android.server.pm.permission.PermissionManagerServiceImpl.checkPermissionInternal(com.android.server.pm.pkg.AndroidPackage, boolean, java.lang.String, int),,0,null,100]
I/dvm_lock_sample(  559): [system_server,0,appscheduling.default,906,PermissionManagerServiceImpl.java,972,int com.android.server.pm.permission.PermissionManagerServiceImpl.checkPermissionInternal(com.android.server.pm.pkg.AndroidPackage, boolean, java.lang.String, int),,0,null,100]
I/dvm_lock_sample(  559): [system_server,0,main,584,PermissionManagerServiceImpl.java,972,int com.android.server.pm.permission.PermissionManagerServiceImpl.checkPermissionInternal(com.android.server.pm.pkg.AndroidPackage, boolean, java.lang.String, int),-,879,void com.android.server.pm.permission.PermissionManagerServiceImpl.updatePermissionFlagsInternal(java.lang.String, java.lang.String, int, int, int, int, boolean, com.android.server.pm.permission.PermissionManagerServiceImpl$PermissionCallback),100]
I/dvm_lock_sample(  559): [system_server,0,android.perm,424,PermissionManagerServiceImpl.java,2505,java.util.Set com.android.server.pm.permission.PermissionManagerServiceImpl.getGrantedPermissionsInternal(java.lang.String, int),-,879,void com.android.server.pm.permission.PermissionManagerServiceImpl.updatePermissionFlagsInternal(java.lang.String, java.lang.String, int, int, int, int, boolean, com.android.server.pm.permission.PermissionManagerServiceImpl$PermissionCallback),84]
I/dvm_lock_sample(  559): [system_server,0,android.fg,995,PermissionManagerServiceImpl.java,731,int com.android.server.pm.permission.PermissionManagerServiceImpl.getPermissionFlagsInternal(java.lang.String, java.lang.String, int, int),-,879,void com.android.server.pm.permission.PermissionManagerServiceImpl.updatePermissionFlagsInternal(java.lang.String, java.lang.String, int, int, int, int, boolean, com.android.server.pm.permission.PermissionManagerServiceImpl$PermissionCallback),100]
I/dvm_lock_sample(  559): [system_server,1,binder:559_9,1044,PermissionManagerServiceImpl.java,972,int com.android.server.pm.permission.PermissionManagerServiceImpl.checkPermissionInternal(com.android.server.pm.pkg.AndroidPackage, boolean, java.lang.String, int),,0,null,100]
I/wm_wallpaper_surface(  559): [0,0,Window{ba94b9 u0 com.google.android.apps.nexuslauncher/com.google.android.apps.nexuslauncher.NexusLauncherActivity}]
I/dvm_lock_sample(  559): [system_server,1,binder:559_12,1262,ActivityManagerService.java,13189,android.content.ComponentName com.android.server.am.ActivityManagerService.startService(android.app.IApplicationThread, android.content.Intent, java.lang.String, boolean, java.lang.String, java.lang.String, int, boolean, int, java.lang.String, java.lang.String),,0,null,100]
I/dvm_lock_sample(  559): [system_server,1,binder:559_1A,30,PermissionManagerServiceImpl.java,731,int com.android.server.pm.permission.PermissionManagerServiceImpl.getPermissionFlagsInternal(java.lang.String, java.lang.String, int, int),-,5203,java.util.Set com.android.server.pm.permission.PermissionManagerServiceImpl.getInstalledPermissions(java.lang.String),6]
I/dvm_lock_sample(  559): [system_server,1,binder:559_1C,84,PropertyInvalidatedCache.java,1272,void android.app.PropertyInvalidatedCache$AutoCorker.autoCork(),-,1319,void android.app.PropertyInvalidatedCache$AutoCorker.handleMessage(android.os.Message),16]
I/am_unfreeze(  559): [5088,com.google.android.gms,6]
I/dvm_lock_sample(  559): [system_server,1,binder:559_F,1392,ActivityManagerService.java,13787,android.content.Intent com.android.server.am.ActivityManagerService.registerReceiverWithFeature(android.app.IApplicationThread, java.lang.String, java.lang.String, java.lang.String, android.content.IIntentReceiver, android.content.IntentFilter, java.lang.String, int, int),,0,null,100]
I/dvm_lock_sample(  559): [system_server,1,ActivityManager:procStart,1512,ProcessList.java,2074,void com.android.server.am.ProcessList.lambda$handleProcessStart$1(com.android.server.am.ProcessRecord, java.lang.String, int[], int, int, int, java.lang.String, java.lang.String, java.lang.String, long),,0,null,100]
I/am_proc_start(  559): [0,6123,10193,com.admin9.app.foundation,next-top-activity,{com.admin9.app.foundation/com.admin9.app.foundation.MainActivity}]
I/dvm_lock_sample(  559): [system_server,1,binder:559_8,375,ActivityManagerService.java,4809,void com.android.server.am.ActivityManagerService.attachApplication(android.app.IApplicationThread, long),-,13195,android.content.ComponentName com.android.server.am.ActivityManagerService.startService(android.app.IApplicationThread, android.content.Intent, java.lang.String, boolean, java.lang.String, java.lang.String, int, boolean, int, java.lang.String, java.lang.String),75]
I/am_proc_bound(  559): [0,6123,com.admin9.app.foundation]
I/wm_restart_activity(  559): [0,211872134,9,com.admin9.app.foundation/.MainActivity]
I/sysui_multi_action(  559): [757,1721,758,4,908,com.google.android.as/com.google.android.apps.miphone.aiai.app.AiAiAugmentedAutofillService,1722,5]
I/dvm_lock_sample( 1490): [com.google.android.as,0,aiai-vc-0,1180,PG,1,java.lang.Object erb.b(),-,2,java.lang.Object erb.b(),100]
I/cc_current_allowlist(  559): [0,18]
I/cc_set_allowlist(  559): [0,18,0]
I/cc_current_allowlist(  559): [0,18]
I/cc_update_options(  559): [0,0]
I/wm_set_resumed_activity(  559): [0,com.admin9.app.foundation/.MainActivity,minimalResumeActivityLocked - onActivityStateChanged]
I/dvm_lock_sample(  559): [system_server,1,android.display,233,MessageQueue.java,337,android.os.Message android.os.MessageQueue.next(),-,600,boolean android.os.MessageQueue.enqueueMessage(android.os.Message, long),46]
I/dvm_lock_sample(  559): [system_server,1,binder:559_17,1712,ContentProviderHelper.java,702,void com.android.server.am.ContentProviderHelper.publishContentProviders(android.app.IApplicationThread, java.util.List),,0,null,100]
I/dvm_lock_sample(  559): [system_server,1,binder:559_16,1596,ActivityManagerService.java,13189,android.content.ComponentName com.android.server.am.ActivityManagerService.startService(android.app.IApplicationThread, android.content.Intent, java.lang.String, boolean, java.lang.String, java.lang.String, int, boolean, int, java.lang.String, java.lang.String),,0,null,100]
I/dvm_lock_sample(  559): [system_server,0,android.bg,1562,ActivityManagerService.java,15321,int com.android.server.am.ActivityManagerService.broadcastIntentWithFeature(android.app.IApplicationThread, java.lang.String, android.content.Intent, java.lang.String, android.content.IIntentReceiver, int, java.lang.String, android.os.Bundle, java.lang.String[], java.lang.String[], java.lang.String[], int, android.os.Bundle, boolean, boolean, int),,0,null,100]
I/dvm_lock_sample(  559): [system_server,1,ActivityManager,1719,BroadcastQueueModernImpl.java,293,boolean com.android.server.am.BroadcastQueueModernImpl.lambda$new$0(android.os.Message),,0,null,100]
I/dvm_lock_sample(  559): [system_server,1,binder:559_1C,394,ActivityManagerService.java,14086,void com.android.server.am.ActivityManagerService.unregisterReceiver(android.content.IIntentReceiver),,0,null,78]
I/dvm_lock_sample(  559): [system_server,0,binder:559_12,167,ActivityManagerService.java,15434,void com.android.server.am.ActivityManagerService.finishReceiver(android.os.IBinder, int, java.lang.String, android.os.Bundle, boolean, int),,0,null,33]
I/am_uid_active(  559): 10193
I/dvm_lock_sample(  559): [system_server,1,binder:559_6,182,ActivityManagerService.java,13189,android.content.ComponentName com.android.server.am.ActivityManagerService.startService(android.app.IApplicationThread, android.content.Intent, java.lang.String, boolean, java.lang.String, java.lang.String, int, boolean, int, java.lang.String, java.lang.String),,0,null,36]
I/service_manager_slow( 6123): [52,game]
I/service_manager_slow( 5088): [190,virtualdevice]
I/am_pss  (  559): [1675,10127,com.google.process.gservices,9305088,4165632,2092032,83525632,0,19,46]
I/dvm_lock_sample(  559): [system_server,1,android.display,869,ActivityRecord.java,1004,void com.android.server.wm.ActivityRecord$2.run(),WindowManagerService.java,2557,int com.android.server.wm.WindowManagerService.relayoutWindow(com.android.server.wm.Session, android.view.IWindow, android.view.WindowManager$LayoutParams, int, int, int, int, int, int, android.window.ClientWindowFrames, android.util.MergedConfiguration, android.view.SurfaceControl, android.view.InsetsState, android.view.InsetsSourceControl$Array, android.os.Bundle),100]
I/cc_current_allowlist(  559): [0,18]
I/cc_set_allowlist(  559): [0,18,0]
I/cc_current_allowlist(  559): [0,18]
I/cc_update_options(  559): [0,0]
I/cc_current_allowlist(  559): [0,18]
I/cc_set_allowlist(  559): [0,18,0]
I/cc_current_allowlist(  559): [0,18]
I/cc_update_options(  559): [0,0]
I/cc_current_allowlist(  559): [0,18]
I/cc_set_allowlist(  559): [0,18,0]
I/cc_current_allowlist(  559): [0,18]
I/cc_update_options(  559): [0,0]
I/dvm_lock_sample(  559): [system_server,1,binder:559_1B,371,ActivityManagerService.java,13189,android.content.ComponentName com.android.server.am.ActivityManagerService.startService(android.app.IApplicationThread, android.content.Intent, java.lang.String, boolean, java.lang.String, java.lang.String, int, boolean, int, java.lang.String, java.lang.String),-,13195,android.content.ComponentName com.android.server.am.ActivityManagerService.startService(android.app.IApplicationThread, android.content.Intent, java.lang.String, boolean, java.lang.String, java.lang.String, int, boolean, int, java.lang.String, java.lang.String),74]
I/dvm_lock_sample(  559): [system_server,1,binder:559_1,1056,ActivityManagerService.java,13189,android.content.ComponentName com.android.server.am.ActivityManagerService.startService(android.app.IApplicationThread, android.content.Intent, java.lang.String, boolean, java.lang.String, java.lang.String, int, boolean, int, java.lang.String, java.lang.String),,0,null,100]
I/dvm_lock_sample(  559): [system_server,1,binder:559_1A,765,ActivityManagerService.java,13189,android.content.ComponentName com.android.server.am.ActivityManagerService.startService(android.app.IApplicationThread, android.content.Intent, java.lang.String, boolean, java.lang.String, java.lang.String, int, boolean, int, java.lang.String, java.lang.String),,0,null,100]
I/dvm_lock_sample(  559): [system_server,1,binder:559_12,1084,ActivityClientController.java,1233,void com.android.server.wm.ActivityClientController.setTaskDescription(android.os.IBinder, android.app.ActivityManager$TaskDescription),,0,null,100]
I/dvm_lock_sample(  559): [system_server,1,ActivityManager,1466,BroadcastQueueModernImpl.java,293,boolean com.android.server.am.BroadcastQueueModernImpl.lambda$new$0(android.os.Message),,0,null,100]
I/dvm_lock_sample(  559): [system_server,1,android.anim,1074,InputMonitor.java,121,void com.android.server.wm.InputMonitor$UpdateInputWindows.run(),,0,null,100]
I/dvm_lock_sample(  559): [system_server,1,android.display,580,ActivityRecord.java,1004,void com.android.server.wm.ActivityRecord$2.run(),,0,null,100]
I/pm_snapshot_rebuild(  559): [177,2330]
I/dvm_lock_sample(  559): [system_server,1,binder:559_20,136,PackageManagerService.java,1169,com.android.server.pm.Computer com.android.server.pm.PackageManagerService.snapshotComputer(boolean),-,1195,com.android.server.pm.Computer com.android.server.pm.PackageManagerService.snapshotComputer(boolean),27]
I/dvm_lock_sample(  559): [system_server,0,binder:559_15,529,ActivityManagerService.java,13459,void com.android.server.am.ActivityManagerService.serviceDoneExecuting(android.os.IBinder, int, int, int),,0,null,100]
I/dvm_lock_sample(  559): [system_server,1,binder:559_B,519,ActivityManagerService.java,13189,android.content.ComponentName com.android.server.am.ActivityManagerService.startService(android.app.IApplicationThread, android.content.Intent, java.lang.String, boolean, java.lang.String, java.lang.String, int, boolean, int, java.lang.String, java.lang.String),,0,null,100]
I/dvm_lock_sample(  559): [system_server,1,ActivityManager,580,BroadcastQueueModernImpl.java,293,boolean com.android.server.am.BroadcastQueueModernImpl.lambda$new$0(android.os.Message),,0,null,100]
I/dvm_lock_sample(  559): [system_server,1,binder:559_16,559,ActivityManagerService.java,14086,void com.android.server.am.ActivityManagerService.unregisterReceiver(android.content.IIntentReceiver),-,13195,android.content.ComponentName com.android.server.am.ActivityManagerService.startService(android.app.IApplicationThread, android.content.Intent, java.lang.String, boolean, java.lang.String, java.lang.String, int, boolean, int, java.lang.String, java.lang.String),100]
I/dvm_lock_sample(  559): [system_server,1,binder:559_F,565,ActivityManagerService.java,13269,boolean com.android.server.am.ActivityManagerService.stopServiceToken(android.content.ComponentName, android.os.IBinder, int),-,13195,android.content.ComponentName com.android.server.am.ActivityManagerService.startService(android.app.IApplicationThread, android.content.Intent, java.lang.String, boolean, java.lang.String, java.lang.String, int, boolean, int, java.lang.String, java.lang.String),100]
I/auditd  ( 6123): type=1400 audit(0.0:39): avc:  denied  { read } for  comm=".app.foundation" name="max_map_count" dev="proc" ino=64214 scontext=u:r:untrusted_app:s0:c193,c256,c512,c768 tcontext=u:object_r:proc_max_map_count:s0 tclass=file permissive=0 app=com.admin9.app.foundation
I/dvm_lock_sample(  559): [system_server,1,binder:559_8,527,ActivityManagerService.java,13403,int com.android.server.am.ActivityManagerService.bindServiceInstance(android.app.IApplicationThread, android.os.IBinder, android.content.Intent, java.lang.String, android.app.IServiceConnection, long, java.lang.String, boolean, int, java.lang.String, android.app.IApplicationThread, java.lang.String, int),,0,null,100]
I/dvm_lock_sample(  559): [system_server,1,binder:559_1A,129,ActivityManagerService.java,13189,android.content.ComponentName com.android.server.am.ActivityManagerService.startService(android.app.IApplicationThread, android.content.Intent, java.lang.String, boolean, java.lang.String, java.lang.String, int, boolean, int, java.lang.String, java.lang.String),,0,null,25]
I/dvm_lock_sample(  559): [system_server,1,ActivityManager,86,MessageQueue.java,337,android.os.Message android.os.MessageQueue.next(),-,600,boolean android.os.MessageQueue.enqueueMessage(android.os.Message, long),17]
I/dvm_lock_sample(  559): [system_server,1,binder:559_8,153,BatteryStatsService.java,3298,void com.android.server.am.BatteryStatsService.noteServiceStartLaunch(int, java.lang.String, java.lang.String),-,1205,void com.android.server.am.BatteryStatsService.noteStopWakelockFromSource(android.os.WorkSource, int, java.lang.String, java.lang.String, int),30]
I/dvm_lock_sample(  559): [system_server,1,binder:559_20,235,ActivityManagerService.java,13269,boolean com.android.server.am.ActivityManagerService.stopServiceToken(android.content.ComponentName, android.os.IBinder, int),-,13404,int com.android.server.am.ActivityManagerService.bindServiceInstance(android.app.IApplicationThread, android.os.IBinder, android.content.Intent, java.lang.String, android.app.IServiceConnection, long, java.lang.String, boolean, int, java.lang.String, android.app.IApplicationThread, java.lang.String, int),47]
I/dvm_lock_sample( 5088): [com.google.android.gms,1,main,576,:com.google.android.gms@231818044@23.18.18 (190400-535401451),1,void abnq.onServiceConnected(android.content.ComponentName, android.os.IBinder),-,15,boolean abnp.d(abno, android.content.ServiceConnection, java.lang.String, java.util.concurrent.Executor),100]
I/commit_sys_config_file(  559): [package-user-0,1160]
I/dvm_lock_sample(  559): [system_server,0,FinalizerDaemon,30,Object.java,-2,void java.lang.Object.wait(long, int),ReferenceQueue.java,274,void java.lang.ref.ReferenceQueue.enqueuePending(java.lang.ref.Reference, java.util.concurrent.atomic.AtomicInteger),6]
I/dvm_lock_sample( 5456): [com.google.android.gms.persisten,1,main,378,:com.google.android.gms@231818044@23.18.18 (190400-535401451),1,void abnq.onServiceConnected(android.content.ComponentName, android.os.IBinder),-,15,boolean abnp.d(abno, android.content.ServiceConnection, java.lang.String, java.util.concurrent.Executor),75]
I/dvm_lock_sample(  559): [system_server,1,binder:559_1F,92,ActivityManagerService.java,13189,android.content.ComponentName com.android.server.am.ActivityManagerService.startService(android.app.IApplicationThread, android.content.Intent, java.lang.String, boolean, java.lang.String, java.lang.String, int, boolean, int, java.lang.String, java.lang.String),ProcessList.java,5416,android.util.Pair com.android.server.am.ProcessList.getNumForegroundServices(),18]
I/service_manager_slow( 6123): [92,textservices]
I/dvm_lock_sample(  559): [system_server,1,binder:559_1C,233,ActivityManagerService.java,13269,boolean com.android.server.am.ActivityManagerService.stopServiceToken(android.content.ComponentName, android.os.IBinder, int),-,13195,android.content.ComponentName com.android.server.am.ActivityManagerService.startService(android.app.IApplicationThread, android.content.Intent, java.lang.String, boolean, java.lang.String, java.lang.String, int, boolean, int, java.lang.String, java.lang.String),46]
I/wm_on_create_called( 6123): [211872134,com.admin9.app.foundation.MainActivity,performCreate,4434]
I/wm_on_start_called( 6123): [211872134,com.admin9.app.foundation.MainActivity,handleStartActivity,0]
I/wm_on_resume_called( 6123): [211872134,com.admin9.app.foundation.MainActivity,RESUME_ACTIVITY,1]
I/wm_on_top_resumed_gained_called( 6123): [211872134,com.admin9.app.foundation.MainActivity,topStateChangedWhenResumed]
I/dvm_lock_sample(  559): [system_server,1,binder:559_F,101,ActivityManagerService.java,13189,android.content.ComponentName com.android.server.am.ActivityManagerService.startService(android.app.IApplicationThread, android.content.Intent, java.lang.String, boolean, java.lang.String, java.lang.String, int, boolean, int, java.lang.String, java.lang.String),-,13195,android.content.ComponentName com.android.server.am.ActivityManagerService.startService(android.app.IApplicationThread, android.content.Intent, java.lang.String, boolean, java.lang.String, java.lang.String, int, boolean, int, java.lang.String, java.lang.String),20]
I/dvm_lock_sample(  559): [system_server,0,batterystats-handler,157,MessageQueue.java,337,android.os.Message android.os.MessageQueue.next(),-,600,boolean android.os.MessageQueue.enqueueMessage(android.os.Message, long),31]
I/dvm_lock_sample(  559): [system_server,1,ActivityManager,53,BroadcastQueueModernImpl.java,293,boolean com.android.server.am.BroadcastQueueModernImpl.lambda$new$0(android.os.Message),ActivityManagerService.java,13195,android.content.ComponentName com.android.server.am.ActivityManagerService.startService(android.app.IApplicationThread, android.content.Intent, java.lang.String, boolean, java.lang.String, java.lang.String, int, boolean, int, java.lang.String, java.lang.String),10]
I/dvm_lock_sample(  559): [system_server,1,ActivityManager,236,BroadcastQueueModernImpl.java,293,boolean com.android.server.am.BroadcastQueueModernImpl.lambda$new$0(android.os.Message),ActivityManagerService.java,13404,int com.android.server.am.ActivityManagerService.bindServiceInstance(android.app.IApplicationThread, android.os.IBinder, android.content.Intent, java.lang.String, android.app.IServiceConnection, long, java.lang.String, boolean, int, java.lang.String, android.app.IApplicationThread, java.lang.String, int),47]
I/am_freeze(  559): [1675,com.google.process.gservices]
I/input_focus(  559): [Focus request 1de37d9 com.admin9.app.foundation/com.admin9.app.foundation.MainActivity,reason=UpdateInputWindows]
I/dvm_lock_sample(  559): [system_server,0,main,20,PropertyInvalidatedCache.java,1293,void android.app.PropertyInvalidatedCache$AutoCorker.handleMessage(android.os.Message),-,1289,void android.app.PropertyInvalidatedCache$AutoCorker.autoCork(),4]
I/dvm_lock_sample(  559): [system_server,1,ActivityManager,107,BroadcastQueueModernImpl.java,293,boolean com.android.server.am.BroadcastQueueModernImpl.lambda$new$0(android.os.Message),ActivityManagerService.java,13404,int com.android.server.am.ActivityManagerService.bindServiceInstance(android.app.IApplicationThread, android.os.IBinder, android.content.Intent, java.lang.String, android.app.IServiceConnection, long, java.lang.String, boolean, int, java.lang.String, android.app.IApplicationThread, java.lang.String, int),21]
I/wm_stop_activity(  559): [0,247126299,com.google.android.apps.nexuslauncher/.NexusLauncherActivity]
I/dvm_lock_sample(  559): [system_server,1,android.display,115,PowerManagerService.java,4107,void com.android.server.power.PowerManagerService.updateUidProcStateInternal(int, int),-,1633,void com.android.server.power.PowerManagerService.acquireWakeLockInternal(android.os.IBinder, int, int, java.lang.String, java.lang.String, android.os.WorkSource, java.lang.String, int, int, android.os.IWakeLockCallback),23]
I/wm_on_stop_called( 1070): [247126299,com.google.android.apps.nexuslauncher.NexusLauncherActivity,STOP_ACTIVITY_ITEM,50]
I/service_manager_slow( 5456): [83,virtualdevice]
I/dvm_lock_sample(  559): [system_server,1,android.ui,260,BroadcastQueueModernImpl.java,1604,void com.android.server.am.BroadcastQueueModernImpl$1.onUidStateChanged(int, int, long, int),,0,null,52]
I/dvm_lock_sample(  559): [system_server,0,android.perm,187,ActivityManagerService.java,13425,boolean com.android.server.am.ActivityManagerService.unbindService(android.app.IServiceConnection),,0,null,37]
I/dvm_lock_sample(  559): [system_server,1,binder:559_9,770,ActivityManagerService.java,13425,boolean com.android.server.am.ActivityManagerService.unbindService(android.app.IServiceConnection),-,13404,int com.android.server.am.ActivityManagerService.bindServiceInstance(android.app.IApplicationThread, android.os.IBinder, android.content.Intent, java.lang.String, android.app.IServiceConnection, long, java.lang.String, boolean, int, java.lang.String, android.app.IApplicationThread, java.lang.String, int),100]
I/am_compact(  559): [1675,com.google.process.gservices,ANON,79576,50328,28516,20696,-3988,0,-3988,3948,1616,SOME,0,905,19,93956,-64]
I/dvm_lock_sample(  559): [system_server,1,binder:559_13,57,PropertyInvalidatedCache.java,1272,void android.app.PropertyInvalidatedCache$AutoCorker.autoCork(),-,1319,void android.app.PropertyInvalidatedCache$AutoCorker.handleMessage(android.os.Message),11]
I/dvm_lock_sample( 5456): [com.google.android.gms.persisten,1,main,278,:com.google.android.gms@231818044@23.18.18 (190400-535401451),1,void abnq.onServiceConnected(android.content.ComponentName, android.os.IBinder),-,15,boolean abnp.d(abno, android.content.ServiceConnection, java.lang.String, java.util.concurrent.Executor),55]
I/am_pss  (  559): [6123,10193,com.admin9.app.foundation,77735936,70983680,631808,169189376,0,2,30]
I/dvm_lock_sample(  559): [system_server,1,binder:559_1D,20,PermissionManagerServiceImpl.java,972,int com.android.server.pm.permission.PermissionManagerServiceImpl.checkPermissionInternal(com.android.server.pm.pkg.AndroidPackage, boolean, java.lang.String, int),-,879,void com.android.server.pm.permission.PermissionManagerServiceImpl.updatePermissionFlagsInternal(java.lang.String, java.lang.String, int, int, int, int, boolean, com.android.server.pm.permission.PermissionManagerServiceImpl$PermissionCallback),4]
I/am_foreground_service_start(  559): [0,com.google.android.apps.wellbeing/com.google.apps.tiktok.concurrent.InternalForegroundService,1,BACKGROUND_ACTIVITY_PERMISSION,33,33,0,0,0,1,UNKNOWN,0]
I/am_foreground_service_stop(  559): [0,com.google.android.apps.wellbeing/com.google.apps.tiktok.concurrent.InternalForegroundService,1,BACKGROUND_ACTIVITY_PERMISSION,33,33,1,0,14,1,STOP_FOREGROUND,0]
I/dvm_lock_sample(  559): [system_server,1,ActivityManager,48,BroadcastQueueModernImpl.java,293,boolean com.android.server.am.BroadcastQueueModernImpl.lambda$new$0(android.os.Message),ActivityManagerService.java,13426,boolean com.android.server.am.ActivityManagerService.unbindService(android.app.IServiceConnection),9]
I/am_kill (  559): [0,1695,com.google.android.settings.intelligence,975,empty #17]
I/am_proc_died(  559): [0,1695,com.google.android.settings.intelligence,975,19]
I/am_uid_stopped(  559): 10128
I/am_pss  (  559): [6123,10193,com.admin9.app.foundation,78074880,71225344,660480,169422848,0,2,123]
I/am_pss  (  559): [6104,10091,com.google.android.packageinstaller,7355392,4419584,599040,75792384,0,19,14]
I/am_pss  (  559): [1675,10127,com.google.process.gservices,9276416,131072,6147072,79446016,0,19,3]
I/am_freeze(  559): [1353,com.google.android.permissioncontroller]
I/am_compact(  559): [1353,com.google.android.permissioncontroller,ANON,100952,70080,30068,21852,-6192,0,-6192,6056,954,FULL,635325,905,19,90400,-192]
I/am_freeze(  559): [5088,com.google.android.gms]
I/am_compact(  559): [5088,com.google.android.gms,ANON,182896,140004,41280,23352,-17972,0,-17972,17804,3087,FULL,780981,905,19,90592,-3812]
I/jank_cuj_events_begin_request(  788): [39,1787495610591564000,890147826007,890147826173,]
I/sysui_multi_action(  559): [319,3358,321,2905,322,61847,325,828,757,761,758,7,759,1,806,com.admin9.app.foundation,871,com.admin9.app.foundation.MainActivity,904,com.android.shell,905,0,945,6804,1320,4,1321,4]
I/dvm_lock_sample(  559): [system_server,0,binder:559_F,199,ActivityClientController.java,164,void com.android.server.wm.ActivityClientController.activityIdle(android.os.IBinder, android.content.res.Configuration, boolean),WindowSurfacePlacer.java,58,void com.android.server.wm.WindowSurfacePlacer$Traverser.run(),39]
I/wm_activity_launch_time(  559): [0,211872134,com.admin9.app.foundation/.MainActivity,61847]
I/sysui_multi_action(  559): [324,0,757,1090,758,12,806,com.admin9.app.foundation,871,com.admin9.app.foundation.MainActivity,1091,61847]
I/input_focus(  559): [Focus entering 1de37d9 com.admin9.app.foundation/com.admin9.app.foundation.MainActivity (server),reason=Window became focusable. Previous reason: NOT_VISIBLE]
I/dvm_lock_sample(  559): [system_server,1,android.display,304,WindowManagerService.java,5523,void com.android.server.wm.WindowManagerService$H.handleMessage(android.os.Message),WindowSurfacePlacer.java,58,void com.android.server.wm.WindowSurfacePlacer$Traverser.run(),60]
I/am_kill (  559): [0,5650,com.google.android.rkpdapp,985,empty #17]
I/jank_cuj_events_end_request(  788): [39,1787495611370389000,890926651840,890926652007]
I/dvm_lock_sample(  559): [system_server,1,android.anim,335,WindowSurfacePlacer.java,56,void com.android.server.wm.WindowSurfacePlacer$Traverser.run(),WindowManagerService.java,7929,void com.android.server.wm.WindowManagerService$LocalService.updateInputMethodTargetWindow(android.os.IBinder, android.os.IBinder),67]
