--------- beginning of main
08-23 22:32:34.089  6123  6123 I .app.foundation: Using CollectorTypeCC GC.
08-23 22:32:34.223  6123  6123 E .app.foundation: Not starting debugger since process cannot load the jdwp agent.
08-23 22:32:35.809  6123  6123 D CompatibilityChangeReporter: Compat change id reported: 171979766; UID 10193; state: ENABLED
08-23 22:32:35.809  6123  6123 D CompatibilityChangeReporter: Compat change id reported: 242716250; UID 10193; state: ENABLED
08-23 22:32:35.894  6123  6123 D ApplicationLoaders: Returning zygote-cached class loader: /system_ext/framework/androidx.window.extensions.jar
08-23 22:32:35.894  6123  6123 D ApplicationLoaders: Returning zygote-cached class loader: /system_ext/framework/androidx.window.sidecar.jar
08-23 22:32:35.966  6123  6123 D nativeloader: Configuring clns-6 for other apk /data/app/~~RCMs4LZPglJd09a3yyx5mw==/com.admin9.app.foundation-UIH7Livk1JgOf_H9OZfVnA==/base.apk. target_sdk_version=36, uses_libraries=, library_path=/data/app/~~RCMs4LZPglJd09a3yyx5mw==/com.admin9.app.foundation-UIH7Livk1JgOf_H9OZfVnA==/lib/arm64:/data/app/~~RCMs4LZPglJd09a3yyx5mw==/com.admin9.app.foundation-UIH7Livk1JgOf_H9OZfVnA==/base.apk!/lib/arm64-v8a, permitted_path=/data:/mnt/expand:/data/user/0/com.admin9.app.foundation
08-23 22:32:36.411  6123  6123 V GraphicsEnvironment: Currently set values for:
08-23 22:32:36.419  6123  6123 V GraphicsEnvironment:   angle_gl_driver_selection_pkgs=[]
08-23 22:32:36.419  6123  6123 V GraphicsEnvironment:   angle_gl_driver_selection_values=[]
08-23 22:32:36.422  6123  6123 V GraphicsEnvironment: ANGLE GameManagerService for com.admin9.app.foundation: false
08-23 22:32:36.422  6123  6123 V GraphicsEnvironment: com.admin9.app.foundation is not listed in per-application setting
08-23 22:32:36.422  6123  6123 V GraphicsEnvironment: Neither updatable production driver nor prerelease driver is supported.
08-23 22:32:37.225  6123  6143 D libEGL  : loaded /vendor/lib64/egl/libEGL_emulation.so
08-23 22:32:37.238  6123  6143 D libEGL  : loaded /vendor/lib64/egl/libGLESv1_CM_emulation.so
08-23 22:32:37.254  6123  6143 D libEGL  : loaded /vendor/lib64/egl/libGLESv2_emulation.so
08-23 22:32:41.071  6123  6160 D skia    : [SkFontMgr Android Parser] '/product/etc/fonts_customization.xml' could not be opened
08-23 22:32:41.484  6123  6123 W .app.foundation: type=1400 audit(0.0:39): avc:  denied  { read } for  name="max_map_count" dev="proc" ino=64214 scontext=u:r:untrusted_app:s0:c193,c256,c512,c768 tcontext=u:object_r:proc_max_map_count:s0 tclass=file permissive=0 app=com.admin9.app.foundation
08-23 22:32:43.768  6123  6123 D CompatibilityChangeReporter: Compat change id reported: 237531167; UID 10193; state: DISABLED
08-23 22:32:43.812  6123  6123 W OpenGLRenderer: Unknown dataspace 0
08-23 22:32:44.486  6123  6165 I flutter : [IMPORTANT:flutter/shell/platform/android/android_context_gl_impeller.cc(104)] Using the Impeller rendering backend (OpenGLES).
08-23 22:32:45.465  6123  6123 I Choreographer: Skipped 531 frames!  The application may be doing too much work on its main thread.
08-23 22:32:46.279  6123  6142 W OpenGLRenderer: Failed to choose config with EGL_SWAP_BEHAVIOR_PRESERVED, retrying without...
08-23 22:32:46.311  6123  6142 W OpenGLRenderer: Failed to initialize 101010-2 format, error = EGL_SUCCESS
08-23 22:32:46.332  6123  6165 I Gralloc4: mapper 4.x is not supported
08-23 22:32:46.812  6123  6142 E OpenGLRenderer: Unable to match the desired swap behavior.
08-23 22:33:10.443  6123  6131 I .app.foundation: Background concurrent copying GC freed 26380(1191KB) AllocSpace objects, 0(0B) LOS objects, 49% free, 2310KB/4620KB, paused 58us,9us total 3.085s
08-23 22:33:29.092  6123  6123 I Choreographer: Skipped 2611 frames!  The application may be doing too much work on its main thread.
08-23 22:33:29.214  6123  6259 D ProfileInstaller: Installing profile for com.admin9.app.foundation
